<html>
<body>
<pre>
<h1>µVision Build Log</h1>
<h2>Tool Versions:</h2>
IDE-Version: µVision V5.26.2.0
Copyright (C) 2018 ARM Ltd and ARM Germany GmbH. All rights reserved.
License Information: 0 AutoBVT, Microsoft, LIC=R4HLQ-N0ZC8-RDRK3-ADKD6-3ETBA-ECHDY
 
Tool Versions:
Toolchain:       MDK-ARM Professional  Version: 5.26.2.0
Toolchain Path:  d:\Keil_v5\ARM\ARMCC\Bin
C Compiler:      Armcc.exe V5.06 update 6 (build 750)
Assembler:       Armasm.exe V5.06 update 6 (build 750)
Linker/Locator:  ArmLink.exe V5.06 update 6 (build 750)
Library Manager: ArmAr.exe V5.06 update 6 (build 750)
Hex Converter:   FromElf.exe V5.06 update 6 (build 750)
CPU DLL:         SARMCM3.DLL V5.26.2.0
Dialog DLL:      DARMSTM.DLL V1.68.0.0
Target DLL:      STLink\ST-LINKIII-KEIL_SWO.dll V3.0.5.0
Dialog DLL:      TARMSTM.DLL V1.66.0.0
 
<h2>Project:</h2>
F:\EmbededData\DongFangqing\STM32F103_InfraredThermometer_ V0.0_20200401\github\04_MDK-ARM\STM32F103_MDK.uvprojx
Project File Date:  04/24/2020

<h2>Output:</h2>
*** Using Compiler 'V5.06 update 6 (build 750)', folder: 'd:\Keil_v5\ARM\ARMCC\Bin'
Build target 'Target 1'
compiling GPIO.c...
..\02_USER\USER_INC\global.h(400): warning:  #1295-D: Deprecated declaration SMBus_Init - give arg types
  void SMBus_Init();
..\02_USER\USER_INC\global.h(430): warning:  #1295-D: Deprecated declaration BspInit - give arg types
  static void BspInit();
..\02_USER\USER_INC\global.h(436): warning:  #1295-D: Deprecated declaration ButtonTask - give arg types
  void ButtonTask();
..\02_USER\USER_SRC\GPIO.c(99): warning:  #177-D: function "nvicExti"  was declared but never referenced
  static void nvicExti(void)
..\02_USER\USER_SRC\GPIO.c: 4 warnings, 0 errors
compiling stm32f10x_it.c...
..\02_USER\USER_INC\global.h(400): warning:  #1295-D: Deprecated declaration SMBus_Init - give arg types
  void SMBus_Init();
..\02_USER\USER_INC\global.h(430): warning:  #1295-D: Deprecated declaration BspInit - give arg types
  static void BspInit();
..\02_USER\USER_INC\global.h(436): warning:  #1295-D: Deprecated declaration ButtonTask - give arg types
  void ButtonTask();
..\02_USER\USER_SRC\stm32f10x_it.c: 3 warnings, 0 errors
compiling main.c...
..\02_USER\USER_INC\global.h(400): warning:  #1295-D: Deprecated declaration SMBus_Init - give arg types
  void SMBus_Init();
..\02_USER\USER_INC\global.h(430): warning:  #1295-D: Deprecated declaration BspInit - give arg types
  static void BspInit();
..\02_USER\USER_INC\global.h(436): warning:  #1295-D: Deprecated declaration ButtonTask - give arg types
  void ButtonTask();
..\02_USER\USER_INC\BspI2C.h(70): warning:  #1-D: last line of file ends without a newline
  #endif
..\02_USER\main.c(60): warning:  #1-D: last line of file ends without a newline
  }
..\02_USER\main.c: 5 warnings, 0 errors
compiling BspButton.c...
..\02_USER\USER_INC\global.h(400): warning:  #1295-D: Deprecated declaration SMBus_Init - give arg types
  void SMBus_Init();
..\02_USER\USER_INC\global.h(430): warning:  #1295-D: Deprecated declaration BspInit - give arg types
  static void BspInit();
..\02_USER\USER_INC\global.h(436): warning:  #1295-D: Deprecated declaration ButtonTask - give arg types
  void ButtonTask();
..\02_USER\USER_SRC\BspButton.c: 3 warnings, 0 errors
compiling BspUsart.c...
..\02_USER\USER_INC\global.h(400): warning:  #1295-D: Deprecated declaration SMBus_Init - give arg types
  void SMBus_Init();
..\02_USER\USER_INC\global.h(430): warning:  #1295-D: Deprecated declaration BspInit - give arg types
  static void BspInit();
..\02_USER\USER_INC\global.h(436): warning:  #1295-D: Deprecated declaration ButtonTask - give arg types
  void ButtonTask();
..\02_USER\USER_SRC\BspUsart.c: 3 warnings, 0 errors
compiling BspTimer.c...
..\02_USER\USER_INC\global.h(400): warning:  #1295-D: Deprecated declaration SMBus_Init - give arg types
  void SMBus_Init();
..\02_USER\USER_INC\global.h(430): warning:  #1295-D: Deprecated declaration BspInit - give arg types
  static void BspInit();
..\02_USER\USER_INC\global.h(436): warning:  #1295-D: Deprecated declaration ButtonTask - give arg types
  void ButtonTask();
..\02_USER\USER_SRC\BspTimer.c: 3 warnings, 0 errors
compiling BspOLED.c...
..\02_USER\USER_INC\global.h(400): warning:  #1295-D: Deprecated declaration SMBus_Init - give arg types
  void SMBus_Init();
..\02_USER\USER_INC\global.h(430): warning:  #1295-D: Deprecated declaration BspInit - give arg types
  static void BspInit();
..\02_USER\USER_INC\global.h(436): warning:  #1295-D: Deprecated declaration ButtonTask - give arg types
  void ButtonTask();
..\02_USER\USER_SRC\BspOLED.c(391): warning:  #1-D: last line of file ends without a newline
  } 
..\02_USER\USER_SRC\BspOLED.c: 4 warnings, 0 errors
compiling BspSystick.c...
..\02_USER\USER_INC\global.h(400): warning:  #1295-D: Deprecated declaration SMBus_Init - give arg types
  void SMBus_Init();
..\02_USER\USER_INC\global.h(430): warning:  #1295-D: Deprecated declaration BspInit - give arg types
  static void BspInit();
..\02_USER\USER_INC\global.h(436): warning:  #1295-D: Deprecated declaration ButtonTask - give arg types
  void ButtonTask();
..\02_USER\USER_SRC\BspSystick.c: 3 warnings, 0 errors
compiling BspMLX90614.c...
..\02_USER\USER_INC\global.h(400): warning:  #1295-D: Deprecated declaration SMBus_Init - give arg types
  void SMBus_Init();
..\02_USER\USER_INC\global.h(430): warning:  #1295-D: Deprecated declaration BspInit - give arg types
  static void BspInit();
..\02_USER\USER_INC\global.h(436): warning:  #1295-D: Deprecated declaration ButtonTask - give arg types
  void ButtonTask();
..\02_USER\USER_SRC\BspMLX90614.c: 3 warnings, 0 errors
compiling system.c...
..\02_USER\USER_INC\global.h(400): warning:  #1295-D: Deprecated declaration SMBus_Init - give arg types
  void SMBus_Init();
..\02_USER\USER_INC\global.h(430): warning:  #1295-D: Deprecated declaration BspInit - give arg types
  static void BspInit();
..\02_USER\USER_INC\global.h(436): warning:  #1295-D: Deprecated declaration ButtonTask - give arg types
  void ButtonTask();
..\02_USER\USER_SRC\system.c: 3 warnings, 0 errors
compiling BspIWDG.c...
..\02_USER\USER_INC\global.h(400): warning:  #1295-D: Deprecated declaration SMBus_Init - give arg types
  void SMBus_Init();
..\02_USER\USER_INC\global.h(430): warning:  #1295-D: Deprecated declaration BspInit - give arg types
  static void BspInit();
..\02_USER\USER_INC\global.h(436): warning:  #1295-D: Deprecated declaration ButtonTask - give arg types
  void ButtonTask();
..\02_USER\USER_SRC\BspIWDG.c(19): warning:  #1-D: last line of file ends without a newline
  }
..\02_USER\USER_SRC\BspIWDG.c: 4 warnings, 0 errors
compiling BspADC.c...
..\02_USER\USER_INC\global.h(400): warning:  #1295-D: Deprecated declaration SMBus_Init - give arg types
  void SMBus_Init();
..\02_USER\USER_INC\global.h(430): warning:  #1295-D: Deprecated declaration BspInit - give arg types
  static void BspInit();
..\02_USER\USER_INC\global.h(436): warning:  #1295-D: Deprecated declaration ButtonTask - give arg types
  void ButtonTask();
..\02_USER\USER_SRC\BspADC.c(150): warning:  #940-D: missing return statement at end of non-void function "GetVoltageValue" 
  }
..\02_USER\USER_SRC\BspADC.c(146): warning:  #550-D: variable "fValue"  was set but never used
        float fValue;
..\02_USER\USER_SRC\BspADC.c(177): warning:  #1-D: last line of file ends without a newline
  */
..\02_USER\USER_SRC\BspADC.c: 6 warnings, 0 errors
compiling BspFlash.c...
..\02_USER\USER_INC\global.h(400): warning:  #1295-D: Deprecated declaration SMBus_Init - give arg types
  void SMBus_Init();
..\02_USER\USER_INC\global.h(430): warning:  #1295-D: Deprecated declaration BspInit - give arg types
  static void BspInit();
..\02_USER\USER_INC\global.h(436): warning:  #1295-D: Deprecated declaration ButtonTask - give arg types
  void ButtonTask();
..\02_USER\USER_SRC\BspFlash.c: 3 warnings, 0 errors
compiling BspPower.c...
..\02_USER\USER_INC\global.h(400): warning:  #1295-D: Deprecated declaration SMBus_Init - give arg types
  void SMBus_Init();
..\02_USER\USER_INC\global.h(430): warning:  #1295-D: Deprecated declaration BspInit - give arg types
  static void BspInit();
..\02_USER\USER_INC\global.h(436): warning:  #1295-D: Deprecated declaration ButtonTask - give arg types
  void ButtonTask();
..\02_USER\USER_SRC\BspPower.c: 3 warnings, 0 errors
compiling BspI2C.c...
..\02_USER\USER_INC\global.h(400): warning:  #1295-D: Deprecated declaration SMBus_Init - give arg types
  void SMBus_Init();
..\02_USER\USER_INC\global.h(430): warning:  #1295-D: Deprecated declaration BspInit - give arg types
  static void BspInit();
..\02_USER\USER_INC\global.h(436): warning:  #1295-D: Deprecated declaration ButtonTask - give arg types
  void ButtonTask();
..\02_USER\USER_INC\BspI2c.h(70): warning:  #1-D: last line of file ends without a newline
  #endif
..\02_USER\USER_SRC\BspI2C.c(400): warning:  #1-D: last line of file ends without a newline
  #endif
..\02_USER\USER_SRC\BspI2C.c: 5 warnings, 0 errors
compiling BspLED.c...
..\02_USER\USER_INC\global.h(400): warning:  #1295-D: Deprecated declaration SMBus_Init - give arg types
  void SMBus_Init();
..\02_USER\USER_INC\global.h(430): warning:  #1295-D: Deprecated declaration BspInit - give arg types
  static void BspInit();
..\02_USER\USER_INC\global.h(436): warning:  #1295-D: Deprecated declaration ButtonTask - give arg types
  void ButtonTask();
..\02_USER\USER_SRC\BspLED.c(40): warning:  #1-D: last line of file ends without a newline
  }
..\02_USER\USER_SRC\BspLED.c: 4 warnings, 0 errors
linking...
Program Size: Code=16238 RO-data=2586 RW-data=1148 ZI-data=1684  
FromELF: creating hex file...
".\Objects\STM32F103_MDK.axf" - 0 Error(s), 59 Warning(s).

<h2>Software Packages used:</h2>

Package Vendor: Keil
                http://www.keil.com/pack/Keil.STM32F1xx_DFP.1.0.5.pack
                Keil.STM32F1xx_DFP.1.0.5
                STMicroelectronics STM32F1 Series Device Support, Drivers and Examples

<h2>Collection of Component include folders:</h2>
  .\RTE\_Target_1
  D:\Keil_v5\ARM\PACK\Keil\STM32F1xx_DFP\1.0.5\Device\Include

<h2>Collection of Component Files used:</h2>
Build Time Elapsed:  00:01:01
</pre>
</body>
</html>
