Component: ARM Compiler 5.06 update 6 (build 750) Tool: armlink [4d35ed]

==============================================================================

Section Cross References

    startup_stm32f10x_hd.o(STACK) refers (Special) to heapauxi.o(.text) for __use_two_region_memory
    startup_stm32f10x_hd.o(HEAP) refers (Special) to heapauxi.o(.text) for __use_two_region_memory
    startup_stm32f10x_hd.o(RESET) refers (Special) to heapauxi.o(.text) for __use_two_region_memory
    startup_stm32f10x_hd.o(RESET) refers to startup_stm32f10x_hd.o(STACK) for __initial_sp
    startup_stm32f10x_hd.o(RESET) refers to startup_stm32f10x_hd.o(.text) for Reset_Handler
    startup_stm32f10x_hd.o(RESET) refers to stm32f10x_it.o(i.NMI_Handler) for NMI_Handler
    startup_stm32f10x_hd.o(RESET) refers to stm32f10x_it.o(i.HardFault_Handler) for HardFault_Handler
    startup_stm32f10x_hd.o(RESET) refers to stm32f10x_it.o(i.MemManage_Handler) for MemManage_Handler
    startup_stm32f10x_hd.o(RESET) refers to stm32f10x_it.o(i.BusFault_Handler) for BusFault_Handler
    startup_stm32f10x_hd.o(RESET) refers to stm32f10x_it.o(i.UsageFault_Handler) for UsageFault_Handler
    startup_stm32f10x_hd.o(RESET) refers to stm32f10x_it.o(i.SVC_Handler) for SVC_Handler
    startup_stm32f10x_hd.o(RESET) refers to stm32f10x_it.o(i.DebugMon_Handler) for DebugMon_Handler
    startup_stm32f10x_hd.o(RESET) refers to stm32f10x_it.o(i.PendSV_Handler) for PendSV_Handler
    startup_stm32f10x_hd.o(RESET) refers to bsprtc.o(i.RTC_IRQHandler) for RTC_IRQHandler
    startup_stm32f10x_hd.o(RESET) refers to bspexti.o(i.EXTI0_IRQHandler) for EXTI0_IRQHandler
    startup_stm32f10x_hd.o(RESET) refers to bspexti.o(i.EXTI2_IRQHandler) for EXTI2_IRQHandler
    startup_stm32f10x_hd.o(RESET) refers to bspexti.o(i.EXTI3_IRQHandler) for EXTI3_IRQHandler
    startup_stm32f10x_hd.o(RESET) refers to bspexti.o(i.EXTI4_IRQHandler) for EXTI4_IRQHandler
    startup_stm32f10x_hd.o(RESET) refers to bspgeneraltim.o(i.TIM2_IRQHandler) for TIM2_IRQHandler
    startup_stm32f10x_hd.o(RESET) refers to bspusart232.o(i.USART1_IRQHandler) for USART1_IRQHandler
    startup_stm32f10x_hd.o(.text) refers (Special) to heapauxi.o(.text) for __use_two_region_memory
    startup_stm32f10x_hd.o(.text) refers to system_stm32f10x.o(i.SystemInit) for SystemInit
    startup_stm32f10x_hd.o(.text) refers to __main.o(!!!main) for __main
    startup_stm32f10x_hd.o(.text) refers to startup_stm32f10x_hd.o(HEAP) for Heap_Mem
    startup_stm32f10x_hd.o(.text) refers to startup_stm32f10x_hd.o(STACK) for Stack_Mem
    system_stm32f10x.o(i.SetSysClock) refers to system_stm32f10x.o(i.SetSysClockTo72) for SetSysClockTo72
    system_stm32f10x.o(i.SystemCoreClockUpdate) refers to system_stm32f10x.o(.data) for SystemCoreClock
    system_stm32f10x.o(i.SystemInit) refers to system_stm32f10x.o(i.SetSysClock) for SetSysClock
    stm32f10x_adc.o(i.ADC_DeInit) refers to stm32f10x_rcc.o(i.RCC_APB2PeriphResetCmd) for RCC_APB2PeriphResetCmd
    stm32f10x_gpio.o(i.GPIO_AFIODeInit) refers to stm32f10x_rcc.o(i.RCC_APB2PeriphResetCmd) for RCC_APB2PeriphResetCmd
    stm32f10x_gpio.o(i.GPIO_DeInit) refers to stm32f10x_rcc.o(i.RCC_APB2PeriphResetCmd) for RCC_APB2PeriphResetCmd
    stm32f10x_tim.o(i.TIM_DeInit) refers to stm32f10x_rcc.o(i.RCC_APB2PeriphResetCmd) for RCC_APB2PeriphResetCmd
    stm32f10x_tim.o(i.TIM_DeInit) refers to stm32f10x_rcc.o(i.RCC_APB1PeriphResetCmd) for RCC_APB1PeriphResetCmd
    stm32f10x_tim.o(i.TIM_ETRClockMode1Config) refers to stm32f10x_tim.o(i.TIM_ETRConfig) for TIM_ETRConfig
    stm32f10x_tim.o(i.TIM_ETRClockMode2Config) refers to stm32f10x_tim.o(i.TIM_ETRConfig) for TIM_ETRConfig
    stm32f10x_tim.o(i.TIM_ICInit) refers to stm32f10x_tim.o(i.TI1_Config) for TI1_Config
    stm32f10x_tim.o(i.TIM_ICInit) refers to stm32f10x_tim.o(i.TIM_SetIC1Prescaler) for TIM_SetIC1Prescaler
    stm32f10x_tim.o(i.TIM_ICInit) refers to stm32f10x_tim.o(i.TI2_Config) for TI2_Config
    stm32f10x_tim.o(i.TIM_ICInit) refers to stm32f10x_tim.o(i.TIM_SetIC2Prescaler) for TIM_SetIC2Prescaler
    stm32f10x_tim.o(i.TIM_ICInit) refers to stm32f10x_tim.o(i.TI3_Config) for TI3_Config
    stm32f10x_tim.o(i.TIM_ICInit) refers to stm32f10x_tim.o(i.TIM_SetIC3Prescaler) for TIM_SetIC3Prescaler
    stm32f10x_tim.o(i.TIM_ICInit) refers to stm32f10x_tim.o(i.TI4_Config) for TI4_Config
    stm32f10x_tim.o(i.TIM_ICInit) refers to stm32f10x_tim.o(i.TIM_SetIC4Prescaler) for TIM_SetIC4Prescaler
    stm32f10x_tim.o(i.TIM_ITRxExternalClockConfig) refers to stm32f10x_tim.o(i.TIM_SelectInputTrigger) for TIM_SelectInputTrigger
    stm32f10x_tim.o(i.TIM_PWMIConfig) refers to stm32f10x_tim.o(i.TI1_Config) for TI1_Config
    stm32f10x_tim.o(i.TIM_PWMIConfig) refers to stm32f10x_tim.o(i.TIM_SetIC1Prescaler) for TIM_SetIC1Prescaler
    stm32f10x_tim.o(i.TIM_PWMIConfig) refers to stm32f10x_tim.o(i.TI2_Config) for TI2_Config
    stm32f10x_tim.o(i.TIM_PWMIConfig) refers to stm32f10x_tim.o(i.TIM_SetIC2Prescaler) for TIM_SetIC2Prescaler
[...]
    .ARM.Collect$$libinit$$00000030          0x080001b6   Section        0  libinit2.o(.ARM.Collect$$libinit$$00000030)
    .ARM.Collect$$libinit$$00000032          0x080001b6   Section        0  libinit2.o(.ARM.Collect$$libinit$$00000032)
    .ARM.Collect$$libinit$$00000033          0x080001b6   Section        2  libinit2.o(.ARM.Collect$$libinit$$00000033)
    .ARM.Collect$$libshutdown$$00000000      0x080001b8   Section        2  libshutdown.o(.ARM.Collect$$libshutdown$$00000000)
    .ARM.Collect$$libshutdown$$00000002      0x080001ba   Section        0  libshutdown2.o(.ARM.Collect$$libshutdown$$00000002)
    .ARM.Collect$$libshutdown$$00000004      0x080001ba   Section        0  libshutdown2.o(.ARM.Collect$$libshutdown$$00000004)
    .ARM.Collect$$libshutdown$$00000007      0x080001ba   Section        0  libshutdown2.o(.ARM.Collect$$libshutdown$$00000007)
    .ARM.Collect$$libshutdown$$0000000A      0x080001ba   Section        0  libshutdown2.o(.ARM.Collect$$libshutdown$$0000000A)
    .ARM.Collect$$libshutdown$$0000000C      0x080001ba   Section        0  libshutdown2.o(.ARM.Collect$$libshutdown$$0000000C)
    .ARM.Collect$$libshutdown$$0000000F      0x080001ba   Section        0  libshutdown2.o(.ARM.Collect$$libshutdown$$0000000F)
    .ARM.Collect$$libshutdown$$00000010      0x080001ba   Section        2  libshutdown2.o(.ARM.Collect$$libshutdown$$00000010)
    .ARM.Collect$$rtentry$$00000000          0x080001bc   Section        0  __rtentry.o(.ARM.Collect$$rtentry$$00000000)
    .ARM.Collect$$rtentry$$00000002          0x080001bc   Section        0  __rtentry2.o(.ARM.Collect$$rtentry$$00000002)
    .ARM.Collect$$rtentry$$00000004          0x080001bc   Section        6  __rtentry4.o(.ARM.Collect$$rtentry$$00000004)
    .ARM.Collect$$rtentry$$00000009          0x080001c2   Section        0  __rtentry2.o(.ARM.Collect$$rtentry$$00000009)
    .ARM.Collect$$rtentry$$0000000A          0x080001c2   Section        4  __rtentry2.o(.ARM.Collect$$rtentry$$0000000A)
    .ARM.Collect$$rtentry$$0000000C          0x080001c6   Section        0  __rtentry2.o(.ARM.Collect$$rtentry$$0000000C)
    .ARM.Collect$$rtentry$$0000000D          0x080001c6   Section        8  __rtentry2.o(.ARM.Collect$$rtentry$$0000000D)
    .ARM.Collect$$rtexit$$00000000           0x080001ce   Section        2  rtexit.o(.ARM.Collect$$rtexit$$00000000)
    .ARM.Collect$$rtexit$$00000002           0x080001d0   Section        0  rtexit2.o(.ARM.Collect$$rtexit$$00000002)
    .ARM.Collect$$rtexit$$00000003           0x080001d0   Section        4  rtexit2.o(.ARM.Collect$$rtexit$$00000003)
    .ARM.Collect$$rtexit$$00000004           0x080001d4   Section        6  rtexit2.o(.ARM.Collect$$rtexit$$00000004)
    .text                                    0x080001dc   Section       64  startup_stm32f10x_hd.o(.text)
    .text                                    0x0800021c   Section        2  use_no_semi_2.o(.text)
    .text                                    0x08000220   Section        0  noretval__2printf.o(.text)
    .text                                    0x08000238   Section        0  __printf.o(.text)
    .text                                    0x080002a0   Section        0  _printf_dec.o(.text)
    .text                                    0x08000318   Section        0  _printf_hex_int.o(.text)
    .text                                    0x08000370   Section        0  heapauxi.o(.text)
    .text                                    0x08000376   Section        2  use_no_semi.o(.text)
    .text                                    0x08000378   Section        0  _printf_intcommon.o(.text)
    .text                                    0x0800042c   Section        0  _printf_char_file.o(.text)
    .text                                    0x08000450   Section        0  _printf_char_common.o(.text)
    _printf_input_char                       0x08000451   Thumb Code    10  _printf_char_common.o(.text)
    .text                                    0x08000480   Section        0  ferror.o(.text)
    .text                                    0x08000488   Section       74  sys_stackheap_outer.o(.text)
    .text                                    0x080004d2   Section        0  exit.o(.text)
    .text                                    0x080004e4   Section        8  libspace.o(.text)
    i.ADC_Cmd                                0x080004ec   Section        0  stm32f10x_adc.o(i.ADC_Cmd)
    i.ADC_DeInit                             0x08000504   Section        0  stm32f10x_adc.o(i.ADC_DeInit)
    i.ADC_GetCalibrationStatus               0x08000560   Section        0  stm32f10x_adc.o(i.ADC_GetCalibrationStatus)
    i.ADC_GetResetCalibrationStatus          0x08000574   Section        0  stm32f10x_adc.o(i.ADC_GetResetCalibrationStatus)
    i.ADC_Init                               0x08000588   Section        0  stm32f10x_adc.o(i.ADC_Init)
    i.ADC_ResetCalibration                   0x080005d8   Section        0  stm32f10x_adc.o(i.ADC_ResetCalibration)
    i.ADC_StartCalibration                   0x080005e2   Section        0  stm32f10x_adc.o(i.ADC_StartCalibration)
    i.ADC_TempSensorVrefintCmd               0x080005ec   Section        0  stm32f10x_adc.o(i.ADC_TempSensorVrefintCmd)
    i.AT24CXX_Init                           0x08000610   Section        0  bspat24cxx.o(i.AT24CXX_Init)
    i.AdcConfig                              0x08000618   Section        0  bspadc.o(i.AdcConfig)
    i.AdcxGPIOConfig                         0x08000624   Section        0  bspadc.o(i.AdcxGPIOConfig)
    AdcxGPIOConfig                           0x08000625   Thumb Code    38  bspadc.o(i.AdcxGPIOConfig)
    i.AdcxModeConfig                         0x08000650   Section        0  bspadc.o(i.AdcxModeConfig)
    AdcxModeConfig                           0x08000651   Thumb Code   112  bspadc.o(i.AdcxModeConfig)
    i.BKP_DeInit                             0x080006c4   Section        0  stm32f10x_bkp.o(i.BKP_DeInit)
    i.BKP_ReadBackupRegister                 0x080006d4   Section        0  stm32f10x_bkp.o(i.BKP_ReadBackupRegister)
    i.BKP_WriteBackupRegister                0x080006f0   Section        0  stm32f10x_bkp.o(i.BKP_WriteBackupRegister)
    i.BspInit                                0x0800070c   Section        0  main.o(i.BspInit)
    BspInit                                  0x0800070d   Thumb Code    54  main.o(i.BspInit)
    i.BusFault_Handler                       0x08000742   Section        0  stm32f10x_it.o(i.BusFault_Handler)
    i.ButtonConfig                           0x08000748   Section        0  bspbutton.o(i.ButtonConfig)
    i.ButtonScan                             0x0800078c   Section        0  bspbutton.o(i.ButtonScan)
    i.BuzzerConfig                           0x08000854   Section        0  bspbuzzer.o(i.BuzzerConfig)
    i.DebugMon_Handler                       0x08000888   Section        0  stm32f10x_it.o(i.DebugMon_Handler)
    i.EXTI0_IRQHandler                       0x0800088a   Section        0  bspexti.o(i.EXTI0_IRQHandler)
    i.EXTI2_IRQHandler                       0x0800088c   Section        0  bspexti.o(i.EXTI2_IRQHandler)
    i.EXTI3_IRQHandler                       0x0800088e   Section        0  bspexti.o(i.EXTI3_IRQHandler)
    i.EXTI4_IRQHandler                       0x08000890   Section        0  bspexti.o(i.EXTI4_IRQHandler)
    i.FLASH_ErasePage                        0x08000894   Section        0  stm32f10x_flash.o(i.FLASH_ErasePage)
    i.FLASH_GetBank1Status                   0x080008e0   Section        0  stm32f10x_flash.o(i.FLASH_GetBank1Status)
    i.FLASH_Lock                             0x08000914   Section        0  stm32f10x_flash.o(i.FLASH_Lock)
    i.FLASH_ProgramHalfWord                  0x08000928   Section        0  stm32f10x_flash.o(i.FLASH_ProgramHalfWord)
    i.FLASH_Unlock                           0x08000968   Section        0  stm32f10x_flash.o(i.FLASH_Unlock)
    i.FLASH_WaitForLastOperation             0x08000980   Section        0  stm32f10x_flash.o(i.FLASH_WaitForLastOperation)
    i.FSMC_NORSRAMCmd                        0x080009a8   Section        0  stm32f10x_fsmc.o(i.FSMC_NORSRAMCmd)
    i.FSMC_NORSRAMInit                       0x080009dc   Section        0  stm32f10x_fsmc.o(i.FSMC_NORSRAMInit)
    i.GPIO_Init                              0x08000ac2   Section        0  stm32f10x_gpio.o(i.GPIO_Init)
    i.GPIO_ReadInputDataBit                  0x08000bd8   Section        0  stm32f10x_gpio.o(i.GPIO_ReadInputDataBit)
    i.GPIO_ResetBits                         0x08000bea   Section        0  stm32f10x_gpio.o(i.GPIO_ResetBits)
    i.GPIO_SetBits                           0x08000bee   Section        0  stm32f10x_gpio.o(i.GPIO_SetBits)
    i.GeneralTimConfig                       0x08000bf2   Section        0  bspgeneraltim.o(i.GeneralTimConfig)
    i.GeneralTimModeConfig                   0x08000bfe   Section        0  bspgeneraltim.o(i.GeneralTimModeConfig)
    GeneralTimModeConfig                     0x08000bff   Thumb Code    76  bspgeneraltim.o(i.GeneralTimModeConfig)
    i.GeneralTimNvicConfig                   0x08000c4a   Section        0  bspgeneraltim.o(i.GeneralTimNvicConfig)
    GeneralTimNvicConfig                     0x08000c4b   Thumb Code    42  bspgeneraltim.o(i.GeneralTimNvicConfig)
    i.HardFault_Handler                      0x08000c74   Section        0  stm32f10x_it.o(i.HardFault_Handler)
    i.IIC_Init                               0x08000c78   Section        0  bspiic.o(i.IIC_Init)
    i.Is_Leap_Year                           0x08000cac   Section        0  bsprtc.o(i.Is_Leap_Year)
    i.LCD_Clear                              0x08000ce8   Section        0  bsplcd.o(i.LCD_Clear)
    i.LCD_Display_Dir                        0x08000d54   Section        0  bsplcd.o(i.LCD_Display_Dir)
    i.LCD_Fast_DrawPoint                     0x08000f14   Section        0  bsplcd.o(i.LCD_Fast_DrawPoint)
    i.LCD_Fill                               0x08001090   Section        0  bsplcd.o(i.LCD_Fill)
    i.LCD_RD_DATA                            0x0800114c   Section        0  bsplcd.o(i.LCD_RD_DATA)
    i.LCD_ReadReg                            0x08001160   Section        0  bsplcd.o(i.LCD_ReadReg)
    i.LCD_SSD_BackLightSet                   0x08001178   Section        0  bsplcd.o(i.LCD_SSD_BackLightSet)
    i.LCD_Scan_Dir                           0x080011cc   Section        0  bsplcd.o(i.LCD_Scan_Dir)
    i.LCD_SetCursor                          0x080014b8   Section        0  bsplcd.o(i.LCD_SetCursor)
    i.LCD_ShowChar                           0x08001660   Section        0  bsplcd.o(i.LCD_ShowChar)
    i.LCD_ShowString                         0x08001788   Section        0  bsplcd.o(i.LCD_ShowString)
    i.LCD_WR_DATA                            0x080017f0   Section        0  bsplcd.o(i.LCD_WR_DATA)
    i.LCD_WR_REG                             0x080017fc   Section        0  bsplcd.o(i.LCD_WR_REG)
    i.LCD_WriteRAM_Prepare                   0x08001808   Section        0  bsplcd.o(i.LCD_WriteRAM_Prepare)
    i.LCD_WriteReg                           0x0800181c   Section        0  bsplcd.o(i.LCD_WriteReg)
    i.LcdConfig                              0x0800182c   Section        0  bsplcd.o(i.LcdConfig)
    i.LedGPIOConfig                          0x08004fa0   Section        0  bspled.o(i.LedGPIOConfig)
    i.MemManage_Handler                      0x08004ff8   Section        0  stm32f10x_it.o(i.MemManage_Handler)
    i.NMI_Handler                            0x08004ffc   Section        0  stm32f10x_it.o(i.NMI_Handler)
    i.NVIC_Init                              0x08005000   Section        0  misc.o(i.NVIC_Init)
    i.NVIC_PriorityGroupConfig               0x08005070   Section        0  misc.o(i.NVIC_PriorityGroupConfig)
    i.PWR_BackupAccessCmd                    0x08005084   Section        0  stm32f10x_pwr.o(i.PWR_BackupAccessCmd)
    i.PendSV_Handler                         0x08005090   Section        0  stm32f10x_it.o(i.PendSV_Handler)
    i.RCC_ADCCLKConfig                       0x08005094   Section        0  stm32f10x_rcc.o(i.RCC_ADCCLKConfig)
    i.RCC_AHBPeriphClockCmd                  0x080050ac   Section        0  stm32f10x_rcc.o(i.RCC_AHBPeriphClockCmd)
    i.RCC_APB1PeriphClockCmd                 0x080050cc   Section        0  stm32f10x_rcc.o(i.RCC_APB1PeriphClockCmd)
    i.RCC_APB2PeriphClockCmd                 0x080050ec   Section        0  stm32f10x_rcc.o(i.RCC_APB2PeriphClockCmd)
    i.RCC_APB2PeriphResetCmd                 0x0800510c   Section        0  stm32f10x_rcc.o(i.RCC_APB2PeriphResetCmd)
    i.RCC_BackupResetCmd                     0x0800512c   Section        0  stm32f10x_rcc.o(i.RCC_BackupResetCmd)
    i.RCC_GetClocksFreq                      0x08005138   Section        0  stm32f10x_rcc.o(i.RCC_GetClocksFreq)
    i.RCC_GetFlagStatus                      0x0800520c   Section        0  stm32f10x_rcc.o(i.RCC_GetFlagStatus)
    i.RCC_LSEConfig                          0x08005248   Section        0  stm32f10x_rcc.o(i.RCC_LSEConfig)
    i.RCC_RTCCLKCmd                          0x0800527c   Section        0  stm32f10x_rcc.o(i.RCC_RTCCLKCmd)
    i.RCC_RTCCLKConfig                       0x08005288   Section        0  stm32f10x_rcc.o(i.RCC_RTCCLKConfig)
    i.RTC_ClearITPendingBit                  0x08005298   Section        0  stm32f10x_rtc.o(i.RTC_ClearITPendingBit)
    i.RTC_EnterConfigMode                    0x080052a8   Section        0  stm32f10x_rtc.o(i.RTC_EnterConfigMode)
    i.RTC_ExitConfigMode                     0x080052bc   Section        0  stm32f10x_rtc.o(i.RTC_ExitConfigMode)
    i.RTC_Get                                0x080052d0   Section        0  bsprtc.o(i.RTC_Get)
    i.RTC_GetCounter                         0x080053d0   Section        0  stm32f10x_rtc.o(i.RTC_GetCounter)
    i.RTC_GetITStatus                        0x080053e4   Section        0  stm32f10x_rtc.o(i.RTC_GetITStatus)
    i.RTC_Get_Week                           0x08005408   Section        0  bsprtc.o(i.RTC_Get_Week)
    i.RTC_IRQHandler                         0x08005480   Section        0  bsprtc.o(i.RTC_IRQHandler)
    i.RTC_ITConfig                           0x080054f0   Section        0  stm32f10x_rtc.o(i.RTC_ITConfig)
    i.RTC_NVIC_Config                        0x08005510   Section        0  bsprtc.o(i.RTC_NVIC_Config)
    RTC_NVIC_Config                          0x08005511   Thumb Code    32  bsprtc.o(i.RTC_NVIC_Config)
    i.RTC_Set                                0x08005530   Section        0  bsprtc.o(i.RTC_Set)
    i.RTC_SetCounter                         0x080055f8   Section        0  stm32f10x_rtc.o(i.RTC_SetCounter)
    i.RTC_SetPrescaler                       0x08005614   Section        0  stm32f10x_rtc.o(i.RTC_SetPrescaler)
    i.RTC_WaitForLastTask                    0x08005634   Section        0  stm32f10x_rtc.o(i.RTC_WaitForLastTask)
    i.RTC_WaitForSynchro                     0x08005648   Section        0  stm32f10x_rtc.o(i.RTC_WaitForSynchro)
    i.RtcConfig                              0x0800566c   Section        0  bsprtc.o(i.RtcConfig)
    i.STMFLASH_Read                          0x0800572a   Section        0  bspflash.o(i.STMFLASH_Read)
    i.STMFLASH_ReadHalfWord                  0x0800574c   Section        0  bspflash.o(i.STMFLASH_ReadHalfWord)
    i.STMFLASH_Write                         0x08005754   Section        0  bspflash.o(i.STMFLASH_Write)
    i.STMFLASH_Write_NoCheck                 0x0800583c   Section        0  bspflash.o(i.STMFLASH_Write_NoCheck)
    i.SVC_Handler                            0x08005862   Section        0  stm32f10x_it.o(i.SVC_Handler)
    i.SetSysClock                            0x08005864   Section        0  system_stm32f10x.o(i.SetSysClock)
    SetSysClock                              0x08005865   Thumb Code     8  system_stm32f10x.o(i.SetSysClock)
    i.SetSysClockTo72                        0x0800586c   Section        0  system_stm32f10x.o(i.SetSysClockTo72)
    SetSysClockTo72                          0x0800586d   Thumb Code   214  system_stm32f10x.o(i.SetSysClockTo72)
    i.SysTick_CLKSourceConfig                0x0800594c   Section        0  misc.o(i.SysTick_CLKSourceConfig)
    i.SystemInit                             0x08005974   Section        0  system_stm32f10x.o(i.SystemInit)
    i.TI1_Config                             0x080059d4   Section        0  stm32f10x_tim.o(i.TI1_Config)
    TI1_Config                               0x080059d5   Thumb Code   108  stm32f10x_tim.o(i.TI1_Config)
    i.TI2_Config                             0x08005a54   Section        0  stm32f10x_tim.o(i.TI2_Config)
    TI2_Config                               0x08005a55   Thumb Code   130  stm32f10x_tim.o(i.TI2_Config)
    i.TI3_Config                             0x08005aec   Section        0  stm32f10x_tim.o(i.TI3_Config)
    TI3_Config                               0x08005aed   Thumb Code   122  stm32f10x_tim.o(i.TI3_Config)
    i.TI4_Config                             0x08005b7c   Section        0  stm32f10x_tim.o(i.TI4_Config)
    TI4_Config                               0x08005b7d   Thumb Code   130  stm32f10x_tim.o(i.TI4_Config)
    i.TIM2_IRQHandler                        0x08005c14   Section        0  bspgeneraltim.o(i.TIM2_IRQHandler)
    i.TIM5_CH2_Cap_Init                      0x08005c38   Section        0  bsptpad.o(i.TIM5_CH2_Cap_Init)
    i.TIM_ClearFlag                          0x08005cc0   Section        0  stm32f10x_tim.o(i.TIM_ClearFlag)
    i.TIM_ClearITPendingBit                  0x08005cc6   Section        0  stm32f10x_tim.o(i.TIM_ClearITPendingBit)
    i.TIM_Cmd                                0x08005ccc   Section        0  stm32f10x_tim.o(i.TIM_Cmd)
    i.TIM_GetCapture2                        0x08005ce4   Section        0  stm32f10x_tim.o(i.TIM_GetCapture2)
    i.TIM_GetCounter                         0x08005cea   Section        0  stm32f10x_tim.o(i.TIM_GetCounter)
    i.TIM_GetFlagStatus                      0x08005cf0   Section        0  stm32f10x_tim.o(i.TIM_GetFlagStatus)
    i.TIM_GetITStatus                        0x08005d02   Section        0  stm32f10x_tim.o(i.TIM_GetITStatus)
    i.TIM_ICInit                             0x08005d24   Section        0  stm32f10x_tim.o(i.TIM_ICInit)
    i.TIM_ITConfig                           0x08005dd0   Section        0  stm32f10x_tim.o(i.TIM_ITConfig)
    i.TIM_SetCounter                         0x08005de2   Section        0  stm32f10x_tim.o(i.TIM_SetCounter)
    i.TIM_SetIC1Prescaler                    0x08005de6   Section        0  stm32f10x_tim.o(i.TIM_SetIC1Prescaler)
    i.TIM_SetIC2Prescaler                    0x08005df8   Section        0  stm32f10x_tim.o(i.TIM_SetIC2Prescaler)
    i.TIM_SetIC3Prescaler                    0x08005e12   Section        0  stm32f10x_tim.o(i.TIM_SetIC3Prescaler)
    i.TIM_SetIC4Prescaler                    0x08005e24   Section        0  stm32f10x_tim.o(i.TIM_SetIC4Prescaler)
    i.TIM_TimeBaseInit                       0x08005e40   Section        0  stm32f10x_tim.o(i.TIM_TimeBaseInit)
    i.TPAD_Get_Val                           0x08005ee4   Section        0  bsptpad.o(i.TPAD_Get_Val)
    i.TPAD_Reset                             0x08005f1c   Section        0  bsptpad.o(i.TPAD_Reset)
    i.TemperatureAdcConfig                   0x08005f78   Section        0  bspadctemperaturesensor.o(i.TemperatureAdcConfig)
    i.TpadConfig                             0x08005ff4   Section        0  bsptpad.o(i.TpadConfig)
    i.USART1_IRQHandler                      0x080060b0   Section        0  bspusart232.o(i.USART1_IRQHandler)
    i.USART_Cmd                              0x080060d4   Section        0  stm32f10x_usart.o(i.USART_Cmd)
    i.USART_GetITStatus                      0x080060ec   Section        0  stm32f10x_usart.o(i.USART_GetITStatus)
    i.USART_ITConfig                         0x08006140   Section        0  stm32f10x_usart.o(i.USART_ITConfig)
    i.USART_Init                             0x0800618c   Section        0  stm32f10x_usart.o(i.USART_Init)
    i.USART_ReceiveData                      0x08006264   Section        0  stm32f10x_usart.o(i.USART_ReceiveData)
    i.USART_SendData                         0x0800626e   Section        0  stm32f10x_usart.o(i.USART_SendData)
    i.UsageFault_Handler                     0x08006276   Section        0  stm32f10x_it.o(i.UsageFault_Handler)
    i.Usart1RS232Config                      0x0800627c   Section        0  bspusart232.o(i.Usart1RS232Config)
    i.Usart1RS232NvicConfig                  0x08006314   Section        0  bspusart232.o(i.Usart1RS232NvicConfig)
    Usart1RS232NvicConfig                    0x08006315   Thumb Code    38  bspusart232.o(i.Usart1RS232NvicConfig)
    i.Usart2RS485Config                      0x0800633c   Section        0  bsprs485.o(i.Usart2RS485Config)
    i.Usart2RS485NvicConfig                  0x080063f8   Section        0  bsprs485.o(i.Usart2RS485NvicConfig)
    Usart2RS485NvicConfig                    0x080063f9   Thumb Code    32  bsprs485.o(i.Usart2RS485NvicConfig)
    i._sys_exit                              0x08006418   Section        0  bspusart232.o(i._sys_exit)
    i.delay_init                             0x0800641c   Section        0  delay.o(i.delay_init)
    i.delay_ms                               0x08006460   Section        0  delay.o(i.delay_ms)
    i.delay_us                               0x080064ac   Section        0  delay.o(i.delay_us)
    i.fputc                                  0x080064f8   Section        0  bspusart232.o(i.fputc)
    i.main                                   0x08006514   Section        0  main.o(i.main)
    x$fpl$dfixu                              0x08006718   Section       90  dfixu.o(x$fpl$dfixu)
    x$fpl$dfltu                              0x08006772   Section       38  dflt_clz.o(x$fpl$dfltu)
    x$fpl$dmul                               0x08006798   Section      340  dmul.o(x$fpl$dmul)
    x$fpl$dnaninf                            0x080068ec   Section      156  dnaninf.o(x$fpl$dnaninf)
    x$fpl$dretinf                            0x08006988   Section       12  dretinf.o(x$fpl$dretinf)
    .constdata                               0x08006994   Section     6080  bsplcd.o(.constdata)
    x$fpl$usenofp                            0x08006994   Section        0  usenofp.o(x$fpl$usenofp)
    .constdata                               0x08008154   Section       24  bsprtc.o(.constdata)
    .constdata                               0x0800816c   Section       21  main.o(.constdata)
    .constdata                               0x08008181   Section       40  _printf_hex_int.o(.constdata)
    uc_hextab                                0x08008181   Data          20  _printf_hex_int.o(.constdata)
    lc_hextab                                0x08008195   Data          20  _printf_hex_int.o(.constdata)
    .data                                    0x20000000   Section       20  system_stm32f10x.o(.data)
    .data                                    0x20000014   Section       20  stm32f10x_rcc.o(.data)
    APBAHBPrescTable                         0x20000014   Data          16  stm32f10x_rcc.o(.data)
    ADCPrescTable                            0x20000024   Data           4  stm32f10x_rcc.o(.data)
    .data                                    0x20000028   Section        4  bspgeneraltim.o(.data)
    .data                                    0x2000002c   Section        6  bspusart232.o(.data)
    .data                                    0x20000032   Section        4  bsplcd.o(.data)
    .data                                    0x20000036   Section        2  bsprtc.o(.data)
    daycnt                                   0x20000036   Data           2  bsprtc.o(.data)
    .data                                    0x20000038   Section        1  bspbutton.o(.data)
    buttonUp                                 0x20000038   Data           1  bspbutton.o(.data)
    .data                                    0x2000003a   Section        3  bsptpad.o(.data)
    keyen                                    0x2000003c   Data           1  bsptpad.o(.data)
    .data                                    0x2000003e   Section        4  delay.o(.data)
    fac_us                                   0x2000003e   Data           1  delay.o(.data)
    fac_ms                                   0x20000040   Data           2  delay.o(.data)
    .bss                                     0x20000044   Section       14  bsplcd.o(.bss)
    .bss                                     0x20000052   Section       10  bsprtc.o(.bss)
    .bss                                     0x2000005c   Section     2048  bspflash.o(.bss)
    .bss                                     0x2000085c   Section       96  libspace.o(.bss)
    HEAP                                     0x200008c0   Section      512  startup_stm32f10x_hd.o(HEAP)
    Heap_Mem                                 0x200008c0   Data         512  startup_stm32f10x_hd.o(HEAP)
    STACK                                    0x20000ac0   Section     1024  startup_stm32f10x_hd.o(STACK)
    Stack_Mem                                0x20000ac0   Data        1024  startup_stm32f10x_hd.o(STACK)
    __initial_sp                             0x20000ec0   Data           0  startup_stm32f10x_hd.o(STACK)

    Global Symbols

    Symbol Name                              Value     Ov Type        Size  Object(Section)

    BuildAttributes$$THM_ISAv4$P$D$K$B$S$PE$A:L22UL41UL21$X:L11$S22US41US21$IEEE1$IW$USESV6$~STKCKD$USESV7$~SHL$OSPACE$ROPI$EBA8$UX$STANDARDLIB$REQ8$PRES8$EABIv2 0x00000000   Number         0  anon$$obj.o ABSOLUTE
    __ARM_use_no_argv                        0x00000000   Number         0  main.o ABSOLUTE
    __ARM_exceptions_init                     - Undefined Weak Reference
    __alloca_initialize                       - Undefined Weak Reference
    __arm_preinit_                            - Undefined Weak Reference
    __cpp_initialize__aeabi_                  - Undefined Weak Reference
    __cxa_finalize                            - Undefined Weak Reference
    __rt_locale                               - Undefined Weak Reference
    __sigvec_lookup                           - Undefined Weak Reference
    _atexit_init                              - Undefined Weak Reference
    _call_atexit_fns                          - Undefined Weak Reference
    _clock_init                               - Undefined Weak Reference
    _fp_trap_init                             - Undefined Weak Reference
    _fp_trap_shutdown                         - Undefined Weak Reference
    _get_lc_collate                           - Undefined Weak Reference
    _get_lc_ctype                             - Undefined Weak Reference
    _get_lc_monetary                          - Undefined Weak Reference
    _get_lc_numeric                           - Undefined Weak Reference
    _get_lc_time                              - Undefined Weak Reference
    _getenv_init                              - Undefined Weak Reference
    _handle_redirection                       - Undefined Weak Reference
    _init_alloc                               - Undefined Weak Reference
    _init_user_alloc                          - Undefined Weak Reference
    _initio                                   - Undefined Weak Reference
    _mutex_acquire                            - Undefined Weak Reference
    _mutex_release                            - Undefined Weak Reference
    _printf_post_padding                      - Undefined Weak Reference
    _printf_pre_padding                       - Undefined Weak Reference
    _printf_truncate_signed                   - Undefined Weak Reference
    _printf_truncate_unsigned                 - Undefined Weak Reference
    _rand_init                                - Undefined Weak Reference
    _signal_finish                            - Undefined Weak Reference
    _signal_init                              - Undefined Weak Reference
    _terminate_alloc                          - Undefined Weak Reference
    _terminate_user_alloc                     - Undefined Weak Reference
    _terminateio                              - Undefined Weak Reference
    __Vectors_Size                           0x00000130   Number         0  startup_stm32f10x_hd.o ABSOLUTE
    __Vectors                                0x08000000   Data           4  startup_stm32f10x_hd.o(RESET)
    __Vectors_End                            0x08000130   Data           0  startup_stm32f10x_hd.o(RESET)
    __main                                   0x08000131   Thumb Code     8  __main.o(!!!main)
    __scatterload                            0x08000139   Thumb Code     0  __scatter.o(!!!scatter)
    __scatterload_rt2                        0x08000139   Thumb Code    44  __scatter.o(!!!scatter)
    __scatterload_rt2_thumb_only             0x08000139   Thumb Code     0  __scatter.o(!!!scatter)
    __scatterload_null                       0x08000147   Thumb Code     0  __scatter.o(!!!scatter)
    __scatterload_copy                       0x0800016d   Thumb Code    26  __scatter_copy.o(!!handler_copy)
    __scatterload_zeroinit                   0x08000189   Thumb Code    28  __scatter_zi.o(!!handler_zi)
    _printf_d                                0x080001a5   Thumb Code     0  _printf_d.o(.ARM.Collect$$_printf_percent$$00000009)
    _printf_percent                          0x080001a5   Thumb Code     0  _printf_percent.o(.ARM.Collect$$_printf_percent$$00000000)
    _printf_x                                0x080001ab   Thumb Code     0  _printf_x.o(.ARM.Collect$$_printf_percent$$0000000C)
    _printf_percent_end                      0x080001b1   Thumb Code     0  _printf_percent_end.o(.ARM.Collect$$_printf_percent$$00000017)
    __rt_lib_init                            0x080001b5   Thumb Code     0  libinit.o(.ARM.Collect$$libinit$$00000000)
    __rt_lib_init_alloca_1                   0x080001b7   Thumb Code     0  libinit2.o(.ARM.Collect$$libinit$$0000002E)
    __rt_lib_init_argv_1                     0x080001b7   Thumb Code     0  libinit2.o(.ARM.Collect$$libinit$$0000002C)
    __rt_lib_init_atexit_1                   0x080001b7   Thumb Code     0  libinit2.o(.ARM.Collect$$libinit$$0000001B)
    __rt_lib_init_clock_1                    0x080001b7   Thumb Code     0  libinit2.o(.ARM.Collect$$libinit$$00000021)
    __rt_lib_init_cpp_1                      0x080001b7   Thumb Code     0  libinit2.o(.ARM.Collect$$libinit$$00000032)
    __rt_lib_init_exceptions_1               0x080001b7   Thumb Code     0  libinit2.o(.ARM.Collect$$libinit$$00000030)
    __rt_lib_init_fp_1                       0x080001b7   Thumb Code     0  libinit2.o(.ARM.Collect$$libinit$$00000002)
    __rt_lib_init_fp_trap_1                  0x080001b7   Thumb Code     0  libinit2.o(.ARM.Collect$$libinit$$0000001F)
    __rt_lib_init_getenv_1                   0x080001b7   Thumb Code     0  libinit2.o(.ARM.Collect$$libinit$$00000023)
    __rt_lib_init_heap_1                     0x080001b7   Thumb Code     0  libinit2.o(.ARM.Collect$$libinit$$0000000A)
    __rt_lib_init_lc_collate_1               0x080001b7   Thumb Code     0  libinit2.o(.ARM.Collect$$libinit$$00000011)
    __rt_lib_init_lc_ctype_1                 0x080001b7   Thumb Code     0  libinit2.o(.ARM.Collect$$libinit$$00000013)
    __rt_lib_init_lc_monetary_1              0x080001b7   Thumb Code     0  libinit2.o(.ARM.Collect$$libinit$$00000015)
    __rt_lib_init_lc_numeric_1               0x080001b7   Thumb Code     0  libinit2.o(.ARM.Collect$$libinit$$00000017)
    __rt_lib_init_lc_time_1                  0x080001b7   Thumb Code     0  libinit2.o(.ARM.Collect$$libinit$$00000019)
    __rt_lib_init_preinit_1                  0x080001b7   Thumb Code     0  libinit2.o(.ARM.Collect$$libinit$$00000004)
    __rt_lib_init_rand_1                     0x080001b7   Thumb Code     0  libinit2.o(.ARM.Collect$$libinit$$0000000E)
    __rt_lib_init_return                     0x080001b7   Thumb Code     0  libinit2.o(.ARM.Collect$$libinit$$00000033)
    __rt_lib_init_signal_1                   0x080001b7   Thumb Code     0  libinit2.o(.ARM.Collect$$libinit$$0000001D)
    __rt_lib_init_stdio_1                    0x080001b7   Thumb Code     0  libinit2.o(.ARM.Collect$$libinit$$00000025)
    __rt_lib_init_user_alloc_1               0x080001b7   Thumb Code     0  libinit2.o(.ARM.Collect$$libinit$$0000000C)
    __rt_lib_shutdown                        0x080001b9   Thumb Code     0  libshutdown.o(.ARM.Collect$$libshutdown$$00000000)
    __rt_lib_shutdown_cpp_1                  0x080001bb   Thumb Code     0  libshutdown2.o(.ARM.Collect$$libshutdown$$00000002)
    __rt_lib_shutdown_fp_trap_1              0x080001bb   Thumb Code     0  libshutdown2.o(.ARM.Collect$$libshutdown$$00000007)
    __rt_lib_shutdown_heap_1                 0x080001bb   Thumb Code     0  libshutdown2.o(.ARM.Collect$$libshutdown$$0000000F)
    __rt_lib_shutdown_return                 0x080001bb   Thumb Code     0  libshutdown2.o(.ARM.Collect$$libshutdown$$00000010)
    __rt_lib_shutdown_signal_1               0x080001bb   Thumb Code     0  libshutdown2.o(.ARM.Collect$$libshutdown$$0000000A)
    __rt_lib_shutdown_stdio_1                0x080001bb   Thumb Code     0  libshutdown2.o(.ARM.Collect$$libshutdown$$00000004)
    __rt_lib_shutdown_user_alloc_1           0x080001bb   Thumb Code     0  libshutdown2.o(.ARM.Collect$$libshutdown$$0000000C)
    __rt_entry                               0x080001bd   Thumb Code     0  __rtentry.o(.ARM.Collect$$rtentry$$00000000)
    __rt_entry_presh_1                       0x080001bd   Thumb Code     0  __rtentry2.o(.ARM.Collect$$rtentry$$00000002)
    __rt_entry_sh                            0x080001bd   Thumb Code     0  __rtentry4.o(.ARM.Collect$$rtentry$$00000004)
    __rt_entry_li                            0x080001c3   Thumb Code     0  __rtentry2.o(.ARM.Collect$$rtentry$$0000000A)
    __rt_entry_postsh_1                      0x080001c3   Thumb Code     0  __rtentry2.o(.ARM.Collect$$rtentry$$00000009)
    __rt_entry_main                          0x080001c7   Thumb Code     0  __rtentry2.o(.ARM.Collect$$rtentry$$0000000D)
    __rt_entry_postli_1                      0x080001c7   Thumb Code     0  __rtentry2.o(.ARM.Collect$$rtentry$$0000000C)
    __rt_exit                                0x080001cf   Thumb Code     0  rtexit.o(.ARM.Collect$$rtexit$$00000000)
    __rt_exit_ls                             0x080001d1   Thumb Code     0  rtexit2.o(.ARM.Collect$$rtexit$$00000003)
    __rt_exit_prels_1                        0x080001d1   Thumb Code     0  rtexit2.o(.ARM.Collect$$rtexit$$00000002)
    __rt_exit_exit                           0x080001d5   Thumb Code     0  rtexit2.o(.ARM.Collect$$rtexit$$00000004)
    Reset_Handler                            0x080001dd   Thumb Code     8  startup_stm32f10x_hd.o(.text)
    SysTick_Handler                          0x080001f5   Thumb Code     2  startup_stm32f10x_hd.o(.text)
    ADC1_2_IRQHandler                        0x080001f7   Thumb Code     0  startup_stm32f10x_hd.o(.text)
    ADC3_IRQHandler                          0x080001f7   Thumb Code     0  startup_stm32f10x_hd.o(.text)
    CAN1_RX1_IRQHandler                      0x080001f7   Thumb Code     0  startup_stm32f10x_hd.o(.text)
    CAN1_SCE_IRQHandler                      0x080001f7   Thumb Code     0  startup_stm32f10x_hd.o(.text)
    DMA1_Channel1_IRQHandler                 0x080001f7   Thumb Code     0  startup_stm32f10x_hd.o(.text)
    DMA1_Channel2_IRQHandler                 0x080001f7   Thumb Code     0  startup_stm32f10x_hd.o(.text)
    DMA1_Channel3_IRQHandler                 0x080001f7   Thumb Code     0  startup_stm32f10x_hd.o(.text)
    DMA1_Channel4_IRQHandler                 0x080001f7   Thumb Code     0  startup_stm32f10x_hd.o(.text)
    DMA1_Channel5_IRQHandler                 0x080001f7   Thumb Code     0  startup_stm32f10x_hd.o(.text)
    DMA1_Channel6_IRQHandler                 0x080001f7   Thumb Code     0  startup_stm32f10x_hd.o(.text)
    DMA1_Channel7_IRQHandler                 0x080001f7   Thumb Code     0  startup_stm32f10x_hd.o(.text)
    DMA2_Channel1_IRQHandler                 0x080001f7   Thumb Code     0  startup_stm32f10x_hd.o(.text)
    DMA2_Channel2_IRQHandler                 0x080001f7   Thumb Code     0  startup_stm32f10x_hd.o(.text)
    DMA2_Channel3_IRQHandler                 0x080001f7   Thumb Code     0  startup_stm32f10x_hd.o(.text)
    DMA2_Channel4_5_IRQHandler               0x080001f7   Thumb Code     0  startup_stm32f10x_hd.o(.text)
    EXTI15_10_IRQHandler                     0x080001f7   Thumb Code     0  startup_stm32f10x_hd.o(.text)
    EXTI1_IRQHandler                         0x080001f7   Thumb Code     0  startup_stm32f10x_hd.o(.text)
    EXTI9_5_IRQHandler                       0x080001f7   Thumb Code     0  startup_stm32f10x_hd.o(.text)
    FLASH_IRQHandler                         0x080001f7   Thumb Code     0  startup_stm32f10x_hd.o(.text)
    FSMC_IRQHandler                          0x080001f7   Thumb Code     0  startup_stm32f10x_hd.o(.text)
    I2C1_ER_IRQHandler                       0x080001f7   Thumb Code     0  startup_stm32f10x_hd.o(.text)
    I2C1_EV_IRQHandler                       0x080001f7   Thumb Code     0  startup_stm32f10x_hd.o(.text)
    I2C2_ER_IRQHandler                       0x080001f7   Thumb Code     0  startup_stm32f10x_hd.o(.text)
    I2C2_EV_IRQHandler                       0x080001f7   Thumb Code     0  startup_stm32f10x_hd.o(.text)
    PVD_IRQHandler                           0x080001f7   Thumb Code     0  startup_stm32f10x_hd.o(.text)
    RCC_IRQHandler                           0x080001f7   Thumb Code     0  startup_stm32f10x_hd.o(.text)
    RTCAlarm_IRQHandler                      0x080001f7   Thumb Code     0  startup_stm32f10x_hd.o(.text)
    SDIO_IRQHandler                          0x080001f7   Thumb Code     0  startup_stm32f10x_hd.o(.text)
    SPI1_IRQHandler                          0x080001f7   Thumb Code     0  startup_stm32f10x_hd.o(.text)
    SPI2_IRQHandler                          0x080001f7   Thumb Code     0  startup_stm32f10x_hd.o(.text)
    SPI3_IRQHandler                          0x080001f7   Thumb Code     0  startup_stm32f10x_hd.o(.text)
    TAMPER_IRQHandler                        0x080001f7   Thumb Code     0  startup_stm32f10x_hd.o(.text)
    TIM1_BRK_IRQHandler                      0x080001f7   Thumb Code     0  startup_stm32f10x_hd.o(.text)
    TIM1_CC_IRQHandler                       0x080001f7   Thumb Code     0  startup_stm32f10x_hd.o(.text)
    TIM1_TRG_COM_IRQHandler                  0x080001f7   Thumb Code     0  startup_stm32f10x_hd.o(.text)
    TIM1_UP_IRQHandler                       0x080001f7   Thumb Code     0  startup_stm32f10x_hd.o(.text)
    TIM3_IRQHandler                          0x080001f7   Thumb Code     0  startup_stm32f10x_hd.o(.text)
    TIM4_IRQHandler                          0x080001f7   Thumb Code     0  startup_stm32f10x_hd.o(.text)
    TIM5_IRQHandler                          0x080001f7   Thumb Code     0  startup_stm32f10x_hd.o(.text)
    TIM6_IRQHandler                          0x080001f7   Thumb Code     0  startup_stm32f10x_hd.o(.text)
    TIM7_IRQHandler                          0x080001f7   Thumb Code     0  startup_stm32f10x_hd.o(.text)
    TIM8_BRK_IRQHandler                      0x080001f7   Thumb Code     0  startup_stm32f10x_hd.o(.text)
    TIM8_CC_IRQHandler                       0x080001f7   Thumb Code     0  startup_stm32f10x_hd.o(.text)
    TIM8_TRG_COM_IRQHandler                  0x080001f7   Thumb Code     0  startup_stm32f10x_hd.o(.text)
    TIM8_UP_IRQHandler                       0x080001f7   Thumb Code     0  startup_stm32f10x_hd.o(.text)
    UART4_IRQHandler                         0x080001f7   Thumb Code     0  startup_stm32f10x_hd.o(.text)
    UART5_IRQHandler                         0x080001f7   Thumb Code     0  startup_stm32f10x_hd.o(.text)
    USART2_IRQHandler                        0x080001f7   Thumb Code     0  startup_stm32f10x_hd.o(.text)
    USART3_IRQHandler                        0x080001f7   Thumb Code     0  startup_stm32f10x_hd.o(.text)
    USBWakeUp_IRQHandler                     0x080001f7   Thumb Code     0  startup_stm32f10x_hd.o(.text)
    USB_HP_CAN1_TX_IRQHandler                0x080001f7   Thumb Code     0  startup_stm32f10x_hd.o(.text)
    USB_LP_CAN1_RX0_IRQHandler               0x080001f7   Thumb Code     0  startup_stm32f10x_hd.o(.text)
    WWDG_IRQHandler                          0x080001f7   Thumb Code     0  startup_stm32f10x_hd.o(.text)
    __user_initial_stackheap                 0x080001f9   Thumb Code     0  startup_stm32f10x_hd.o(.text)
    __use_no_semihosting                     0x0800021d   Thumb Code     2  use_no_semi_2.o(.text)
    __2printf                                0x08000221   Thumb Code    20  noretval__2printf.o(.text)
    __printf                                 0x08000239   Thumb Code   104  __printf.o(.text)
    _printf_int_dec                          0x080002a1   Thumb Code   104  _printf_dec.o(.text)
    _printf_int_hex                          0x08000319   Thumb Code    84  _printf_hex_int.o(.text)
    _printf_longlong_hex                     0x08000319   Thumb Code     0  _printf_hex_int.o(.text)
    __use_two_region_memory                  0x08000371   Thumb Code     2  heapauxi.o(.text)
    __rt_heap_escrow$2region                 0x08000373   Thumb Code     2  heapauxi.o(.text)
    __rt_heap_expand$2region                 0x08000375   Thumb Code     2  heapauxi.o(.text)
    __I$use$semihosting                      0x08000377   Thumb Code     0  use_no_semi.o(.text)
    __use_no_semihosting_swi                 0x08000377   Thumb Code     2  use_no_semi.o(.text)
    _printf_int_common                       0x08000379   Thumb Code   178  _printf_intcommon.o(.text)
    _printf_char_file                        0x0800042d   Thumb Code    32  _printf_char_file.o(.text)
    _printf_char_common                      0x0800045b   Thumb Code    32  _printf_char_common.o(.text)
    ferror                                   0x08000481   Thumb Code     8  ferror.o(.text)
    __user_setup_stackheap                   0x08000489   Thumb Code    74  sys_stackheap_outer.o(.text)
    exit                                     0x080004d3   Thumb Code    18  exit.o(.text)
    __user_libspace                          0x080004e5   Thumb Code     8  libspace.o(.text)
    __user_perproc_libspace                  0x080004e5   Thumb Code     0  libspace.o(.text)
    __user_perthread_libspace                0x080004e5   Thumb Code     0  libspace.o(.text)
    ADC_Cmd                                  0x080004ed   Thumb Code    22  stm32f10x_adc.o(i.ADC_Cmd)
    ADC_DeInit                               0x08000505   Thumb Code    78  stm32f10x_adc.o(i.ADC_DeInit)
    ADC_GetCalibrationStatus                 0x08000561   Thumb Code    20  stm32f10x_adc.o(i.ADC_GetCalibrationStatus)
    ADC_GetResetCalibrationStatus            0x08000575   Thumb Code    20  stm32f10x_adc.o(i.ADC_GetResetCalibrationStatus)
    ADC_Init                                 0x08000589   Thumb Code    70  stm32f10x_adc.o(i.ADC_Init)
    ADC_ResetCalibration                     0x080005d9   Thumb Code    10  stm32f10x_adc.o(i.ADC_ResetCalibration)
    ADC_StartCalibration                     0x080005e3   Thumb Code    10  stm32f10x_adc.o(i.ADC_StartCalibration)
    ADC_TempSensorVrefintCmd                 0x080005ed   Thumb Code    30  stm32f10x_adc.o(i.ADC_TempSensorVrefintCmd)
    AT24CXX_Init                             0x08000611   Thumb Code     8  bspat24cxx.o(i.AT24CXX_Init)
    AdcConfig                                0x08000619   Thumb Code    12  bspadc.o(i.AdcConfig)
    BKP_DeInit                               0x080006c5   Thumb Code    16  stm32f10x_bkp.o(i.BKP_DeInit)
    BKP_ReadBackupRegister                   0x080006d5   Thumb Code    24  stm32f10x_bkp.o(i.BKP_ReadBackupRegister)
    BKP_WriteBackupRegister                  0x080006f1   Thumb Code    22  stm32f10x_bkp.o(i.BKP_WriteBackupRegister)
    BusFault_Handler                         0x08000743   Thumb Code     4  stm32f10x_it.o(i.BusFault_Handler)
    ButtonConfig                             0x08000749   Thumb Code    58  bspbutton.o(i.ButtonConfig)
    ButtonScan                               0x0800078d   Thumb Code   188  bspbutton.o(i.ButtonScan)
    BuzzerConfig                             0x08000855   Thumb Code    48  bspbuzzer.o(i.BuzzerConfig)
    DebugMon_Handler                         0x08000889   Thumb Code     2  stm32f10x_it.o(i.DebugMon_Handler)
    EXTI0_IRQHandler                         0x0800088b   Thumb Code     2  bspexti.o(i.EXTI0_IRQHandler)
    EXTI2_IRQHandler                         0x0800088d   Thumb Code     2  bspexti.o(i.EXTI2_IRQHandler)
    EXTI3_IRQHandler                         0x0800088f   Thumb Code     2  bspexti.o(i.EXTI3_IRQHandler)
    EXTI4_IRQHandler                         0x08000891   Thumb Code     2  bspexti.o(i.EXTI4_IRQHandler)
    FLASH_ErasePage                          0x08000895   Thumb Code    72  stm32f10x_flash.o(i.FLASH_ErasePage)
    FLASH_GetBank1Status                     0x080008e1   Thumb Code    48  stm32f10x_flash.o(i.FLASH_GetBank1Status)
    FLASH_Lock                               0x08000915   Thumb Code    14  stm32f10x_flash.o(i.FLASH_Lock)
    FLASH_ProgramHalfWord                    0x08000929   Thumb Code    60  stm32f10x_flash.o(i.FLASH_ProgramHalfWord)
    FLASH_Unlock                             0x08000969   Thumb Code    12  stm32f10x_flash.o(i.FLASH_Unlock)
    FLASH_WaitForLastOperation               0x08000981   Thumb Code    38  stm32f10x_flash.o(i.FLASH_WaitForLastOperation)
    FSMC_NORSRAMCmd                          0x080009a9   Thumb Code    46  stm32f10x_fsmc.o(i.FSMC_NORSRAMCmd)
    FSMC_NORSRAMInit                         0x080009dd   Thumb Code   230  stm32f10x_fsmc.o(i.FSMC_NORSRAMInit)
    GPIO_Init                                0x08000ac3   Thumb Code   278  stm32f10x_gpio.o(i.GPIO_Init)
    GPIO_ReadInputDataBit                    0x08000bd9   Thumb Code    18  stm32f10x_gpio.o(i.GPIO_ReadInputDataBit)
    GPIO_ResetBits                           0x08000beb   Thumb Code     4  stm32f10x_gpio.o(i.GPIO_ResetBits)
    GPIO_SetBits                             0x08000bef   Thumb Code     4  stm32f10x_gpio.o(i.GPIO_SetBits)
    GeneralTimConfig                         0x08000bf3   Thumb Code    12  bspgeneraltim.o(i.GeneralTimConfig)
    HardFault_Handler                        0x08000c75   Thumb Code     4  stm32f10x_it.o(i.HardFault_Handler)
    IIC_Init                                 0x08000c79   Thumb Code    46  bspiic.o(i.IIC_Init)
    Is_Leap_Year                             0x08000cad   Thumb Code    58  bsprtc.o(i.Is_Leap_Year)
    LCD_Clear                                0x08000ce9   Thumb Code   100  bsplcd.o(i.LCD_Clear)
    LCD_Display_Dir                          0x08000d55   Thumb Code   444  bsplcd.o(i.LCD_Display_Dir)
    LCD_Fast_DrawPoint                       0x08000f15   Thumb Code   370  bsplcd.o(i.LCD_Fast_DrawPoint)
    LCD_Fill                                 0x08001091   Thumb Code   178  bsplcd.o(i.LCD_Fill)
    LCD_RD_DATA                              0x0800114d   Thumb Code    14  bsplcd.o(i.LCD_RD_DATA)
    LCD_ReadReg                              0x08001161   Thumb Code    22  bsplcd.o(i.LCD_ReadReg)
    LCD_SSD_BackLightSet                     0x08001179   Thumb Code    80  bsplcd.o(i.LCD_SSD_BackLightSet)
    LCD_Scan_Dir                             0x080011cd   Thumb Code   744  bsplcd.o(i.LCD_Scan_Dir)
    LCD_SetCursor                            0x080014b9   Thumb Code   418  bsplcd.o(i.LCD_SetCursor)
    LCD_ShowChar                             0x08001661   Thumb Code   272  bsplcd.o(i.LCD_ShowChar)
    LCD_ShowString                           0x08001789   Thumb Code   102  bsplcd.o(i.LCD_ShowString)
    LCD_WR_DATA                              0x080017f1   Thumb Code     6  bsplcd.o(i.LCD_WR_DATA)
    LCD_WR_REG                               0x080017fd   Thumb Code     6  bsplcd.o(i.LCD_WR_REG)
    LCD_WriteRAM_Prepare                     0x08001809   Thumb Code    10  bsplcd.o(i.LCD_WriteRAM_Prepare)
    LCD_WriteReg                             0x0800181d   Thumb Code    10  bsplcd.o(i.LCD_WriteReg)
    LcdConfig                                0x0800182d   Thumb Code 14186  bsplcd.o(i.LcdConfig)
    LedGPIOConfig                            0x08004fa1   Thumb Code    80  bspled.o(i.LedGPIOConfig)
    MemManage_Handler                        0x08004ff9   Thumb Code     4  stm32f10x_it.o(i.MemManage_Handler)
    NMI_Handler                              0x08004ffd   Thumb Code     2  stm32f10x_it.o(i.NMI_Handler)
    NVIC_Init                                0x08005001   Thumb Code   100  misc.o(i.NVIC_Init)
    NVIC_PriorityGroupConfig                 0x08005071   Thumb Code    10  misc.o(i.NVIC_PriorityGroupConfig)
    PWR_BackupAccessCmd                      0x08005085   Thumb Code     6  stm32f10x_pwr.o(i.PWR_BackupAccessCmd)
    PendSV_Handler                           0x08005091   Thumb Code     2  stm32f10x_it.o(i.PendSV_Handler)
    RCC_ADCCLKConfig                         0x08005095   Thumb Code    18  stm32f10x_rcc.o(i.RCC_ADCCLKConfig)
    RCC_AHBPeriphClockCmd                    0x080050ad   Thumb Code    26  stm32f10x_rcc.o(i.RCC_AHBPeriphClockCmd)
    RCC_APB1PeriphClockCmd                   0x080050cd   Thumb Code    26  stm32f10x_rcc.o(i.RCC_APB1PeriphClockCmd)
    RCC_APB2PeriphClockCmd                   0x080050ed   Thumb Code    26  stm32f10x_rcc.o(i.RCC_APB2PeriphClockCmd)
    RCC_APB2PeriphResetCmd                   0x0800510d   Thumb Code    26  stm32f10x_rcc.o(i.RCC_APB2PeriphResetCmd)
    RCC_BackupResetCmd                       0x0800512d   Thumb Code     6  stm32f10x_rcc.o(i.RCC_BackupResetCmd)
    RCC_GetClocksFreq                        0x08005139   Thumb Code   192  stm32f10x_rcc.o(i.RCC_GetClocksFreq)
    RCC_GetFlagStatus                        0x0800520d   Thumb Code    56  stm32f10x_rcc.o(i.RCC_GetFlagStatus)
    RCC_LSEConfig                            0x08005249   Thumb Code    46  stm32f10x_rcc.o(i.RCC_LSEConfig)
    RCC_RTCCLKCmd                            0x0800527d   Thumb Code     6  stm32f10x_rcc.o(i.RCC_RTCCLKCmd)
    RCC_RTCCLKConfig                         0x08005289   Thumb Code    12  stm32f10x_rcc.o(i.RCC_RTCCLKConfig)
    RTC_ClearITPendingBit                    0x08005299   Thumb Code    12  stm32f10x_rtc.o(i.RTC_ClearITPendingBit)
    RTC_EnterConfigMode                      0x080052a9   Thumb Code    14  stm32f10x_rtc.o(i.RTC_EnterConfigMode)
    RTC_ExitConfigMode                       0x080052bd   Thumb Code    16  stm32f10x_rtc.o(i.RTC_ExitConfigMode)
    RTC_Get                                  0x080052d1   Thumb Code   240  bsprtc.o(i.RTC_Get)
    RTC_GetCounter                           0x080053d1   Thumb Code    16  stm32f10x_rtc.o(i.RTC_GetCounter)
    RTC_GetITStatus                          0x080053e5   Thumb Code    32  stm32f10x_rtc.o(i.RTC_GetITStatus)
    RTC_Get_Week                             0x08005409   Thumb Code   116  bsprtc.o(i.RTC_Get_Week)
    RTC_IRQHandler                           0x08005481   Thumb Code    76  bsprtc.o(i.RTC_IRQHandler)
    RTC_ITConfig                             0x080054f1   Thumb Code    26  stm32f10x_rtc.o(i.RTC_ITConfig)
    RTC_Set                                  0x08005531   Thumb Code   184  bsprtc.o(i.RTC_Set)
    RTC_SetCounter                           0x080055f9   Thumb Code    24  stm32f10x_rtc.o(i.RTC_SetCounter)
    RTC_SetPrescaler                         0x08005615   Thumb Code    26  stm32f10x_rtc.o(i.RTC_SetPrescaler)
    RTC_WaitForLastTask                      0x08005635   Thumb Code    16  stm32f10x_rtc.o(i.RTC_WaitForLastTask)
    RTC_WaitForSynchro                       0x08005649   Thumb Code    30  stm32f10x_rtc.o(i.RTC_WaitForSynchro)
    RtcConfig                                0x0800566d   Thumb Code   190  bsprtc.o(i.RtcConfig)
    STMFLASH_Read                            0x0800572b   Thumb Code    34  bspflash.o(i.STMFLASH_Read)
    STMFLASH_ReadHalfWord                    0x0800574d   Thumb Code     6  bspflash.o(i.STMFLASH_ReadHalfWord)
    STMFLASH_Write                           0x08005755   Thumb Code   222  bspflash.o(i.STMFLASH_Write)
    STMFLASH_Write_NoCheck                   0x0800583d   Thumb Code    38  bspflash.o(i.STMFLASH_Write_NoCheck)
    SVC_Handler                              0x08005863   Thumb Code     2  stm32f10x_it.o(i.SVC_Handler)
    SysTick_CLKSourceConfig                  0x0800594d   Thumb Code    40  misc.o(i.SysTick_CLKSourceConfig)
    SystemInit                               0x08005975   Thumb Code    78  system_stm32f10x.o(i.SystemInit)
    TIM2_IRQHandler                          0x08005c15   Thumb Code    32  bspgeneraltim.o(i.TIM2_IRQHandler)
    TIM5_CH2_Cap_Init                        0x08005c39   Thumb Code   126  bsptpad.o(i.TIM5_CH2_Cap_Init)
    TIM_ClearFlag                            0x08005cc1   Thumb Code     6  stm32f10x_tim.o(i.TIM_ClearFlag)
    TIM_ClearITPendingBit                    0x08005cc7   Thumb Code     6  stm32f10x_tim.o(i.TIM_ClearITPendingBit)
    TIM_Cmd                                  0x08005ccd   Thumb Code    24  stm32f10x_tim.o(i.TIM_Cmd)
    TIM_GetCapture2                          0x08005ce5   Thumb Code     6  stm32f10x_tim.o(i.TIM_GetCapture2)
    TIM_GetCounter                           0x08005ceb   Thumb Code     6  stm32f10x_tim.o(i.TIM_GetCounter)
    TIM_GetFlagStatus                        0x08005cf1   Thumb Code    18  stm32f10x_tim.o(i.TIM_GetFlagStatus)
    TIM_GetITStatus                          0x08005d03   Thumb Code    34  stm32f10x_tim.o(i.TIM_GetITStatus)
    TIM_ICInit                               0x08005d25   Thumb Code   150  stm32f10x_tim.o(i.TIM_ICInit)
    TIM_ITConfig                             0x08005dd1   Thumb Code    18  stm32f10x_tim.o(i.TIM_ITConfig)
    TIM_SetCounter                           0x08005de3   Thumb Code     4  stm32f10x_tim.o(i.TIM_SetCounter)
    TIM_SetIC1Prescaler                      0x08005de7   Thumb Code    18  stm32f10x_tim.o(i.TIM_SetIC1Prescaler)
    TIM_SetIC2Prescaler                      0x08005df9   Thumb Code    26  stm32f10x_tim.o(i.TIM_SetIC2Prescaler)
    TIM_SetIC3Prescaler                      0x08005e13   Thumb Code    18  stm32f10x_tim.o(i.TIM_SetIC3Prescaler)
    TIM_SetIC4Prescaler                      0x08005e25   Thumb Code    26  stm32f10x_tim.o(i.TIM_SetIC4Prescaler)
    TIM_TimeBaseInit                         0x08005e41   Thumb Code   122  stm32f10x_tim.o(i.TIM_TimeBaseInit)
    TPAD_Get_Val                             0x08005ee5   Thumb Code    50  bsptpad.o(i.TPAD_Get_Val)
    TPAD_Reset                               0x08005f1d   Thumb Code    82  bsptpad.o(i.TPAD_Reset)
    TemperatureAdcConfig                     0x08005f79   Thumb Code   118  bspadctemperaturesensor.o(i.TemperatureAdcConfig)
    TpadConfig                               0x08005ff5   Thumb Code   160  bsptpad.o(i.TpadConfig)
    USART1_IRQHandler                        0x080060b1   Thumb Code    32  bspusart232.o(i.USART1_IRQHandler)
    USART_Cmd                                0x080060d5   Thumb Code    24  stm32f10x_usart.o(i.USART_Cmd)
    USART_GetITStatus                        0x080060ed   Thumb Code    84  stm32f10x_usart.o(i.USART_GetITStatus)
    USART_ITConfig                           0x08006141   Thumb Code    74  stm32f10x_usart.o(i.USART_ITConfig)
    USART_Init                               0x0800618d   Thumb Code   210  stm32f10x_usart.o(i.USART_Init)
    USART_ReceiveData                        0x08006265   Thumb Code    10  stm32f10x_usart.o(i.USART_ReceiveData)
    USART_SendData                           0x0800626f   Thumb Code     8  stm32f10x_usart.o(i.USART_SendData)
    UsageFault_Handler                       0x08006277   Thumb Code     4  stm32f10x_it.o(i.UsageFault_Handler)
    Usart1RS232Config                        0x0800627d   Thumb Code   142  bspusart232.o(i.Usart1RS232Config)
    Usart2RS485Config                        0x0800633d   Thumb Code   172  bsprs485.o(i.Usart2RS485Config)
    _sys_exit                                0x08006419   Thumb Code     4  bspusart232.o(i._sys_exit)
    delay_init                               0x0800641d   Thumb Code    50  delay.o(i.delay_init)
    delay_ms                                 0x08006461   Thumb Code    72  delay.o(i.delay_ms)
    delay_us                                 0x080064ad   Thumb Code    72  delay.o(i.delay_us)
    fputc                                    0x080064f9   Thumb Code    24  bspusart232.o(i.fputc)
    main                                     0x08006515   Thumb Code   316  main.o(i.main)
    __aeabi_d2uiz                            0x08006719   Thumb Code     0  dfixu.o(x$fpl$dfixu)
    _dfixu                                   0x08006719   Thumb Code    90  dfixu.o(x$fpl$dfixu)
    __aeabi_ui2d                             0x08006773   Thumb Code     0  dflt_clz.o(x$fpl$dfltu)
    _dfltu                                   0x08006773   Thumb Code    38  dflt_clz.o(x$fpl$dfltu)
    __aeabi_dmul                             0x08006799   Thumb Code     0  dmul.o(x$fpl$dmul)
    _dmul                                    0x08006799   Thumb Code   332  dmul.o(x$fpl$dmul)
    __fpl_dnaninf                            0x080068ed   Thumb Code   156  dnaninf.o(x$fpl$dnaninf)
    __fpl_dretinf                            0x08006989   Thumb Code    12  dretinf.o(x$fpl$dretinf)
    __I$use$fp                               0x08006994   Number         0  usenofp.o(x$fpl$usenofp)
    asc2_1206                                0x08006994   Data        1140  bsplcd.o(.constdata)
    asc2_1608                                0x08006e08   Data        1520  bsplcd.o(.constdata)
    asc2_2412                                0x080073f8   Data        3420  bsplcd.o(.constdata)
    table_week                               0x08008154   Data          12  bsprtc.o(.constdata)
    mon_table                                0x08008160   Data          12  bsprtc.o(.constdata)
    TEXT_Buffer                              0x0800816c   Data          21  main.o(.constdata)
    Region$$Table$$Base                      0x080081ac   Number         0  anon$$obj.o(Region$$Table)
    Region$$Table$$Limit                     0x080081cc   Number         0  anon$$obj.o(Region$$Table)
    SystemCoreClock                          0x20000000   Data           4  system_stm32f10x.o(.data)
    AHBPrescTable                            0x20000004   Data          16  system_stm32f10x.o(.data)
    TIMER2_1MS                               0x20000028   Data           4  bspgeneraltim.o(.data)
    __stdout                                 0x2000002c   Data           4  bspusart232.o(.data)
    USART_RX_STA                             0x20000030   Data           2  bspusart232.o(.data)
    POINT_COLOR                              0x20000032   Data           2  bsplcd.o(.data)
    BACK_COLOR                               0x20000034   Data           2  bsplcd.o(.data)
    tpad_default_val                         0x2000003a   Data           2  bsptpad.o(.data)
    lcddev                                   0x20000044   Data          14  bsplcd.o(.bss)
    calendar                                 0x20000052   Data          10  bsprtc.o(.bss)
    STMFLASH_BUF                             0x2000005c   Data        2048  bspflash.o(.bss)
    __libspace_start                         0x2000085c   Data          96  libspace.o(.bss)
    __temporary_stack_top$libspace           0x200008bc   Data           0  libspace.o(.bss)



==============================================================================

Memory Map of the image

  Image Entry point : 0x080001dd

  Load Region LR_1 (Base: 0x08000000, Size: 0x00008210, Max: 0xffffffff, ABSOLUTE)

    Execution Region ER_RO (Exec base: 0x08000000, Load base: 0x08000000, Size: 0x000081cc, Max: 0xffffffff, ABSOLUTE)

    Exec Addr    Load Addr    Size         Type   Attr      Idx    E Section Name        Object

    0x08000000   0x08000000   0x00000130   Data   RO            3    RESET               startup_stm32f10x_hd.o
    0x08000130   0x08000130   0x00000008   Code   RO         3175  * !!!main             c_w.l(__main.o)
    0x08000138   0x08000138   0x00000034   Code   RO         3382    !!!scatter          c_w.l(__scatter.o)
    0x0800016c   0x0800016c   0x0000001a   Code   RO         3384    !!handler_copy      c_w.l(__scatter_copy.o)
    0x08000186   0x08000186   0x00000002   PAD
    0x08000188   0x08000188   0x0000001c   Code   RO         3386    !!handler_zi        c_w.l(__scatter_zi.o)
    0x080001a4   0x080001a4   0x00000000   Code   RO         3172    .ARM.Collect$$_printf_percent$$00000000  c_w.l(_printf_percent.o)
    0x080001a4   0x080001a4   0x00000006   Code   RO         3171    .ARM.Collect$$_printf_percent$$00000009  c_w.l(_printf_d.o)
    0x080001aa   0x080001aa   0x00000006   Code   RO         3170    .ARM.Collect$$_printf_percent$$0000000C  c_w.l(_printf_x.o)
    0x080001b0   0x080001b0   0x00000004   Code   RO         3218    .ARM.Collect$$_printf_percent$$00000017  c_w.l(_printf_percent_end.o)
    0x080001b4   0x080001b4   0x00000002   Code   RO         3258    .ARM.Collect$$libinit$$00000000  c_w.l(libinit.o)
    0x080001b6   0x080001b6   0x00000000   Code   RO         3265    .ARM.Collect$$libinit$$00000002  c_w.l(libinit2.o)
    0x080001b6   0x080001b6   0x00000000   Code   RO         3267    .ARM.Collect$$libinit$$00000004  c_w.l(libinit2.o)
    0x080001b6   0x080001b6   0x00000000   Code   RO         3270    .ARM.Collect$$libinit$$0000000A  c_w.l(libinit2.o)
    0x080001b6   0x080001b6   0x00000000   Code   RO         3272    .ARM.Collect$$libinit$$0000000C  c_w.l(libinit2.o)
    0x080001b6   0x080001b6   0x00000000   Code   RO         3274    .ARM.Collect$$libinit$$0000000E  c_w.l(libinit2.o)
    0x080001b6   0x080001b6   0x00000000   Code   RO         3277    .ARM.Collect$$libinit$$00000011  c_w.l(libinit2.o)
    0x080001b6   0x080001b6   0x00000000   Code   RO         3279    .ARM.Collect$$libinit$$00000013  c_w.l(libinit2.o)
    0x080001b6   0x080001b6   0x00000000   Code   RO         3281    .ARM.Collect$$libinit$$00000015  c_w.l(libinit2.o)
    0x080001b6   0x080001b6   0x00000000   Code   RO         3283    .ARM.Collect$$libinit$$00000017  c_w.l(libinit2.o)
    0x080001b6   0x080001b6   0x00000000   Code   RO         3285    .ARM.Collect$$libinit$$00000019  c_w.l(libinit2.o)
    0x080001b6   0x080001b6   0x00000000   Code   RO         3287    .ARM.Collect$$libinit$$0000001B  c_w.l(libinit2.o)
    0x080001b6   0x080001b6   0x00000000   Code   RO         3289    .ARM.Collect$$libinit$$0000001D  c_w.l(libinit2.o)
    0x080001b6   0x080001b6   0x00000000   Code   RO         3291    .ARM.Collect$$libinit$$0000001F  c_w.l(libinit2.o)
    0x080001b6   0x080001b6   0x00000000   Code   RO         3293    .ARM.Collect$$libinit$$00000021  c_w.l(libinit2.o)
    0x080001b6   0x080001b6   0x00000000   Code   RO         3295    .ARM.Collect$$libinit$$00000023  c_w.l(libinit2.o)
    0x080001b6   0x080001b6   0x00000000   Code   RO         3297    .ARM.Collect$$libinit$$00000025  c_w.l(libinit2.o)
    0x080001b6   0x080001b6   0x00000000   Code   RO         3301    .ARM.Collect$$libinit$$0000002C  c_w.l(libinit2.o)
    0x080001b6   0x080001b6   0x00000000   Code   RO         3303    .ARM.Collect$$libinit$$0000002E  c_w.l(libinit2.o)
    0x080001b6   0x080001b6   0x00000000   Code   RO         3305    .ARM.Collect$$libinit$$00000030  c_w.l(libinit2.o)
    0x080001b6   0x080001b6   0x00000000   Code   RO         3307    .ARM.Collect$$libinit$$00000032  c_w.l(libinit2.o)
    0x080001b6   0x080001b6   0x00000002   Code   RO         3308    .ARM.Collect$$libinit$$00000033  c_w.l(libinit2.o)
    0x080001b8   0x080001b8   0x00000002   Code   RO         3326    .ARM.Collect$$libshutdown$$00000000  c_w.l(libshutdown.o)
    0x080001ba   0x080001ba   0x00000000   Code   RO         3336    .ARM.Collect$$libshutdown$$00000002  c_w.l(libshutdown2.o)
    0x080001ba   0x080001ba   0x00000000   Code   RO         3338    .ARM.Collect$$libshutdown$$00000004  c_w.l(libshutdown2.o)
    0x080001ba   0x080001ba   0x00000000   Code   RO         3341    .ARM.Collect$$libshutdown$$00000007  c_w.l(libshutdown2.o)
    0x080001ba   0x080001ba   0x00000000   Code   RO         3344    .ARM.Collect$$libshutdown$$0000000A  c_w.l(libshutdown2.o)
    0x080001ba   0x080001ba   0x00000000   Code   RO         3346    .ARM.Collect$$libshutdown$$0000000C  c_w.l(libshutdown2.o)
    0x080001ba   0x080001ba   0x00000000   Code   RO         3349    .ARM.Collect$$libshutdown$$0000000F  c_w.l(libshutdown2.o)
    0x080001ba   0x080001ba   0x00000002   Code   RO         3350    .ARM.Collect$$libshutdown$$00000010  c_w.l(libshutdown2.o)
    0x080001bc   0x080001bc   0x00000000   Code   RO         3213    .ARM.Collect$$rtentry$$00000000  c_w.l(__rtentry.o)
    0x080001bc   0x080001bc   0x00000000   Code   RO         3227    .ARM.Collect$$rtentry$$00000002  c_w.l(__rtentry2.o)
    0x080001bc   0x080001bc   0x00000006   Code   RO         3239    .ARM.Collect$$rtentry$$00000004  c_w.l(__rtentry4.o)
    0x080001c2   0x080001c2   0x00000000   Code   RO         3229    .ARM.Collect$$rtentry$$00000009  c_w.l(__rtentry2.o)
    0x080001c2   0x080001c2   0x00000004   Code   RO         3230    .ARM.Collect$$rtentry$$0000000A  c_w.l(__rtentry2.o)
    0x080001c6   0x080001c6   0x00000000   Code   RO         3232    .ARM.Collect$$rtentry$$0000000C  c_w.l(__rtentry2.o)
    0x080001c6   0x080001c6   0x00000008   Code   RO         3233    .ARM.Collect$$rtentry$$0000000D  c_w.l(__rtentry2.o)
    0x080001ce   0x080001ce   0x00000002   Code   RO         3262    .ARM.Collect$$rtexit$$00000000  c_w.l(rtexit.o)
    0x080001d0   0x080001d0   0x00000000   Code   RO         3310    .ARM.Collect$$rtexit$$00000002  c_w.l(rtexit2.o)
    0x080001d0   0x080001d0   0x00000004   Code   RO         3311    .ARM.Collect$$rtexit$$00000003  c_w.l(rtexit2.o)
    0x080001d4   0x080001d4   0x00000006   Code   RO         3312    .ARM.Collect$$rtexit$$00000004  c_w.l(rtexit2.o)
    0x080001da   0x080001da   0x00000002   PAD
    0x080001dc   0x080001dc   0x00000040   Code   RO            4  * .text               startup_stm32f10x_hd.o
    0x0800021c   0x0800021c   0x00000002   Code   RO         3119    .text               c_w.l(use_no_semi_2.o)
    0x0800021e   0x0800021e   0x00000002   PAD
    0x08000220   0x08000220   0x00000018   Code   RO         3123    .text               c_w.l(noretval__2printf.o)
    0x08000238   0x08000238   0x00000068   Code   RO         3125    .text               c_w.l(__printf.o)
    0x080002a0   0x080002a0   0x00000078   Code   RO         3127    .text               c_w.l(_printf_dec.o)
    0x08000318   0x08000318   0x00000058   Code   RO         3132    .text               c_w.l(_printf_hex_int.o)
    0x08000370   0x08000370   0x00000006   Code   RO         3173    .text               c_w.l(heapauxi.o)
    0x08000376   0x08000376   0x00000002   Code   RO         3211    .text               c_w.l(use_no_semi.o)
    0x08000378   0x08000378   0x000000b2   Code   RO         3214    .text               c_w.l(_printf_intcommon.o)
    0x0800042a   0x0800042a   0x00000002   PAD
    0x0800042c   0x0800042c   0x00000024   Code   RO         3216    .text               c_w.l(_printf_char_file.o)
    0x08000450   0x08000450   0x00000030   Code   RO         3241    .text               c_w.l(_printf_char_common.o)
    0x08000480   0x08000480   0x00000008   Code   RO         3243    .text               c_w.l(ferror.o)
    0x08000488   0x08000488   0x0000004a   Code   RO         3247    .text               c_w.l(sys_stackheap_outer.o)
    0x080004d2   0x080004d2   0x00000012   Code   RO         3251    .text               c_w.l(exit.o)
    0x080004e4   0x080004e4   0x00000008   Code   RO         3259    .text               c_w.l(libspace.o)
    0x080004ec   0x080004ec   0x00000016   Code   RO          143    i.ADC_Cmd           stm32f10x_adc.o
    0x08000502   0x08000502   0x00000002   PAD
    0x08000504   0x08000504   0x0000005c   Code   RO          145    i.ADC_DeInit        stm32f10x_adc.o
    0x08000560   0x08000560   0x00000014   Code   RO          151    i.ADC_GetCalibrationStatus  stm32f10x_adc.o
    0x08000574   0x08000574   0x00000014   Code   RO          157    i.ADC_GetResetCalibrationStatus  stm32f10x_adc.o
    0x08000588   0x08000588   0x00000050   Code   RO          161    i.ADC_Init          stm32f10x_adc.o
    0x080005d8   0x080005d8   0x0000000a   Code   RO          166    i.ADC_ResetCalibration  stm32f10x_adc.o
    0x080005e2   0x080005e2   0x0000000a   Code   RO          170    i.ADC_StartCalibration  stm32f10x_adc.o
    0x080005ec   0x080005ec   0x00000024   Code   RO          172    i.ADC_TempSensorVrefintCmd  stm32f10x_adc.o
    0x08000610   0x08000610   0x00000008   Code   RO         2857    i.AT24CXX_Init      bspat24cxx.o
    0x08000618   0x08000618   0x0000000c   Code   RO         2199    i.AdcConfig         bspadc.o
    0x08000624   0x08000624   0x0000002c   Code   RO         2200    i.AdcxGPIOConfig    bspadc.o
    0x08000650   0x08000650   0x00000074   Code   RO         2201    i.AdcxModeConfig    bspadc.o
    0x080006c4   0x080006c4   0x00000010   Code   RO         1671    i.BKP_DeInit        stm32f10x_bkp.o
    0x080006d4   0x080006d4   0x0000001c   Code   RO         1676    i.BKP_ReadBackupRegister  stm32f10x_bkp.o
    0x080006f0   0x080006f0   0x0000001c   Code   RO         1680    i.BKP_WriteBackupRegister  stm32f10x_bkp.o
    0x0800070c   0x0800070c   0x00000036   Code   RO         2732    i.BspInit           main.o
    0x08000742   0x08000742   0x00000004   Code   RO         2142    i.BusFault_Handler  stm32f10x_it.o
    0x08000746   0x08000746   0x00000002   PAD
    0x08000748   0x08000748   0x00000044   Code   RO         2752    i.ButtonConfig      bspbutton.o
    0x0800078c   0x0800078c   0x000000c8   Code   RO         2753    i.ButtonScan        bspbutton.o
    0x08000854   0x08000854   0x00000034   Code   RO         2321    i.BuzzerConfig      bspbuzzer.o
    0x08000888   0x08000888   0x00000002   Code   RO         2143    i.DebugMon_Handler  stm32f10x_it.o
    0x0800088a   0x0800088a   0x00000002   Code   RO         2964    i.EXTI0_IRQHandler  bspexti.o
    0x0800088c   0x0800088c   0x00000002   Code   RO         2965    i.EXTI2_IRQHandler  bspexti.o
    0x0800088e   0x0800088e   0x00000002   Code   RO         2966    i.EXTI3_IRQHandler  bspexti.o
    0x08000890   0x08000890   0x00000002   Code   RO         2967    i.EXTI4_IRQHandler  bspexti.o
    0x08000892   0x08000892   0x00000002   PAD
    0x08000894   0x08000894   0x0000004c   Code   RO         1890    i.FLASH_ErasePage   stm32f10x_flash.o
    0x080008e0   0x080008e0   0x00000034   Code   RO         1891    i.FLASH_GetBank1Status  stm32f10x_flash.o
    0x08000914   0x08000914   0x00000014   Code   RO         1900    i.FLASH_Lock        stm32f10x_flash.o
    0x08000928   0x08000928   0x00000040   Code   RO         1903    i.FLASH_ProgramHalfWord  stm32f10x_flash.o
    0x08000968   0x08000968   0x00000018   Code   RO         1908    i.FLASH_Unlock      stm32f10x_flash.o
    0x08000980   0x08000980   0x00000026   Code   RO         1912    i.FLASH_WaitForLastOperation  stm32f10x_flash.o
    0x080009a6   0x080009a6   0x00000002   PAD
    0x080009a8   0x080009a8   0x00000034   Code   RO         1470    i.FSMC_NORSRAMCmd   stm32f10x_fsmc.o
    0x080009dc   0x080009dc   0x000000e6   Code   RO         1472    i.FSMC_NORSRAMInit  stm32f10x_fsmc.o
    0x08000ac2   0x08000ac2   0x00000116   Code   RO          423    i.GPIO_Init         stm32f10x_gpio.o
    0x08000bd8   0x08000bd8   0x00000012   Code   RO          427    i.GPIO_ReadInputDataBit  stm32f10x_gpio.o
    0x08000bea   0x08000bea   0x00000004   Code   RO          430    i.GPIO_ResetBits    stm32f10x_gpio.o
    0x08000bee   0x08000bee   0x00000004   Code   RO          431    i.GPIO_SetBits      stm32f10x_gpio.o
    0x08000bf2   0x08000bf2   0x0000000c   Code   RO         2250    i.GeneralTimConfig  bspgeneraltim.o
    0x08000bfe   0x08000bfe   0x0000004c   Code   RO         2251    i.GeneralTimModeConfig  bspgeneraltim.o
    0x08000c4a   0x08000c4a   0x0000002a   Code   RO         2252    i.GeneralTimNvicConfig  bspgeneraltim.o
    0x08000c74   0x08000c74   0x00000004   Code   RO         2144    i.HardFault_Handler  stm32f10x_it.o
    0x08000c78   0x08000c78   0x00000034   Code   RO         2911    i.IIC_Init          bspiic.o
    0x08000cac   0x08000cac   0x0000003a   Code   RO         2666    i.Is_Leap_Year      bsprtc.o
    0x08000ce6   0x08000ce6   0x00000002   PAD
    0x08000ce8   0x08000ce8   0x0000006c   Code   RO         2463    i.LCD_Clear         bsplcd.o
    0x08000d54   0x08000d54   0x000001c0   Code   RO         2467    i.LCD_Display_Dir   bsplcd.o
    0x08000f14   0x08000f14   0x0000017c   Code   RO         2472    i.LCD_Fast_DrawPoint  bsplcd.o
    0x08001090   0x08001090   0x000000bc   Code   RO         2473    i.LCD_Fill          bsplcd.o
    0x0800114c   0x0800114c   0x00000014   Code   RO         2475    i.LCD_RD_DATA       bsplcd.o
    0x08001160   0x08001160   0x00000016   Code   RO         2477    i.LCD_ReadReg       bsplcd.o
    0x08001176   0x08001176   0x00000002   PAD
    0x08001178   0x08001178   0x00000054   Code   RO         2478    i.LCD_SSD_BackLightSet  bsplcd.o
    0x080011cc   0x080011cc   0x000002ec   Code   RO         2479    i.LCD_Scan_Dir      bsplcd.o
    0x080014b8   0x080014b8   0x000001a8   Code   RO         2480    i.LCD_SetCursor     bsplcd.o
    0x08001660   0x08001660   0x00000128   Code   RO         2482    i.LCD_ShowChar      bsplcd.o
    0x08001788   0x08001788   0x00000066   Code   RO         2484    i.LCD_ShowString    bsplcd.o
    0x080017ee   0x080017ee   0x00000002   PAD
    0x080017f0   0x080017f0   0x0000000c   Code   RO         2486    i.LCD_WR_DATA       bsplcd.o
    0x080017fc   0x080017fc   0x0000000c   Code   RO         2487    i.LCD_WR_REG        bsplcd.o
    0x08001808   0x08001808   0x00000014   Code   RO         2489    i.LCD_WriteRAM_Prepare  bsplcd.o
    0x0800181c   0x0800181c   0x00000010   Code   RO         2490    i.LCD_WriteReg      bsplcd.o
    0x0800182c   0x0800182c   0x00003774   Code   RO         2491    i.LcdConfig         bsplcd.o
    0x08004fa0   0x08004fa0   0x00000058   Code   RO         2285    i.LedGPIOConfig     bspled.o
    0x08004ff8   0x08004ff8   0x00000004   Code   RO         2145    i.MemManage_Handler  stm32f10x_it.o
    0x08004ffc   0x08004ffc   0x00000002   Code   RO         2146    i.NMI_Handler       stm32f10x_it.o
    0x08004ffe   0x08004ffe   0x00000002   PAD
    0x08005000   0x08005000   0x00000070   Code   RO         1807    i.NVIC_Init         misc.o
    0x08005070   0x08005070   0x00000014   Code   RO         1808    i.NVIC_PriorityGroupConfig  misc.o
    0x08005084   0x08005084   0x0000000c   Code   RO         1747    i.PWR_BackupAccessCmd  stm32f10x_pwr.o
    0x08005090   0x08005090   0x00000002   Code   RO         2147    i.PendSV_Handler    stm32f10x_it.o
    0x08005092   0x08005092   0x00000002   PAD
    0x08005094   0x08005094   0x00000018   Code   RO         1259    i.RCC_ADCCLKConfig  stm32f10x_rcc.o
    0x080050ac   0x080050ac   0x00000020   Code   RO         1260    i.RCC_AHBPeriphClockCmd  stm32f10x_rcc.o
    0x080050cc   0x080050cc   0x00000020   Code   RO         1261    i.RCC_APB1PeriphClockCmd  stm32f10x_rcc.o
    0x080050ec   0x080050ec   0x00000020   Code   RO         1263    i.RCC_APB2PeriphClockCmd  stm32f10x_rcc.o
    0x0800510c   0x0800510c   0x00000020   Code   RO         1264    i.RCC_APB2PeriphResetCmd  stm32f10x_rcc.o
    0x0800512c   0x0800512c   0x0000000c   Code   RO         1266    i.RCC_BackupResetCmd  stm32f10x_rcc.o
    0x08005138   0x08005138   0x000000d4   Code   RO         1271    i.RCC_GetClocksFreq  stm32f10x_rcc.o
    0x0800520c   0x0800520c   0x0000003c   Code   RO         1272    i.RCC_GetFlagStatus  stm32f10x_rcc.o
    0x08005248   0x08005248   0x00000034   Code   RO         1279    i.RCC_LSEConfig     stm32f10x_rcc.o
    0x0800527c   0x0800527c   0x0000000c   Code   RO         1286    i.RCC_RTCCLKCmd     stm32f10x_rcc.o
    0x08005288   0x08005288   0x00000010   Code   RO         1287    i.RCC_RTCCLKConfig  stm32f10x_rcc.o
    0x08005298   0x08005298   0x00000010   Code   RO         1580    i.RTC_ClearITPendingBit  stm32f10x_rtc.o
    0x080052a8   0x080052a8   0x00000014   Code   RO         1581    i.RTC_EnterConfigMode  stm32f10x_rtc.o
    0x080052bc   0x080052bc   0x00000014   Code   RO         1582    i.RTC_ExitConfigMode  stm32f10x_rtc.o
    0x080052d0   0x080052d0   0x00000100   Code   RO         2668    i.RTC_Get           bsprtc.o
    0x080053d0   0x080053d0   0x00000014   Code   RO         1583    i.RTC_GetCounter    stm32f10x_rtc.o
    0x080053e4   0x080053e4   0x00000024   Code   RO         1586    i.RTC_GetITStatus   stm32f10x_rtc.o
    0x08005408   0x08005408   0x00000078   Code   RO         2669    i.RTC_Get_Week      bsprtc.o
    0x08005480   0x08005480   0x00000070   Code   RO         2670    i.RTC_IRQHandler    bsprtc.o
    0x080054f0   0x080054f0   0x00000020   Code   RO         1587    i.RTC_ITConfig      stm32f10x_rtc.o
    0x08005510   0x08005510   0x00000020   Code   RO         2671    i.RTC_NVIC_Config   bsprtc.o
    0x08005530   0x08005530   0x000000c8   Code   RO         2672    i.RTC_Set           bsprtc.o
    0x080055f8   0x080055f8   0x0000001c   Code   RO         1589    i.RTC_SetCounter    stm32f10x_rtc.o
    0x08005614   0x08005614   0x00000020   Code   RO         1590    i.RTC_SetPrescaler  stm32f10x_rtc.o
    0x08005634   0x08005634   0x00000014   Code   RO         1591    i.RTC_WaitForLastTask  stm32f10x_rtc.o
    0x08005648   0x08005648   0x00000024   Code   RO         1592    i.RTC_WaitForSynchro  stm32f10x_rtc.o
    0x0800566c   0x0800566c   0x000000be   Code   RO         2673    i.RtcConfig         bsprtc.o
    0x0800572a   0x0800572a   0x00000022   Code   RO         3018    i.STMFLASH_Read     bspflash.o
    0x0800574c   0x0800574c   0x00000006   Code   RO         3019    i.STMFLASH_ReadHalfWord  bspflash.o
    0x08005752   0x08005752   0x00000002   PAD
    0x08005754   0x08005754   0x000000e8   Code   RO         3020    i.STMFLASH_Write    bspflash.o
    0x0800583c   0x0800583c   0x00000026   Code   RO         3021    i.STMFLASH_Write_NoCheck  bspflash.o
    0x08005862   0x08005862   0x00000002   Code   RO         2148    i.SVC_Handler       stm32f10x_it.o
    0x08005864   0x08005864   0x00000008   Code   RO           24    i.SetSysClock       system_stm32f10x.o
    0x0800586c   0x0800586c   0x000000e0   Code   RO           25    i.SetSysClockTo72   system_stm32f10x.o
    0x0800594c   0x0800594c   0x00000028   Code   RO         1811    i.SysTick_CLKSourceConfig  misc.o
    0x08005974   0x08005974   0x00000060   Code   RO           27    i.SystemInit        system_stm32f10x.o
    0x080059d4   0x080059d4   0x00000080   Code   RO          531    i.TI1_Config        stm32f10x_tim.o
    0x08005a54   0x08005a54   0x00000098   Code   RO          532    i.TI2_Config        stm32f10x_tim.o
    0x08005aec   0x08005aec   0x00000090   Code   RO          533    i.TI3_Config        stm32f10x_tim.o
    0x08005b7c   0x08005b7c   0x00000098   Code   RO          534    i.TI4_Config        stm32f10x_tim.o
    0x08005c14   0x08005c14   0x00000024   Code   RO         2253    i.TIM2_IRQHandler   bspgeneraltim.o
    0x08005c38   0x08005c38   0x00000088   Code   RO         2771    i.TIM5_CH2_Cap_Init  bsptpad.o
    0x08005cc0   0x08005cc0   0x00000006   Code   RO          541    i.TIM_ClearFlag     stm32f10x_tim.o
    0x08005cc6   0x08005cc6   0x00000006   Code   RO          542    i.TIM_ClearITPendingBit  stm32f10x_tim.o
    0x08005ccc   0x08005ccc   0x00000018   Code   RO          547    i.TIM_Cmd           stm32f10x_tim.o
    0x08005ce4   0x08005ce4   0x00000006   Code   RO          563    i.TIM_GetCapture2   stm32f10x_tim.o
    0x08005cea   0x08005cea   0x00000006   Code   RO          566    i.TIM_GetCounter    stm32f10x_tim.o
    0x08005cf0   0x08005cf0   0x00000012   Code   RO          567    i.TIM_GetFlagStatus  stm32f10x_tim.o
    0x08005d02   0x08005d02   0x00000022   Code   RO          568    i.TIM_GetITStatus   stm32f10x_tim.o
    0x08005d24   0x08005d24   0x000000ac   Code   RO          570    i.TIM_ICInit        stm32f10x_tim.o
    0x08005dd0   0x08005dd0   0x00000012   Code   RO          572    i.TIM_ITConfig      stm32f10x_tim.o
    0x08005de2   0x08005de2   0x00000004   Code   RO          612    i.TIM_SetCounter    stm32f10x_tim.o
    0x08005de6   0x08005de6   0x00000012   Code   RO          613    i.TIM_SetIC1Prescaler  stm32f10x_tim.o
    0x08005df8   0x08005df8   0x0000001a   Code   RO          614    i.TIM_SetIC2Prescaler  stm32f10x_tim.o
    0x08005e12   0x08005e12   0x00000012   Code   RO          615    i.TIM_SetIC3Prescaler  stm32f10x_tim.o
    0x08005e24   0x08005e24   0x0000001a   Code   RO          616    i.TIM_SetIC4Prescaler  stm32f10x_tim.o
    0x08005e3e   0x08005e3e   0x00000002   PAD
    0x08005e40   0x08005e40   0x000000a4   Code   RO          618    i.TIM_TimeBaseInit  stm32f10x_tim.o
    0x08005ee4   0x08005ee4   0x00000038   Code   RO         2773    i.TPAD_Get_Val      bsptpad.o
    0x08005f1c   0x08005f1c   0x0000005c   Code   RO         2774    i.TPAD_Reset        bsptpad.o
    0x08005f78   0x08005f78   0x0000007c   Code   RO         2824    i.TemperatureAdcConfig  bspadctemperaturesensor.o
    0x08005ff4   0x08005ff4   0x000000bc   Code   RO         2775    i.TpadConfig        bsptpad.o
    0x080060b0   0x080060b0   0x00000024   Code   RO         2347    i.USART1_IRQHandler  bspusart232.o
    0x080060d4   0x080060d4   0x00000018   Code   RO         1083    i.USART_Cmd         stm32f10x_usart.o
    0x080060ec   0x080060ec   0x00000054   Code   RO         1087    i.USART_GetITStatus  stm32f10x_usart.o
    0x08006140   0x08006140   0x0000004a   Code   RO         1089    i.USART_ITConfig    stm32f10x_usart.o
    0x0800618a   0x0800618a   0x00000002   PAD
    0x0800618c   0x0800618c   0x000000d8   Code   RO         1090    i.USART_Init        stm32f10x_usart.o
    0x08006264   0x08006264   0x0000000a   Code   RO         1097    i.USART_ReceiveData  stm32f10x_usart.o
    0x0800626e   0x0800626e   0x00000008   Code   RO         1100    i.USART_SendData    stm32f10x_usart.o
    0x08006276   0x08006276   0x00000004   Code   RO         2149    i.UsageFault_Handler  stm32f10x_it.o
    0x0800627a   0x0800627a   0x00000002   PAD
    0x0800627c   0x0800627c   0x00000098   Code   RO         2348    i.Usart1RS232Config  bspusart232.o
    0x08006314   0x08006314   0x00000026   Code   RO         2349    i.Usart1RS232NvicConfig  bspusart232.o
    0x0800633a   0x0800633a   0x00000002   PAD
    0x0800633c   0x0800633c   0x000000bc   Code   RO         2419    i.Usart2RS485Config  bsprs485.o
    0x080063f8   0x080063f8   0x00000020   Code   RO         2420    i.Usart2RS485NvicConfig  bsprs485.o
    0x08006418   0x08006418   0x00000004   Code   RO         2351    i._sys_exit         bspusart232.o
    0x0800641c   0x0800641c   0x00000044   Code   RO         3057    i.delay_init        delay.o
    0x08006460   0x08006460   0x0000004c   Code   RO         3058    i.delay_ms          delay.o
    0x080064ac   0x080064ac   0x0000004c   Code   RO         3059    i.delay_us          delay.o
    0x080064f8   0x080064f8   0x0000001c   Code   RO         2353    i.fputc             bspusart232.o
    0x08006514   0x08006514   0x00000204   Code   RO         2733    i.main              main.o
    0x08006718   0x08006718   0x0000005a   Code   RO         3191    x$fpl$dfixu         fz_ws.l(dfixu.o)
    0x08006772   0x08006772   0x00000026   Code   RO         3195    x$fpl$dfltu         fz_ws.l(dflt_clz.o)
    0x08006798   0x08006798   0x00000154   Code   RO         3201    x$fpl$dmul          fz_ws.l(dmul.o)
    0x080068ec   0x080068ec   0x0000009c   Code   RO         3219    x$fpl$dnaninf       fz_ws.l(dnaninf.o)
    0x08006988   0x08006988   0x0000000c   Code   RO         3221    x$fpl$dretinf       fz_ws.l(dretinf.o)
    0x08006994   0x08006994   0x00000000   Code   RO         3225    x$fpl$usenofp       fz_ws.l(usenofp.o)
    0x08006994   0x08006994   0x000017c0   Data   RO         2494    .constdata          bsplcd.o
    0x08008154   0x08008154   0x00000018   Data   RO         2675    .constdata          bsprtc.o
    0x0800816c   0x0800816c   0x00000015   Data   RO         2734    .constdata          main.o
    0x08008181   0x08008181   0x00000028   Data   RO         3133    .constdata          c_w.l(_printf_hex_int.o)
    0x080081a9   0x080081a9   0x00000003   PAD
    0x080081ac   0x080081ac   0x00000020   Data   RO         3380    Region$$Table       anon$$obj.o


    Execution Region ER_RW (Exec base: 0x20000000, Load base: 0x080081cc, Size: 0x00000044, Max: 0xffffffff, ABSOLUTE)

    Exec Addr    Load Addr    Size         Type   Attr      Idx    E Section Name        Object

    0x20000000   0x080081cc   0x00000014   Data   RW           28    .data               system_stm32f10x.o
    0x20000014   0x080081e0   0x00000014   Data   RW         1291    .data               stm32f10x_rcc.o
    0x20000028   0x080081f4   0x00000004   Data   RW         2254    .data               bspgeneraltim.o
    0x2000002c   0x080081f8   0x00000006   Data   RW         2355    .data               bspusart232.o
    0x20000032   0x080081fe   0x00000004   Data   RW         2495    .data               bsplcd.o
    0x20000036   0x08008202   0x00000002   Data   RW         2676    .data               bsprtc.o
    0x20000038   0x08008204   0x00000001   Data   RW         2754    .data               bspbutton.o
    0x20000039   0x08008205   0x00000001   PAD
    0x2000003a   0x08008206   0x00000003   Data   RW         2777    .data               bsptpad.o
    0x2000003d   0x08008209   0x00000001   PAD
    0x2000003e   0x0800820a   0x00000004   Data   RW         3060    .data               delay.o


    Execution Region ER_ZI (Exec base: 0x20000044, Load base: 0x08008210, Size: 0x00000e7c, Max: 0xffffffff, ABSOLUTE)

    Exec Addr    Load Addr    Size         Type   Attr      Idx    E Section Name        Object

    0x20000044        -       0x0000000e   Zero   RW         2493    .bss                bsplcd.o
    0x20000052        -       0x0000000a   Zero   RW         2674    .bss                bsprtc.o
    0x2000005c        -       0x00000800   Zero   RW         3023    .bss                bspflash.o
    0x2000085c        -       0x00000060   Zero   RW         3260    .bss                c_w.l(libspace.o)
    0x200008bc   0x08008210   0x00000004   PAD
    0x200008c0        -       0x00000200   Zero   RW            2    HEAP                startup_stm32f10x_hd.o
    0x20000ac0        -       0x00000400   Zero   RW            1    STACK               startup_stm32f10x_hd.o


==============================================================================

Image component sizes


      Code (inc. data)   RO Data    RW Data    ZI Data      Debug   Object Name

       172         10          0          0          0       1640   bspadc.o
       124          6          0          0          0        691   bspadctemperaturesensor.o
         8          0          0          0          0        523   bspat24cxx.o
       268         22          0          1          0       1340   bspbutton.o
        52          4          0          0          0        571   bspbuzzer.o
         8          0          0          0          0       1996   bspexti.o
       310         10          0          0       2048       3817   bspflash.o
       166          4          0          4          0       2526   bspgeneraltim.o
        52          6          0          0          0        555   bspiic.o
     17076        194       6080          4         14      26559   bsplcd.o
        88          8          0          0          0        584   bspled.o
       220         16          0          0          0       1256   bsprs485.o
       968         72         24          2         10      11296   bsprtc.o
       472         54          0          3          0       3855   bsptpad.o
       258         18          0          6          0      10464   bspusart232.o
         0          0          0          0          0       4508   core_cm3.o
       220         26          0          4          0       2003   delay.o
       570        200         21          0          0       1957   main.o
       172         22          0          0          0       2201   misc.o
        64         26        304          0       1536        916   startup_stm32f10x_hd.o
       290         30          0          0          0       6874   stm32f10x_adc.o
        72         10          0          0          0       2832   stm32f10x_bkp.o
       274         30          0          0          0     266994   stm32f10x_flash.o
       282          6          0          0          0       1921   stm32f10x_fsmc.o
       304          0          0          0          0       3840   stm32f10x_gpio.o
        24          0          0          0          0       4040   stm32f10x_it.o
        12          6          0          0          0        550   stm32f10x_pwr.o
       516         76          0         20          0       9342   stm32f10x_rcc.o
       260         48          0          0          0       5544   stm32f10x_rtc.o
      1122        150          0          0          0      13055   stm32f10x_tim.o
       416          6          0          0          0       5799   stm32f10x_usart.o
       328         28          0         20          0     268205   system_stm32f10x.o

    ----------------------------------------------------------------------
     25196       1088       6461         68       3608     668254   Object Totals
         0          0         32          0          0          0   (incl. Generated)
        28          0          0          4          0          0   (incl. Padding)

    ----------------------------------------------------------------------

      Code (inc. data)   RO Data    RW Data    ZI Data      Debug   Library Member Name

         8          0          0          0          0         68   __main.o
       104          0          0          0          0         84   __printf.o
         0          0          0          0          0          0   __rtentry.o
        12          0          0          0          0          0   __rtentry2.o
         6          0          0          0          0          0   __rtentry4.o
        52          8          0          0          0          0   __scatter.o
        26          0          0          0          0          0   __scatter_copy.o
        28          0          0          0          0          0   __scatter_zi.o
        48          6          0          0          0         96   _printf_char_common.o
        36          4          0          0          0         80   _printf_char_file.o
         6          0          0          0          0          0   _printf_d.o
       120         16          0          0          0         92   _printf_dec.o
        88          4         40          0          0         88   _printf_hex_int.o
       178          0          0          0          0         88   _printf_intcommon.o
         0          0          0          0          0          0   _printf_percent.o
         4          0          0          0          0          0   _printf_percent_end.o
         6          0          0          0          0          0   _printf_x.o
        18          0          0          0          0         80   exit.o
         8          0          0          0          0         68   ferror.o
         6          0          0          0          0        152   heapauxi.o
         2          0          0          0          0          0   libinit.o
         2          0          0          0          0          0   libinit2.o
         2          0          0          0          0          0   libshutdown.o
         2          0          0          0          0          0   libshutdown2.o
         8          4          0          0         96         68   libspace.o
        24          4          0          0          0         84   noretval__2printf.o
         2          0          0          0          0          0   rtexit.o
        10          0          0          0          0          0   rtexit2.o
        74          0          0          0          0         80   sys_stackheap_outer.o
         2          0          0          0          0         68   use_no_semi.o
         2          0          0          0          0         68   use_no_semi_2.o
        90          4          0          0          0         92   dfixu.o
        38          0          0          0          0         68   dflt_clz.o
       340         12          0          0          0        104   dmul.o
       156          4          0          0          0         92   dnaninf.o
        12          0          0          0          0         68   dretinf.o
         0          0          0          0          0          0   usenofp.o

    ----------------------------------------------------------------------
      1528         66         43          0        100       1688   Library Totals
         8          0          3          0          4          0   (incl. Padding)

    ----------------------------------------------------------------------

      Code (inc. data)   RO Data    RW Data    ZI Data      Debug   Library Name

       884         46         40          0         96       1264   c_w.l
       636         20          0          0          0        424   fz_ws.l

    ----------------------------------------------------------------------
      1528         66         43          0        100       1688   Library Totals

    ----------------------------------------------------------------------

==============================================================================


      Code (inc. data)   RO Data    RW Data    ZI Data      Debug   

     26724       1154       6504         68       3708     661930   Grand Totals
     26724       1154       6504         68       3708     661930   ELF Image Totals
     26724       1154       6504         68          0          0   ROM Totals

==============================================================================

    Total RO  Size (Code + RO Data)                33228 (  32.45kB)
    Total RW  Size (RW Data + ZI Data)              3776 (   3.69kB)
    Total ROM Size (Code + RO Data + RW Data)      33296 (  32.52kB)

==============================================================================

