Component: ARM Compiler 5.06 update 6 (build 750) Tool: armlink [4d35ed]

==============================================================================

Section Cross References

    startup_stm32f10x_hd.o(STACK) refers (Special) to heapauxi.o(.text) for __use_two_region_memory
    startup_stm32f10x_hd.o(HEAP) refers (Special) to heapauxi.o(.text) for __use_two_region_memory
    startup_stm32f10x_hd.o(RESET) refers (Special) to heapauxi.o(.text) for __use_two_region_memory
    startup_stm32f10x_hd.o(RESET) refers to startup_stm32f10x_hd.o(STACK) for __initial_sp
    startup_stm32f10x_hd.o(RESET) refers to startup_stm32f10x_hd.o(.text) for Reset_Handler
    startup_stm32f10x_hd.o(RESET) refers to stm32f10x_it.o(i.NMI_Handler) for NMI_Handler
    startup_stm32f10x_hd.o(RESET) refers to stm32f10x_it.o(i.HardFault_Handler) for HardFault_Handler
    startup_stm32f10x_hd.o(RESET) refers to stm32f10x_it.o(i.MemManage_Handler) for MemManage_Handler
    startup_stm32f10x_hd.o(RESET) refers to stm32f10x_it.o(i.BusFault_Handler) for BusFault_Handler
    startup_stm32f10x_hd.o(RESET) refers to stm32f10x_it.o(i.UsageFault_Handler) for UsageFault_Handler
    startup_stm32f10x_hd.o(RESET) refers to stm32f10x_it.o(i.SVC_Handler) for SVC_Handler
    startup_stm32f10x_hd.o(RESET) refers to stm32f10x_it.o(i.DebugMon_Handler) for DebugMon_Handler
    startup_stm32f10x_hd.o(RESET) refers to stm32f10x_it.o(i.PendSV_Handler) for PendSV_Handler
    startup_stm32f10x_hd.o(RESET) refers to stm32f10x_it.o(i.SysTick_Handler) for SysTick_Handler
    startup_stm32f10x_hd.o(RESET) refers to stm32f10x_it.o(i.TIM2_IRQHandler) for TIM2_IRQHandler
    startup_stm32f10x_hd.o(RESET) refers to stm32f10x_it.o(i.USART1_IRQHandler) for USART1_IRQHandler
    startup_stm32f10x_hd.o(.text) refers (Special) to heapauxi.o(.text) for __use_two_region_memory
    startup_stm32f10x_hd.o(.text) refers to system_stm32f10x.o(i.SystemInit) for SystemInit
    startup_stm32f10x_hd.o(.text) refers to __main.o(!!!main) for __main
    startup_stm32f10x_hd.o(.text) refers to startup_stm32f10x_hd.o(HEAP) for Heap_Mem
    startup_stm32f10x_hd.o(.text) refers to startup_stm32f10x_hd.o(STACK) for Stack_Mem
    system_stm32f10x.o(i.SetSysClock) refers to system_stm32f10x.o(i.SetSysClockTo72) for SetSysClockTo72
    system_stm32f10x.o(i.SystemCoreClockUpdate) refers to system_stm32f10x.o(.data) for SystemCoreClock
    system_stm32f10x.o(i.SystemInit) refers to system_stm32f10x.o(i.SetSysClock) for SetSysClock
    stm32f10x_adc.o(i.ADC_DeInit) refers to stm32f10x_rcc.o(i.RCC_APB2PeriphResetCmd) for RCC_APB2PeriphResetCmd
    stm32f10x_gpio.o(i.GPIO_AFIODeInit) refers to stm32f10x_rcc.o(i.RCC_APB2PeriphResetCmd) for RCC_APB2PeriphResetCmd
    stm32f10x_gpio.o(i.GPIO_DeInit) refers to stm32f10x_rcc.o(i.RCC_APB2PeriphResetCmd) for RCC_APB2PeriphResetCmd
    stm32f10x_i2c.o(i.I2C_DeInit) refers to stm32f10x_rcc.o(i.RCC_APB1PeriphResetCmd) for RCC_APB1PeriphResetCmd
    stm32f10x_i2c.o(i.I2C_Init) refers to stm32f10x_rcc.o(i.RCC_GetClocksFreq) for RCC_GetClocksFreq
    stm32f10x_rcc.o(i.RCC_GetClocksFreq) refers to stm32f10x_rcc.o(.data) for APBAHBPrescTable
    stm32f10x_rcc.o(i.RCC_WaitForHSEStartUp) refers to stm32f10x_rcc.o(i.RCC_GetFlagStatus) for RCC_GetFlagStatus
    stm32f10x_tim.o(i.TIM_DeInit) refers to stm32f10x_rcc.o(i.RCC_APB2PeriphResetCmd) for RCC_APB2PeriphResetCmd
    stm32f10x_tim.o(i.TIM_DeInit) refers to stm32f10x_rcc.o(i.RCC_APB1PeriphResetCmd) for RCC_APB1PeriphResetCmd
    stm32f10x_tim.o(i.TIM_ETRClockMode1Config) refers to stm32f10x_tim.o(i.TIM_ETRConfig) for TIM_ETRConfig
    stm32f10x_tim.o(i.TIM_ETRClockMode2Config) refers to stm32f10x_tim.o(i.TIM_ETRConfig) for TIM_ETRConfig
    stm32f10x_tim.o(i.TIM_ICInit) refers to stm32f10x_tim.o(i.TI1_Config) for TI1_Config
    stm32f10x_tim.o(i.TIM_ICInit) refers to stm32f10x_tim.o(i.TIM_SetIC1Prescaler) for TIM_SetIC1Prescaler
    stm32f10x_tim.o(i.TIM_ICInit) refers to stm32f10x_tim.o(i.TI2_Config) for TI2_Config
    stm32f10x_tim.o(i.TIM_ICInit) refers to stm32f10x_tim.o(i.TIM_SetIC2Prescaler) for TIM_SetIC2Prescaler
    stm32f10x_tim.o(i.TIM_ICInit) refers to stm32f10x_tim.o(i.TI3_Config) for TI3_Config
    stm32f10x_tim.o(i.TIM_ICInit) refers to stm32f10x_tim.o(i.TIM_SetIC3Prescaler) for TIM_SetIC3Prescaler
    stm32f10x_tim.o(i.TIM_ICInit) refers to stm32f10x_tim.o(i.TI4_Config) for TI4_Config
    stm32f10x_tim.o(i.TIM_ICInit) refers to stm32f10x_tim.o(i.TIM_SetIC4Prescaler) for TIM_SetIC4Prescaler
    stm32f10x_tim.o(i.TIM_ITRxExternalClockConfig) refers to stm32f10x_tim.o(i.TIM_SelectInputTrigger) for TIM_SelectInputTrigger
    stm32f10x_tim.o(i.TIM_PWMIConfig) refers to stm32f10x_tim.o(i.TI1_Config) for TI1_Config
    stm32f10x_tim.o(i.TIM_PWMIConfig) refers to stm32f10x_tim.o(i.TIM_SetIC1Prescaler) for TIM_SetIC1Prescaler
    stm32f10x_tim.o(i.TIM_PWMIConfig) refers to stm32f10x_tim.o(i.TI2_Config) for TI2_Config
[...]
    .ARM.Collect$$rtentry$$0000000D          0x08000210   Section        8  __rtentry2.o(.ARM.Collect$$rtentry$$0000000D)
    .ARM.Collect$$rtexit$$00000000           0x08000218   Section        2  rtexit.o(.ARM.Collect$$rtexit$$00000000)
    .ARM.Collect$$rtexit$$00000002           0x0800021a   Section        0  rtexit2.o(.ARM.Collect$$rtexit$$00000002)
    .ARM.Collect$$rtexit$$00000003           0x0800021a   Section        4  rtexit2.o(.ARM.Collect$$rtexit$$00000003)
    .ARM.Collect$$rtexit$$00000004           0x0800021e   Section        6  rtexit2.o(.ARM.Collect$$rtexit$$00000004)
    .text                                    0x08000224   Section       64  startup_stm32f10x_hd.o(.text)
    .text                                    0x08000264   Section        2  use_no_semi_2.o(.text)
    .text                                    0x08000268   Section        0  noretval__2sprintf.o(.text)
    .text                                    0x08000290   Section        0  __printf_wp.o(.text)
    .text                                    0x0800039e   Section       78  rt_memclr_w.o(.text)
    .text                                    0x080003ec   Section        0  heapauxi.o(.text)
    .text                                    0x080003f2   Section        2  use_no_semi.o(.text)
    .text                                    0x080003f4   Section        0  _printf_fp_dec.o(.text)
    _fp_digits                               0x080003f7   Thumb Code   432  _printf_fp_dec.o(.text)
    .text                                    0x08000814   Section        0  _printf_char_common.o(.text)
    _printf_input_char                       0x08000815   Thumb Code    10  _printf_char_common.o(.text)
    .text                                    0x08000844   Section        0  _sputc.o(.text)
    .text                                    0x08000850   Section        8  rt_locale_intlibspace.o(.text)
    .text                                    0x08000858   Section      138  lludiv10.o(.text)
    .text                                    0x080008e4   Section        0  _printf_fp_infnan.o(.text)
    .text                                    0x08000964   Section        0  bigflt0.o(.text)
    .text                                    0x08000a48   Section        8  libspace.o(.text)
    .text                                    0x08000a50   Section       74  sys_stackheap_outer.o(.text)
    .text                                    0x08000a9a   Section        0  exit.o(.text)
    .text                                    0x08000aac   Section      128  strcmpv7m.o(.text)
    CL$$btod_d2e                             0x08000b2c   Section       62  btod.o(CL$$btod_d2e)
    CL$$btod_d2e_denorm_low                  0x08000b6a   Section       70  btod.o(CL$$btod_d2e_denorm_low)
    CL$$btod_d2e_norm_op1                    0x08000bb0   Section       96  btod.o(CL$$btod_d2e_norm_op1)
    CL$$btod_div_common                      0x08000c10   Section      824  btod.o(CL$$btod_div_common)
    CL$$btod_e2e                             0x08000f48   Section      220  btod.o(CL$$btod_e2e)
    CL$$btod_ediv                            0x08001024   Section       42  btod.o(CL$$btod_ediv)
    CL$$btod_emul                            0x0800104e   Section       42  btod.o(CL$$btod_emul)
    CL$$btod_mult_common                     0x08001078   Section      580  btod.o(CL$$btod_mult_common)
    i.ADCConfig                              0x080012bc   Section        0  bspadc.o(i.ADCConfig)
    i.ADCDMAConfig                           0x080012c8   Section        0  bspadc.o(i.ADCDMAConfig)
    ADCDMAConfig                             0x080012c9   Thumb Code    70  bspadc.o(i.ADCDMAConfig)
    i.ADC_Cmd                                0x0800131c   Section        0  stm32f10x_adc.o(i.ADC_Cmd)
    i.ADC_DeInit                             0x08001334   Section        0  stm32f10x_adc.o(i.ADC_DeInit)
    i.ADC_GetCalibrationStatus               0x08001390   Section        0  stm32f10x_adc.o(i.ADC_GetCalibrationStatus)
    i.ADC_GetConversionValue                 0x080013a4   Section        0  stm32f10x_adc.o(i.ADC_GetConversionValue)
    i.ADC_GetFlagStatus                      0x080013ac   Section        0  stm32f10x_adc.o(i.ADC_GetFlagStatus)
    i.ADC_GetResetCalibrationStatus          0x080013be   Section        0  stm32f10x_adc.o(i.ADC_GetResetCalibrationStatus)
    i.ADC_Init                               0x080013d4   Section        0  stm32f10x_adc.o(i.ADC_Init)
    i.ADC_RegularChannelConfig               0x08001424   Section        0  stm32f10x_adc.o(i.ADC_RegularChannelConfig)
    i.ADC_ResetCalibration                   0x080014dc   Section        0  stm32f10x_adc.o(i.ADC_ResetCalibration)
    i.ADC_SoftwareStartConvCmd               0x080014e6   Section        0  stm32f10x_adc.o(i.ADC_SoftwareStartConvCmd)
    i.ADC_StartCalibration                   0x080014fc   Section        0  stm32f10x_adc.o(i.ADC_StartCalibration)
    i.ADCxGPIOConfig                         0x08001508   Section        0  bspadc.o(i.ADCxGPIOConfig)
    ADCxGPIOConfig                           0x08001509   Thumb Code    38  bspadc.o(i.ADCxGPIOConfig)
    i.ADCxModeConfig                         0x08001534   Section        0  bspadc.o(i.ADCxModeConfig)
    ADCxModeConfig                           0x08001535   Thumb Code   112  bspadc.o(i.ADCxModeConfig)
    i.BspInit                                0x080015a8   Section        0  main.o(i.BspInit)
    BspInit                                  0x080015a9   Thumb Code    58  main.o(i.BspInit)
    i.BusFault_Handler                       0x080015e2   Section        0  stm32f10x_it.o(i.BusFault_Handler)
    i.ButtonTask                             0x080015e8   Section        0  system.o(i.ButtonTask)
    i.BuzzerVoiceRegulation                  0x080019f8   Section        0  system.o(i.BuzzerVoiceRegulation)
    i.DMA_Cmd                                0x08001a04   Section        0  stm32f10x_dma.o(i.DMA_Cmd)
    i.DMA_DeInit                             0x08001a1c   Section        0  stm32f10x_dma.o(i.DMA_DeInit)
    i.DMA_Init                               0x08001b68   Section        0  stm32f10x_dma.o(i.DMA_Init)
    i.DebugMon_Handler                       0x08001ba4   Section        0  stm32f10x_it.o(i.DebugMon_Handler)
    i.GPIOConfigAll                          0x08001ba8   Section        0  gpio.o(i.GPIOConfigAll)
    i.GPIO_Init                              0x08001c20   Section        0  stm32f10x_gpio.o(i.GPIO_Init)
    i.GPIO_PinRemapConfig                    0x08001d38   Section        0  stm32f10x_gpio.o(i.GPIO_PinRemapConfig)
    i.GPIO_ReadInputDataBit                  0x08001dc8   Section        0  stm32f10x_gpio.o(i.GPIO_ReadInputDataBit)
    i.GPIO_ResetBits                         0x08001dda   Section        0  stm32f10x_gpio.o(i.GPIO_ResetBits)
    i.GPIO_SetBits                           0x08001dde   Section        0  stm32f10x_gpio.o(i.GPIO_SetBits)
    i.GPIO_WriteBit                          0x08001de2   Section        0  stm32f10x_gpio.o(i.GPIO_WriteBit)
    i.GetAdc                                 0x08001dec   Section        0  bspadc.o(i.GetAdc)
    i.GetAdcAverage                          0x08001e20   Section        0  bspadc.o(i.GetAdcAverage)
    i.GetVoltageValue                        0x08001e50   Section        0  bspadc.o(i.GetVoltageValue)
    i.HardFault_Handler                      0x08001e88   Section        0  stm32f10x_it.o(i.HardFault_Handler)
    i.I2CDelayUs                             0x08001e8c   Section        0  bspi2c.o(i.I2CDelayUs)
    i.I2CGPIOConfig                          0x08001e8e   Section        0  bspi2c.o(i.I2CGPIOConfig)
    i.IIC_Start                              0x08001ef0   Section        0  bspoled.o(i.IIC_Start)
    i.IIC_Stop                               0x08001f20   Section        0  bspoled.o(i.IIC_Stop)
    i.IIC_Wait_Ack                           0x08001f48   Section        0  bspoled.o(i.IIC_Wait_Ack)
    i.IWDGConfig                             0x08001f64   Section        0  bspiwdg.o(i.IWDGConfig)
    i.IWDG_Enable                            0x08001f88   Section        0  stm32f10x_iwdg.o(i.IWDG_Enable)
    i.IWDG_Feed                              0x08001f98   Section        0  bspiwdg.o(i.IWDG_Feed)
    i.IWDG_ReloadCounter                     0x08001fa0   Section        0  stm32f10x_iwdg.o(i.IWDG_ReloadCounter)
    i.IWDG_SetPrescaler                      0x08001fb0   Section        0  stm32f10x_iwdg.o(i.IWDG_SetPrescaler)
    i.IWDG_SetReload                         0x08001fbc   Section        0  stm32f10x_iwdg.o(i.IWDG_SetReload)
    i.IWDG_WriteAccessCmd                    0x08001fc8   Section        0  stm32f10x_iwdg.o(i.IWDG_WriteAccessCmd)
    i.IsAnyButtonPress                       0x08001fd4   Section        0  bspbutton.o(i.IsAnyButtonPress)
    i.LEDCtrl                                0x080020a8   Section        0  bspled.o(i.LEDCtrl)
    i.MemManage_Handler                      0x08002118   Section        0  stm32f10x_it.o(i.MemManage_Handler)
    i.NMI_Handler                            0x0800211c   Section        0  stm32f10x_it.o(i.NMI_Handler)
    i.NVICConfigAll                          0x0800211e   Section        0  gpio.o(i.NVICConfigAll)
    i.NVIC_Init                              0x0800212c   Section        0  misc.o(i.NVIC_Init)
    i.NVIC_PriorityGroupConfig               0x0800219c   Section        0  misc.o(i.NVIC_PriorityGroupConfig)
    i.NVIC_TIMER2                            0x080021b0   Section        0  gpio.o(i.NVIC_TIMER2)
    NVIC_TIMER2                              0x080021b1   Thumb Code    42  gpio.o(i.NVIC_TIMER2)
    i.NVIC_USART1                            0x080021da   Section        0  gpio.o(i.NVIC_USART1)
    NVIC_USART1                              0x080021db   Thumb Code    38  gpio.o(i.NVIC_USART1)
    i.OLEDConfig                             0x08002200   Section        0  bspoled.o(i.OLEDConfig)
    i.OLED_Clear                             0x080022e0   Section        0  bspoled.o(i.OLED_Clear)
    i.OLED_DataClear                         0x0800231e   Section        0  bspoled.o(i.OLED_DataClear)
    i.OLED_DrawBMP                           0x0800235c   Section        0  bspoled.o(i.OLED_DrawBMP)
    i.OLED_Set_Pos                           0x080023d2   Section        0  bspoled.o(i.OLED_Set_Pos)
    i.OLED_ShowCHinese16x16                  0x080023fa   Section        0  bspoled.o(i.OLED_ShowCHinese16x16)
    i.OLED_ShowChar                          0x08002450   Section        0  bspoled.o(i.OLED_ShowChar)
    i.OLED_ShowString                        0x080024f4   Section        0  bspoled.o(i.OLED_ShowString)
    i.OLED_WR_Byte                           0x0800252e   Section        0  bspoled.o(i.OLED_WR_Byte)
    i.PEC_Calculation                        0x08002546   Section        0  bspmlx90614.o(i.PEC_Calculation)
    i.PendSV_Handler                         0x08002600   Section        0  stm32f10x_it.o(i.PendSV_Handler)
    i.RCCConfigAll                           0x08002602   Section        0  gpio.o(i.RCCConfigAll)
    i.RCC_ADCCLKConfig                       0x08002640   Section        0  stm32f10x_rcc.o(i.RCC_ADCCLKConfig)
    i.RCC_AHBPeriphClockCmd                  0x08002658   Section        0  stm32f10x_rcc.o(i.RCC_AHBPeriphClockCmd)
    i.RCC_APB1PeriphClockCmd                 0x08002678   Section        0  stm32f10x_rcc.o(i.RCC_APB1PeriphClockCmd)
    i.RCC_APB2PeriphClockCmd                 0x08002698   Section        0  stm32f10x_rcc.o(i.RCC_APB2PeriphClockCmd)
    i.RCC_APB2PeriphResetCmd                 0x080026b8   Section        0  stm32f10x_rcc.o(i.RCC_APB2PeriphResetCmd)
    i.RCC_GetClocksFreq                      0x080026d8   Section        0  stm32f10x_rcc.o(i.RCC_GetClocksFreq)
    i.SMBus_Delay                            0x080027ac   Section        0  bspmlx90614.o(i.SMBus_Delay)
    i.SMBus_Init                             0x080027c8   Section        0  bspmlx90614.o(i.SMBus_Init)
    i.SMBus_ReadMemory                       0x08002800   Section        0  bspmlx90614.o(i.SMBus_ReadMemory)
    i.SMBus_ReadTemp                         0x080028a4   Section        0  bspmlx90614.o(i.SMBus_ReadTemp)
    i.SMBus_ReceiveBit                       0x080028e8   Section        0  bspmlx90614.o(i.SMBus_ReceiveBit)
    i.SMBus_ReceiveByte                      0x08002930   Section        0  bspmlx90614.o(i.SMBus_ReceiveByte)
    i.SMBus_SendBit                          0x08002964   Section        0  bspmlx90614.o(i.SMBus_SendBit)
    i.SMBus_SendByte                         0x080029b0   Section        0  bspmlx90614.o(i.SMBus_SendByte)
    i.SMBus_StartBit                         0x080029e8   Section        0  bspmlx90614.o(i.SMBus_StartBit)
    i.SMBus_StopBit                          0x08002a34   Section        0  bspmlx90614.o(i.SMBus_StopBit)
    i.SVC_Handler                            0x08002a7c   Section        0  stm32f10x_it.o(i.SVC_Handler)
    i.SetSysClock                            0x08002a7e   Section        0  system_stm32f10x.o(i.SetSysClock)
    SetSysClock                              0x08002a7f   Thumb Code     8  system_stm32f10x.o(i.SetSysClock)
    i.SetSysClockTo72                        0x08002a88   Section        0  system_stm32f10x.o(i.SetSysClockTo72)
    SetSysClockTo72                          0x08002a89   Thumb Code   214  system_stm32f10x.o(i.SetSysClockTo72)
    i.SofI2CInit                             0x08002b68   Section        0  bspi2c.o(i.SofI2CInit)
    i.SysTick_CLKSourceConfig                0x08002b78   Section        0  misc.o(i.SysTick_CLKSourceConfig)
    i.SysTick_Handler                        0x08002ba0   Section        0  stm32f10x_it.o(i.SysTick_Handler)
    i.SysTick_Init                           0x08002ba8   Section        0  bspsystick.o(i.SysTick_Init)
    i.SystemInit                             0x08002bec   Section        0  system_stm32f10x.o(i.SystemInit)
    i.TIM2Config                             0x08002c4c   Section        0  bsptimer.o(i.TIM2Config)
    i.TIM2_IRQHandler                        0x08002c90   Section        0  stm32f10x_it.o(i.TIM2_IRQHandler)
    i.TIM3PWMConfig                          0x08002d04   Section        0  bsptimer.o(i.TIM3PWMConfig)
    i.TIM_ClearFlag                          0x08002d7c   Section        0  stm32f10x_tim.o(i.TIM_ClearFlag)
    i.TIM_Cmd                                0x08002d82   Section        0  stm32f10x_tim.o(i.TIM_Cmd)
    i.TIM_ITConfig                           0x08002d9a   Section        0  stm32f10x_tim.o(i.TIM_ITConfig)
    i.TIM_OC4Init                            0x08002dac   Section        0  stm32f10x_tim.o(i.TIM_OC4Init)
    i.TIM_OC4PreloadConfig                   0x08002e28   Section        0  stm32f10x_tim.o(i.TIM_OC4PreloadConfig)
    i.TIM_TimeBaseInit                       0x08002e44   Section        0  stm32f10x_tim.o(i.TIM_TimeBaseInit)
    i.TimingDelay_Decrement                  0x08002ee8   Section        0  bspsystick.o(i.TimingDelay_Decrement)
    i.USART1Config                           0x08002f00   Section        0  bspusart.o(i.USART1Config)
    i.USART1_IRQHandler                      0x08002f84   Section        0  stm32f10x_it.o(i.USART1_IRQHandler)
    i.USART_Cmd                              0x08002fa8   Section        0  stm32f10x_usart.o(i.USART_Cmd)
    i.USART_GetITStatus                      0x08002fc0   Section        0  stm32f10x_usart.o(i.USART_GetITStatus)
    i.USART_ITConfig                         0x08003014   Section        0  stm32f10x_usart.o(i.USART_ITConfig)
    i.USART_Init                             0x08003060   Section        0  stm32f10x_usart.o(i.USART_Init)
    i.USART_ReceiveData                      0x08003138   Section        0  stm32f10x_usart.o(i.USART_ReceiveData)
    i.USART_SendData                         0x08003142   Section        0  stm32f10x_usart.o(i.USART_SendData)
    i.UsageFault_Handler                     0x0800314a   Section        0  stm32f10x_it.o(i.UsageFault_Handler)
    i.Write_IIC_Byte                         0x08003150   Section        0  bspoled.o(i.Write_IIC_Byte)
    i.Write_IIC_Command                      0x080031b0   Section        0  bspoled.o(i.Write_IIC_Command)
    i.Write_IIC_Data                         0x080031dc   Section        0  bspoled.o(i.Write_IIC_Data)
    i.__ARM_fpclassify                       0x08003208   Section        0  fpclassify.o(i.__ARM_fpclassify)
    i._is_digit                              0x08003230   Section        0  __printf_wp.o(i._is_digit)
    i._sys_exit                              0x0800323e   Section        0  bspusart.o(i._sys_exit)
    i.delay_ms                               0x08003244   Section        0  bspsystick.o(i.delay_ms)
    i.delay_us                               0x08003290   Section        0  bspsystick.o(i.delay_us)
    i.main                                   0x080032dc   Section        0  main.o(i.main)
    locale$$code                             0x08003304   Section       44  lc_numeric_c.o(locale$$code)
    x$fpl$d2f                                0x08003330   Section       98  d2f.o(x$fpl$d2f)
    x$fpl$dadd                               0x08003394   Section      336  daddsub_clz.o(x$fpl$dadd)
    _dadd1                                   0x080033a5   Thumb Code     0  daddsub_clz.o(x$fpl$dadd)
    x$fpl$dcmpinf                            0x080034e4   Section       24  dcmpi.o(x$fpl$dcmpinf)
    x$fpl$dfltu                              0x080034fc   Section       38  dflt_clz.o(x$fpl$dfltu)
    x$fpl$dleqf                              0x08003524   Section      120  dleqf.o(x$fpl$dleqf)
    x$fpl$dmul                               0x0800359c   Section      340  dmul.o(x$fpl$dmul)
    x$fpl$dnaninf                            0x080036f0   Section      156  dnaninf.o(x$fpl$dnaninf)
    x$fpl$dretinf                            0x0800378c   Section       12  dretinf.o(x$fpl$dretinf)
    x$fpl$drleqf                             0x08003798   Section      108  drleqf.o(x$fpl$drleqf)
    x$fpl$dsub                               0x08003804   Section      468  daddsub_clz.o(x$fpl$dsub)
    _dsub1                                   0x08003815   Thumb Code     0  daddsub_clz.o(x$fpl$dsub)
    x$fpl$f2d                                0x080039d8   Section       86  f2d.o(x$fpl$f2d)
    x$fpl$fcmpinf                            0x08003a2e   Section       24  fcmpi.o(x$fpl$fcmpinf)
    x$fpl$fdiv                               0x08003a48   Section      388  fdiv.o(x$fpl$fdiv)
    _fdiv1                                   0x08003a49   Thumb Code     0  fdiv.o(x$fpl$fdiv)
    x$fpl$ffltu                              0x08003bcc   Section       38  fflt_clz.o(x$fpl$ffltu)
    x$fpl$fleqf                              0x08003bf4   Section      104  fleqf.o(x$fpl$fleqf)
    x$fpl$fmul                               0x08003c5c   Section      258  fmul.o(x$fpl$fmul)
    x$fpl$fnaninf                            0x08003d5e   Section      140  fnaninf.o(x$fpl$fnaninf)
    x$fpl$fretinf                            0x08003dea   Section       10  fretinf.o(x$fpl$fretinf)
    x$fpl$frleqf                             0x08003df4   Section       98  frleqf.o(x$fpl$frleqf)
    x$fpl$printf1                            0x08003e56   Section        4  printf1.o(x$fpl$printf1)
    .constdata                               0x08003e5a   Section     2072  bspoled.o(.constdata)
    x$fpl$usenofp                            0x08003e5a   Section        0  usenofp.o(x$fpl$usenofp)
    .constdata                               0x08004674   Section      148  bigflt0.o(.constdata)
    tenpwrs_x                                0x08004674   Data          60  bigflt0.o(.constdata)
    tenpwrs_i                                0x080046b0   Data          64  bigflt0.o(.constdata)
    locale$$data                             0x08004728   Section       28  lc_numeric_c.o(locale$$data)
    __lcnum_c_name                           0x0800472c   Data           2  lc_numeric_c.o(locale$$data)
    __lcnum_c_start                          0x08004734   Data           0  lc_numeric_c.o(locale$$data)
    __lcnum_c_point                          0x08004740   Data           0  lc_numeric_c.o(locale$$data)
    __lcnum_c_thousands                      0x08004742   Data           0  lc_numeric_c.o(locale$$data)
    __lcnum_c_grouping                       0x08004743   Data           0  lc_numeric_c.o(locale$$data)
    __lcnum_c_end                            0x08004744   Data           0  lc_numeric_c.o(locale$$data)
    .data                                    0x20000000   Section       20  system_stm32f10x.o(.data)
    .data                                    0x20000014   Section       20  stm32f10x_rcc.o(.data)
    APBAHBPrescTable                         0x20000014   Data          16  stm32f10x_rcc.o(.data)
    ADCPrescTable                            0x20000024   Data           4  stm32f10x_rcc.o(.data)
    .data                                    0x20000028   Section     1008  main.o(.data)
    .data                                    0x20000418   Section        8  bspsystick.o(.data)
    TimingDelay                              0x20000418   Data           4  bspsystick.o(.data)
    fac_us                                   0x2000041c   Data           1  bspsystick.o(.data)
    fac_ms                                   0x2000041e   Data           2  bspsystick.o(.data)
    .data                                    0x20000420   Section       36  system.o(.data)
    .data                                    0x20000444   Section       60  bspi2c.o(.data)
    .bss                                     0x20000480   Section       32  system.o(.bss)
    .bss                                     0x200004a0   Section       20  bspadc.o(.bss)
    .bss                                     0x200004b4   Section       96  libspace.o(.bss)
    HEAP                                     0x20000518   Section      512  startup_stm32f10x_hd.o(HEAP)
    Heap_Mem                                 0x20000518   Data         512  startup_stm32f10x_hd.o(HEAP)
    STACK                                    0x20000718   Section     1024  startup_stm32f10x_hd.o(STACK)
    Stack_Mem                                0x20000718   Data        1024  startup_stm32f10x_hd.o(STACK)
    __initial_sp                             0x20000b18   Data           0  startup_stm32f10x_hd.o(STACK)

    Global Symbols

    Symbol Name                              Value     Ov Type        Size  Object(Section)

    BuildAttributes$$THM_ISAv4$P$D$K$B$S$PE$A:L22UL41UL21$X:L11$S22US41US21$IEEE1$IW$USESV6$~STKCKD$USESV7$~SHL$OTIME$ROPI$IEEEJ$EBA8$UX$STANDARDLIB$REQ8$PRES8$EABIv2 0x00000000   Number         0  anon$$obj.o ABSOLUTE
    __ARM_use_no_argv                        0x00000000   Number         0  main.o ABSOLUTE
    _printf_flags                            0x00000000   Number         0  printf_stubs.o ABSOLUTE
    _printf_return_value                     0x00000000   Number         0  printf_stubs.o ABSOLUTE
    _printf_sizespec                         0x00000000   Number         0  printf_stubs.o ABSOLUTE
    _printf_widthprec                        0x00000000   Number         0  printf_stubs.o ABSOLUTE
    __ARM_exceptions_init                     - Undefined Weak Reference
    __alloca_initialize                       - Undefined Weak Reference
    __arm_preinit_                            - Undefined Weak Reference
    __cpp_initialize__aeabi_                  - Undefined Weak Reference
    __cxa_finalize                            - Undefined Weak Reference
    __sigvec_lookup                           - Undefined Weak Reference
    _atexit_init                              - Undefined Weak Reference
    _call_atexit_fns                          - Undefined Weak Reference
    _clock_init                               - Undefined Weak Reference
    _fp_trap_init                             - Undefined Weak Reference
    _fp_trap_shutdown                         - Undefined Weak Reference
    _get_lc_collate                           - Undefined Weak Reference
    _get_lc_ctype                             - Undefined Weak Reference
    _get_lc_monetary                          - Undefined Weak Reference
    _get_lc_time                              - Undefined Weak Reference
    _getenv_init                              - Undefined Weak Reference
    _handle_redirection                       - Undefined Weak Reference
    _init_alloc                               - Undefined Weak Reference
    _init_user_alloc                          - Undefined Weak Reference
    _initio                                   - Undefined Weak Reference
    _printf_post_padding                      - Undefined Weak Reference
    _printf_pre_padding                       - Undefined Weak Reference
    _rand_init                                - Undefined Weak Reference
    _signal_finish                            - Undefined Weak Reference
    _signal_init                              - Undefined Weak Reference
    _terminate_alloc                          - Undefined Weak Reference
    _terminate_user_alloc                     - Undefined Weak Reference
    _terminateio                              - Undefined Weak Reference
    __Vectors_Size                           0x00000130   Number         0  startup_stm32f10x_hd.o ABSOLUTE
    __Vectors                                0x08000000   Data           4  startup_stm32f10x_hd.o(RESET)
    __Vectors_End                            0x08000130   Data           0  startup_stm32f10x_hd.o(RESET)
    __main                                   0x08000131   Thumb Code     8  __main.o(!!!main)
    __scatterload                            0x08000139   Thumb Code     0  __scatter.o(!!!scatter)
    __scatterload_rt2                        0x08000139   Thumb Code    44  __scatter.o(!!!scatter)
    __scatterload_rt2_thumb_only             0x08000139   Thumb Code     0  __scatter.o(!!!scatter)
    __scatterload_null                       0x08000147   Thumb Code     0  __scatter.o(!!!scatter)
    __decompress                             0x0800016d   Thumb Code    90  __dczerorl2.o(!!dczerorl2)
    __decompress1                            0x0800016d   Thumb Code     0  __dczerorl2.o(!!dczerorl2)
    __scatterload_zeroinit                   0x080001c9   Thumb Code    28  __scatter_zi.o(!!handler_zi)
    _printf_f                                0x080001e5   Thumb Code     0  _printf_f.o(.ARM.Collect$$_printf_percent$$00000003)
    _printf_percent                          0x080001e5   Thumb Code     0  _printf_percent.o(.ARM.Collect$$_printf_percent$$00000000)
    _printf_percent_end                      0x080001eb   Thumb Code     0  _printf_percent_end.o(.ARM.Collect$$_printf_percent$$00000017)
    __rt_lib_init                            0x080001ef   Thumb Code     0  libinit.o(.ARM.Collect$$libinit$$00000000)
    __rt_lib_init_fp_1                       0x080001f1   Thumb Code     0  libinit2.o(.ARM.Collect$$libinit$$00000002)
    __rt_lib_init_heap_1                     0x080001f1   Thumb Code     0  libinit2.o(.ARM.Collect$$libinit$$0000000A)
    __rt_lib_init_lc_common                  0x080001f1   Thumb Code     0  libinit2.o(.ARM.Collect$$libinit$$0000000F)
    __rt_lib_init_preinit_1                  0x080001f1   Thumb Code     0  libinit2.o(.ARM.Collect$$libinit$$00000004)
    __rt_lib_init_rand_1                     0x080001f1   Thumb Code     0  libinit2.o(.ARM.Collect$$libinit$$0000000E)
    __rt_lib_init_user_alloc_1               0x080001f1   Thumb Code     0  libinit2.o(.ARM.Collect$$libinit$$0000000C)
    __rt_lib_init_lc_collate_1               0x080001f7   Thumb Code     0  libinit2.o(.ARM.Collect$$libinit$$00000011)
    __rt_lib_init_lc_ctype_1                 0x080001f7   Thumb Code     0  libinit2.o(.ARM.Collect$$libinit$$00000013)
    __rt_lib_init_lc_monetary_1              0x080001f7   Thumb Code     0  libinit2.o(.ARM.Collect$$libinit$$00000015)
    __rt_lib_init_lc_numeric_2               0x080001f7   Thumb Code     0  libinit2.o(.ARM.Collect$$libinit$$00000016)
    __rt_lib_init_alloca_1                   0x08000201   Thumb Code     0  libinit2.o(.ARM.Collect$$libinit$$0000002E)
    __rt_lib_init_argv_1                     0x08000201   Thumb Code     0  libinit2.o(.ARM.Collect$$libinit$$0000002C)
    __rt_lib_init_atexit_1                   0x08000201   Thumb Code     0  libinit2.o(.ARM.Collect$$libinit$$0000001B)
    __rt_lib_init_clock_1                    0x08000201   Thumb Code     0  libinit2.o(.ARM.Collect$$libinit$$00000021)
    __rt_lib_init_cpp_1                      0x08000201   Thumb Code     0  libinit2.o(.ARM.Collect$$libinit$$00000032)
    __rt_lib_init_exceptions_1               0x08000201   Thumb Code     0  libinit2.o(.ARM.Collect$$libinit$$00000030)
    __rt_lib_init_fp_trap_1                  0x08000201   Thumb Code     0  libinit2.o(.ARM.Collect$$libinit$$0000001F)
    __rt_lib_init_getenv_1                   0x08000201   Thumb Code     0  libinit2.o(.ARM.Collect$$libinit$$00000023)
    __rt_lib_init_lc_numeric_1               0x08000201   Thumb Code     0  libinit2.o(.ARM.Collect$$libinit$$00000017)
    __rt_lib_init_lc_time_1                  0x08000201   Thumb Code     0  libinit2.o(.ARM.Collect$$libinit$$00000019)
    __rt_lib_init_return                     0x08000201   Thumb Code     0  libinit2.o(.ARM.Collect$$libinit$$00000033)
    __rt_lib_init_signal_1                   0x08000201   Thumb Code     0  libinit2.o(.ARM.Collect$$libinit$$0000001D)
    __rt_lib_init_stdio_1                    0x08000201   Thumb Code     0  libinit2.o(.ARM.Collect$$libinit$$00000025)
    __rt_lib_shutdown                        0x08000203   Thumb Code     0  libshutdown.o(.ARM.Collect$$libshutdown$$00000000)
    __rt_lib_shutdown_cpp_1                  0x08000205   Thumb Code     0  libshutdown2.o(.ARM.Collect$$libshutdown$$00000002)
    __rt_lib_shutdown_fp_trap_1              0x08000205   Thumb Code     0  libshutdown2.o(.ARM.Collect$$libshutdown$$00000007)
    __rt_lib_shutdown_heap_1                 0x08000205   Thumb Code     0  libshutdown2.o(.ARM.Collect$$libshutdown$$0000000F)
    __rt_lib_shutdown_return                 0x08000205   Thumb Code     0  libshutdown2.o(.ARM.Collect$$libshutdown$$00000010)
    __rt_lib_shutdown_signal_1               0x08000205   Thumb Code     0  libshutdown2.o(.ARM.Collect$$libshutdown$$0000000A)
    __rt_lib_shutdown_stdio_1                0x08000205   Thumb Code     0  libshutdown2.o(.ARM.Collect$$libshutdown$$00000004)
    __rt_lib_shutdown_user_alloc_1           0x08000205   Thumb Code     0  libshutdown2.o(.ARM.Collect$$libshutdown$$0000000C)
    __rt_entry                               0x08000207   Thumb Code     0  __rtentry.o(.ARM.Collect$$rtentry$$00000000)
    __rt_entry_presh_1                       0x08000207   Thumb Code     0  __rtentry2.o(.ARM.Collect$$rtentry$$00000002)
    __rt_entry_sh                            0x08000207   Thumb Code     0  __rtentry4.o(.ARM.Collect$$rtentry$$00000004)
    __rt_entry_li                            0x0800020d   Thumb Code     0  __rtentry2.o(.ARM.Collect$$rtentry$$0000000A)
    __rt_entry_postsh_1                      0x0800020d   Thumb Code     0  __rtentry2.o(.ARM.Collect$$rtentry$$00000009)
    __rt_entry_main                          0x08000211   Thumb Code     0  __rtentry2.o(.ARM.Collect$$rtentry$$0000000D)
    __rt_entry_postli_1                      0x08000211   Thumb Code     0  __rtentry2.o(.ARM.Collect$$rtentry$$0000000C)
    __rt_exit                                0x08000219   Thumb Code     0  rtexit.o(.ARM.Collect$$rtexit$$00000000)
    __rt_exit_ls                             0x0800021b   Thumb Code     0  rtexit2.o(.ARM.Collect$$rtexit$$00000003)
    __rt_exit_prels_1                        0x0800021b   Thumb Code     0  rtexit2.o(.ARM.Collect$$rtexit$$00000002)
    __rt_exit_exit                           0x0800021f   Thumb Code     0  rtexit2.o(.ARM.Collect$$rtexit$$00000004)
    Reset_Handler                            0x08000225   Thumb Code     8  startup_stm32f10x_hd.o(.text)
    ADC1_2_IRQHandler                        0x0800023f   Thumb Code     0  startup_stm32f10x_hd.o(.text)
    ADC3_IRQHandler                          0x0800023f   Thumb Code     0  startup_stm32f10x_hd.o(.text)
    CAN1_RX1_IRQHandler                      0x0800023f   Thumb Code     0  startup_stm32f10x_hd.o(.text)
    CAN1_SCE_IRQHandler                      0x0800023f   Thumb Code     0  startup_stm32f10x_hd.o(.text)
    DMA1_Channel1_IRQHandler                 0x0800023f   Thumb Code     0  startup_stm32f10x_hd.o(.text)
    DMA1_Channel2_IRQHandler                 0x0800023f   Thumb Code     0  startup_stm32f10x_hd.o(.text)
    DMA1_Channel3_IRQHandler                 0x0800023f   Thumb Code     0  startup_stm32f10x_hd.o(.text)
    DMA1_Channel4_IRQHandler                 0x0800023f   Thumb Code     0  startup_stm32f10x_hd.o(.text)
    DMA1_Channel5_IRQHandler                 0x0800023f   Thumb Code     0  startup_stm32f10x_hd.o(.text)
    DMA1_Channel6_IRQHandler                 0x0800023f   Thumb Code     0  startup_stm32f10x_hd.o(.text)
    DMA1_Channel7_IRQHandler                 0x0800023f   Thumb Code     0  startup_stm32f10x_hd.o(.text)
    DMA2_Channel1_IRQHandler                 0x0800023f   Thumb Code     0  startup_stm32f10x_hd.o(.text)
    DMA2_Channel2_IRQHandler                 0x0800023f   Thumb Code     0  startup_stm32f10x_hd.o(.text)
    DMA2_Channel3_IRQHandler                 0x0800023f   Thumb Code     0  startup_stm32f10x_hd.o(.text)
    DMA2_Channel4_5_IRQHandler               0x0800023f   Thumb Code     0  startup_stm32f10x_hd.o(.text)
    EXTI0_IRQHandler                         0x0800023f   Thumb Code     0  startup_stm32f10x_hd.o(.text)
    EXTI15_10_IRQHandler                     0x0800023f   Thumb Code     0  startup_stm32f10x_hd.o(.text)
    EXTI1_IRQHandler                         0x0800023f   Thumb Code     0  startup_stm32f10x_hd.o(.text)
    EXTI2_IRQHandler                         0x0800023f   Thumb Code     0  startup_stm32f10x_hd.o(.text)
    EXTI3_IRQHandler                         0x0800023f   Thumb Code     0  startup_stm32f10x_hd.o(.text)
    EXTI4_IRQHandler                         0x0800023f   Thumb Code     0  startup_stm32f10x_hd.o(.text)
    EXTI9_5_IRQHandler                       0x0800023f   Thumb Code     0  startup_stm32f10x_hd.o(.text)
    FLASH_IRQHandler                         0x0800023f   Thumb Code     0  startup_stm32f10x_hd.o(.text)
    FSMC_IRQHandler                          0x0800023f   Thumb Code     0  startup_stm32f10x_hd.o(.text)
    I2C1_ER_IRQHandler                       0x0800023f   Thumb Code     0  startup_stm32f10x_hd.o(.text)
    I2C1_EV_IRQHandler                       0x0800023f   Thumb Code     0  startup_stm32f10x_hd.o(.text)
    I2C2_ER_IRQHandler                       0x0800023f   Thumb Code     0  startup_stm32f10x_hd.o(.text)
    I2C2_EV_IRQHandler                       0x0800023f   Thumb Code     0  startup_stm32f10x_hd.o(.text)
    PVD_IRQHandler                           0x0800023f   Thumb Code     0  startup_stm32f10x_hd.o(.text)
    RCC_IRQHandler                           0x0800023f   Thumb Code     0  startup_stm32f10x_hd.o(.text)
    RTCAlarm_IRQHandler                      0x0800023f   Thumb Code     0  startup_stm32f10x_hd.o(.text)
    RTC_IRQHandler                           0x0800023f   Thumb Code     0  startup_stm32f10x_hd.o(.text)
    SDIO_IRQHandler                          0x0800023f   Thumb Code     0  startup_stm32f10x_hd.o(.text)
    SPI1_IRQHandler                          0x0800023f   Thumb Code     0  startup_stm32f10x_hd.o(.text)
    SPI2_IRQHandler                          0x0800023f   Thumb Code     0  startup_stm32f10x_hd.o(.text)
    SPI3_IRQHandler                          0x0800023f   Thumb Code     0  startup_stm32f10x_hd.o(.text)
    TAMPER_IRQHandler                        0x0800023f   Thumb Code     0  startup_stm32f10x_hd.o(.text)
    TIM1_BRK_IRQHandler                      0x0800023f   Thumb Code     0  startup_stm32f10x_hd.o(.text)
    TIM1_CC_IRQHandler                       0x0800023f   Thumb Code     0  startup_stm32f10x_hd.o(.text)
    TIM1_TRG_COM_IRQHandler                  0x0800023f   Thumb Code     0  startup_stm32f10x_hd.o(.text)
    TIM1_UP_IRQHandler                       0x0800023f   Thumb Code     0  startup_stm32f10x_hd.o(.text)
    TIM3_IRQHandler                          0x0800023f   Thumb Code     0  startup_stm32f10x_hd.o(.text)
    TIM4_IRQHandler                          0x0800023f   Thumb Code     0  startup_stm32f10x_hd.o(.text)
    TIM5_IRQHandler                          0x0800023f   Thumb Code     0  startup_stm32f10x_hd.o(.text)
    TIM6_IRQHandler                          0x0800023f   Thumb Code     0  startup_stm32f10x_hd.o(.text)
    TIM7_IRQHandler                          0x0800023f   Thumb Code     0  startup_stm32f10x_hd.o(.text)
    TIM8_BRK_IRQHandler                      0x0800023f   Thumb Code     0  startup_stm32f10x_hd.o(.text)
    TIM8_CC_IRQHandler                       0x0800023f   Thumb Code     0  startup_stm32f10x_hd.o(.text)
    TIM8_TRG_COM_IRQHandler                  0x0800023f   Thumb Code     0  startup_stm32f10x_hd.o(.text)
    TIM8_UP_IRQHandler                       0x0800023f   Thumb Code     0  startup_stm32f10x_hd.o(.text)
    UART4_IRQHandler                         0x0800023f   Thumb Code     0  startup_stm32f10x_hd.o(.text)
    UART5_IRQHandler                         0x0800023f   Thumb Code     0  startup_stm32f10x_hd.o(.text)
    USART2_IRQHandler                        0x0800023f   Thumb Code     0  startup_stm32f10x_hd.o(.text)
    USART3_IRQHandler                        0x0800023f   Thumb Code     0  startup_stm32f10x_hd.o(.text)
    USBWakeUp_IRQHandler                     0x0800023f   Thumb Code     0  startup_stm32f10x_hd.o(.text)
    USB_HP_CAN1_TX_IRQHandler                0x0800023f   Thumb Code     0  startup_stm32f10x_hd.o(.text)
    USB_LP_CAN1_RX0_IRQHandler               0x0800023f   Thumb Code     0  startup_stm32f10x_hd.o(.text)
    WWDG_IRQHandler                          0x0800023f   Thumb Code     0  startup_stm32f10x_hd.o(.text)
    __user_initial_stackheap                 0x08000241   Thumb Code     0  startup_stm32f10x_hd.o(.text)
    __use_no_semihosting                     0x08000265   Thumb Code     2  use_no_semi_2.o(.text)
    __2sprintf                               0x08000269   Thumb Code    34  noretval__2sprintf.o(.text)
    __printf                                 0x08000291   Thumb Code   270  __printf_wp.o(.text)
    __aeabi_memclr4                          0x0800039f   Thumb Code     0  rt_memclr_w.o(.text)
    __aeabi_memclr8                          0x0800039f   Thumb Code     0  rt_memclr_w.o(.text)
    __rt_memclr_w                            0x0800039f   Thumb Code    78  rt_memclr_w.o(.text)
    _memset_w                                0x080003a3   Thumb Code     0  rt_memclr_w.o(.text)
    __use_two_region_memory                  0x080003ed   Thumb Code     2  heapauxi.o(.text)
    __rt_heap_escrow$2region                 0x080003ef   Thumb Code     2  heapauxi.o(.text)
    __rt_heap_expand$2region                 0x080003f1   Thumb Code     2  heapauxi.o(.text)
    __I$use$semihosting                      0x080003f3   Thumb Code     0  use_no_semi.o(.text)
    __use_no_semihosting_swi                 0x080003f3   Thumb Code     2  use_no_semi.o(.text)
    __lib_sel_fp_printf                      0x080003f5   Thumb Code     2  _printf_fp_dec.o(.text)
    _printf_fp_dec_real                      0x080005a7   Thumb Code   620  _printf_fp_dec.o(.text)
    _printf_char_common                      0x0800081f   Thumb Code    32  _printf_char_common.o(.text)
    _sputc                                   0x08000845   Thumb Code    10  _sputc.o(.text)
    __rt_locale                              0x08000851   Thumb Code     8  rt_locale_intlibspace.o(.text)
    _ll_udiv10                               0x08000859   Thumb Code   138  lludiv10.o(.text)
    _printf_fp_infnan                        0x080008e5   Thumb Code   112  _printf_fp_infnan.o(.text)
    _btod_etento                             0x08000965   Thumb Code   224  bigflt0.o(.text)
    __user_libspace                          0x08000a49   Thumb Code     8  libspace.o(.text)
    __user_perproc_libspace                  0x08000a49   Thumb Code     0  libspace.o(.text)
    __user_perthread_libspace                0x08000a49   Thumb Code     0  libspace.o(.text)
    __user_setup_stackheap                   0x08000a51   Thumb Code    74  sys_stackheap_outer.o(.text)
    exit                                     0x08000a9b   Thumb Code    18  exit.o(.text)
    strcmp                                   0x08000aad   Thumb Code   128  strcmpv7m.o(.text)
    _btod_d2e                                0x08000b2d   Thumb Code    62  btod.o(CL$$btod_d2e)
    _d2e_denorm_low                          0x08000b6b   Thumb Code    70  btod.o(CL$$btod_d2e_denorm_low)
    _d2e_norm_op1                            0x08000bb1   Thumb Code    96  btod.o(CL$$btod_d2e_norm_op1)
    __btod_div_common                        0x08000c11   Thumb Code   696  btod.o(CL$$btod_div_common)
    _e2e                                     0x08000f49   Thumb Code   220  btod.o(CL$$btod_e2e)
    _btod_ediv                               0x08001025   Thumb Code    42  btod.o(CL$$btod_ediv)
    _btod_emul                               0x0800104f   Thumb Code    42  btod.o(CL$$btod_emul)
    __btod_mult_common                       0x08001079   Thumb Code   580  btod.o(CL$$btod_mult_common)
    ADCConfig                                0x080012bd   Thumb Code    12  bspadc.o(i.ADCConfig)
    ADC_Cmd                                  0x0800131d   Thumb Code    22  stm32f10x_adc.o(i.ADC_Cmd)
    ADC_DeInit                               0x08001335   Thumb Code    78  stm32f10x_adc.o(i.ADC_DeInit)
    ADC_GetCalibrationStatus                 0x08001391   Thumb Code    20  stm32f10x_adc.o(i.ADC_GetCalibrationStatus)
    ADC_GetConversionValue                   0x080013a5   Thumb Code     8  stm32f10x_adc.o(i.ADC_GetConversionValue)
    ADC_GetFlagStatus                        0x080013ad   Thumb Code    18  stm32f10x_adc.o(i.ADC_GetFlagStatus)
    ADC_GetResetCalibrationStatus            0x080013bf   Thumb Code    20  stm32f10x_adc.o(i.ADC_GetResetCalibrationStatus)
    ADC_Init                                 0x080013d5   Thumb Code    70  stm32f10x_adc.o(i.ADC_Init)
    ADC_RegularChannelConfig                 0x08001425   Thumb Code   184  stm32f10x_adc.o(i.ADC_RegularChannelConfig)
    ADC_ResetCalibration                     0x080014dd   Thumb Code    10  stm32f10x_adc.o(i.ADC_ResetCalibration)
    ADC_SoftwareStartConvCmd                 0x080014e7   Thumb Code    22  stm32f10x_adc.o(i.ADC_SoftwareStartConvCmd)
    ADC_StartCalibration                     0x080014fd   Thumb Code    10  stm32f10x_adc.o(i.ADC_StartCalibration)
    BusFault_Handler                         0x080015e3   Thumb Code     4  stm32f10x_it.o(i.BusFault_Handler)
    ButtonTask                               0x080015e9   Thumb Code   934  system.o(i.ButtonTask)
    BuzzerVoiceRegulation                    0x080019f9   Thumb Code     6  system.o(i.BuzzerVoiceRegulation)
    DMA_Cmd                                  0x08001a05   Thumb Code    24  stm32f10x_dma.o(i.DMA_Cmd)
    DMA_DeInit                               0x08001a1d   Thumb Code   324  stm32f10x_dma.o(i.DMA_DeInit)
    DMA_Init                                 0x08001b69   Thumb Code    60  stm32f10x_dma.o(i.DMA_Init)
    DebugMon_Handler                         0x08001ba5   Thumb Code     2  stm32f10x_it.o(i.DebugMon_Handler)
    GPIOConfigAll                            0x08001ba9   Thumb Code   106  gpio.o(i.GPIOConfigAll)
    GPIO_Init                                0x08001c21   Thumb Code   278  stm32f10x_gpio.o(i.GPIO_Init)
    GPIO_PinRemapConfig                      0x08001d39   Thumb Code   138  stm32f10x_gpio.o(i.GPIO_PinRemapConfig)
    GPIO_ReadInputDataBit                    0x08001dc9   Thumb Code    18  stm32f10x_gpio.o(i.GPIO_ReadInputDataBit)
    GPIO_ResetBits                           0x08001ddb   Thumb Code     4  stm32f10x_gpio.o(i.GPIO_ResetBits)
    GPIO_SetBits                             0x08001ddf   Thumb Code     4  stm32f10x_gpio.o(i.GPIO_SetBits)
    GPIO_WriteBit                            0x08001de3   Thumb Code    10  stm32f10x_gpio.o(i.GPIO_WriteBit)
    GetAdc                                   0x08001ded   Thumb Code    46  bspadc.o(i.GetAdc)
    GetAdcAverage                            0x08001e21   Thumb Code    46  bspadc.o(i.GetAdcAverage)
    GetVoltageValue                          0x08001e51   Thumb Code    50  bspadc.o(i.GetVoltageValue)
    HardFault_Handler                        0x08001e89   Thumb Code     4  stm32f10x_it.o(i.HardFault_Handler)
    I2CDelayUs                               0x08001e8d   Thumb Code     2  bspi2c.o(i.I2CDelayUs)
    I2CGPIOConfig                            0x08001e8f   Thumb Code    98  bspi2c.o(i.I2CGPIOConfig)
    IIC_Start                                0x08001ef1   Thumb Code    44  bspoled.o(i.IIC_Start)
    IIC_Stop                                 0x08001f21   Thumb Code    34  bspoled.o(i.IIC_Stop)
    IIC_Wait_Ack                             0x08001f49   Thumb Code    24  bspoled.o(i.IIC_Wait_Ack)
    IWDGConfig                               0x08001f65   Thumb Code    36  bspiwdg.o(i.IWDGConfig)
    IWDG_Enable                              0x08001f89   Thumb Code    10  stm32f10x_iwdg.o(i.IWDG_Enable)
    IWDG_Feed                                0x08001f99   Thumb Code     8  bspiwdg.o(i.IWDG_Feed)
    IWDG_ReloadCounter                       0x08001fa1   Thumb Code    10  stm32f10x_iwdg.o(i.IWDG_ReloadCounter)
    IWDG_SetPrescaler                        0x08001fb1   Thumb Code     6  stm32f10x_iwdg.o(i.IWDG_SetPrescaler)
    IWDG_SetReload                           0x08001fbd   Thumb Code     6  stm32f10x_iwdg.o(i.IWDG_SetReload)
    IWDG_WriteAccessCmd                      0x08001fc9   Thumb Code     6  stm32f10x_iwdg.o(i.IWDG_WriteAccessCmd)
    IsAnyButtonPress                         0x08001fd5   Thumb Code   208  bspbutton.o(i.IsAnyButtonPress)
    LEDCtrl                                  0x080020a9   Thumb Code   106  bspled.o(i.LEDCtrl)
    MemManage_Handler                        0x08002119   Thumb Code     4  stm32f10x_it.o(i.MemManage_Handler)
    NMI_Handler                              0x0800211d   Thumb Code     2  stm32f10x_it.o(i.NMI_Handler)
    NVICConfigAll                            0x0800211f   Thumb Code    12  gpio.o(i.NVICConfigAll)
    NVIC_Init                                0x0800212d   Thumb Code   100  misc.o(i.NVIC_Init)
    NVIC_PriorityGroupConfig                 0x0800219d   Thumb Code    10  misc.o(i.NVIC_PriorityGroupConfig)
    OLEDConfig                               0x08002201   Thumb Code   218  bspoled.o(i.OLEDConfig)
    OLED_Clear                               0x080022e1   Thumb Code    62  bspoled.o(i.OLED_Clear)
    OLED_DataClear                           0x0800231f   Thumb Code    62  bspoled.o(i.OLED_DataClear)
    OLED_DrawBMP                             0x0800235d   Thumb Code   118  bspoled.o(i.OLED_DrawBMP)
    OLED_Set_Pos                             0x080023d3   Thumb Code    40  bspoled.o(i.OLED_Set_Pos)
    OLED_ShowCHinese16x16                    0x080023fb   Thumb Code    86  bspoled.o(i.OLED_ShowCHinese16x16)
    OLED_ShowChar                            0x08002451   Thumb Code   154  bspoled.o(i.OLED_ShowChar)
    OLED_ShowString                          0x080024f5   Thumb Code    58  bspoled.o(i.OLED_ShowString)
    OLED_WR_Byte                             0x0800252f   Thumb Code    24  bspoled.o(i.OLED_WR_Byte)
    PEC_Calculation                          0x08002547   Thumb Code   186  bspmlx90614.o(i.PEC_Calculation)
    PendSV_Handler                           0x08002601   Thumb Code     2  stm32f10x_it.o(i.PendSV_Handler)
    RCCConfigAll                             0x08002603   Thumb Code    60  gpio.o(i.RCCConfigAll)
    RCC_ADCCLKConfig                         0x08002641   Thumb Code    18  stm32f10x_rcc.o(i.RCC_ADCCLKConfig)
    RCC_AHBPeriphClockCmd                    0x08002659   Thumb Code    26  stm32f10x_rcc.o(i.RCC_AHBPeriphClockCmd)
    RCC_APB1PeriphClockCmd                   0x08002679   Thumb Code    26  stm32f10x_rcc.o(i.RCC_APB1PeriphClockCmd)
    RCC_APB2PeriphClockCmd                   0x08002699   Thumb Code    26  stm32f10x_rcc.o(i.RCC_APB2PeriphClockCmd)
    RCC_APB2PeriphResetCmd                   0x080026b9   Thumb Code    26  stm32f10x_rcc.o(i.RCC_APB2PeriphResetCmd)
    RCC_GetClocksFreq                        0x080026d9   Thumb Code   192  stm32f10x_rcc.o(i.RCC_GetClocksFreq)
    SMBus_Delay                              0x080027ad   Thumb Code    26  bspmlx90614.o(i.SMBus_Delay)
    SMBus_Init                               0x080027c9   Thumb Code    52  bspmlx90614.o(i.SMBus_Init)
    SMBus_ReadMemory                         0x08002801   Thumb Code   164  bspmlx90614.o(i.SMBus_ReadMemory)
    SMBus_ReadTemp                           0x080028a5   Thumb Code    54  bspmlx90614.o(i.SMBus_ReadTemp)
    SMBus_ReceiveBit                         0x080028e9   Thumb Code    68  bspmlx90614.o(i.SMBus_ReceiveBit)
    SMBus_ReceiveByte                        0x08002931   Thumb Code    50  bspmlx90614.o(i.SMBus_ReceiveByte)
    SMBus_SendBit                            0x08002965   Thumb Code    72  bspmlx90614.o(i.SMBus_SendBit)
    SMBus_SendByte                           0x080029b1   Thumb Code    56  bspmlx90614.o(i.SMBus_SendByte)
    SMBus_StartBit                           0x080029e9   Thumb Code    72  bspmlx90614.o(i.SMBus_StartBit)
    SMBus_StopBit                            0x08002a35   Thumb Code    66  bspmlx90614.o(i.SMBus_StopBit)
    SVC_Handler                              0x08002a7d   Thumb Code     2  stm32f10x_it.o(i.SVC_Handler)
    SofI2CInit                               0x08002b69   Thumb Code    10  bspi2c.o(i.SofI2CInit)
    SysTick_CLKSourceConfig                  0x08002b79   Thumb Code    40  misc.o(i.SysTick_CLKSourceConfig)
    SysTick_Handler                          0x08002ba1   Thumb Code     8  stm32f10x_it.o(i.SysTick_Handler)
    SysTick_Init                             0x08002ba9   Thumb Code    50  bspsystick.o(i.SysTick_Init)
    SystemInit                               0x08002bed   Thumb Code    78  system_stm32f10x.o(i.SystemInit)
    TIM2Config                               0x08002c4d   Thumb Code    68  bsptimer.o(i.TIM2Config)
    TIM2_IRQHandler                          0x08002c91   Thumb Code   108  stm32f10x_it.o(i.TIM2_IRQHandler)
    TIM3PWMConfig                            0x08002d05   Thumb Code   112  bsptimer.o(i.TIM3PWMConfig)
    TIM_ClearFlag                            0x08002d7d   Thumb Code     6  stm32f10x_tim.o(i.TIM_ClearFlag)
    TIM_Cmd                                  0x08002d83   Thumb Code    24  stm32f10x_tim.o(i.TIM_Cmd)
    TIM_ITConfig                             0x08002d9b   Thumb Code    18  stm32f10x_tim.o(i.TIM_ITConfig)
    TIM_OC4Init                              0x08002dad   Thumb Code   114  stm32f10x_tim.o(i.TIM_OC4Init)
    TIM_OC4PreloadConfig                     0x08002e29   Thumb Code    26  stm32f10x_tim.o(i.TIM_OC4PreloadConfig)
    TIM_TimeBaseInit                         0x08002e45   Thumb Code   122  stm32f10x_tim.o(i.TIM_TimeBaseInit)
    TimingDelay_Decrement                    0x08002ee9   Thumb Code    18  bspsystick.o(i.TimingDelay_Decrement)
    USART1Config                             0x08002f01   Thumb Code   122  bspusart.o(i.USART1Config)
    USART1_IRQHandler                        0x08002f85   Thumb Code    32  stm32f10x_it.o(i.USART1_IRQHandler)
    USART_Cmd                                0x08002fa9   Thumb Code    24  stm32f10x_usart.o(i.USART_Cmd)
    USART_GetITStatus                        0x08002fc1   Thumb Code    84  stm32f10x_usart.o(i.USART_GetITStatus)
    USART_ITConfig                           0x08003015   Thumb Code    74  stm32f10x_usart.o(i.USART_ITConfig)
    USART_Init                               0x08003061   Thumb Code   210  stm32f10x_usart.o(i.USART_Init)
    USART_ReceiveData                        0x08003139   Thumb Code    10  stm32f10x_usart.o(i.USART_ReceiveData)
    USART_SendData                           0x08003143   Thumb Code     8  stm32f10x_usart.o(i.USART_SendData)
    UsageFault_Handler                       0x0800314b   Thumb Code     4  stm32f10x_it.o(i.UsageFault_Handler)
    Write_IIC_Byte                           0x08003151   Thumb Code    90  bspoled.o(i.Write_IIC_Byte)
    Write_IIC_Command                        0x080031b1   Thumb Code    44  bspoled.o(i.Write_IIC_Command)
    Write_IIC_Data                           0x080031dd   Thumb Code    44  bspoled.o(i.Write_IIC_Data)
    __ARM_fpclassify                         0x08003209   Thumb Code    40  fpclassify.o(i.__ARM_fpclassify)
    _is_digit                                0x08003231   Thumb Code    14  __printf_wp.o(i._is_digit)
    _sys_exit                                0x0800323f   Thumb Code     4  bspusart.o(i._sys_exit)
    delay_ms                                 0x08003245   Thumb Code    72  bspsystick.o(i.delay_ms)
    delay_us                                 0x08003291   Thumb Code    72  bspsystick.o(i.delay_us)
    main                                     0x080032dd   Thumb Code    34  main.o(i.main)
    _get_lc_numeric                          0x08003305   Thumb Code    44  lc_numeric_c.o(locale$$code)
    __aeabi_d2f                              0x08003331   Thumb Code     0  d2f.o(x$fpl$d2f)
    _d2f                                     0x08003331   Thumb Code    98  d2f.o(x$fpl$d2f)
    __aeabi_dadd                             0x08003395   Thumb Code     0  daddsub_clz.o(x$fpl$dadd)
    _dadd                                    0x08003395   Thumb Code   332  daddsub_clz.o(x$fpl$dadd)
    __fpl_dcmp_Inf                           0x080034e5   Thumb Code    24  dcmpi.o(x$fpl$dcmpinf)
    __aeabi_ui2d                             0x080034fd   Thumb Code     0  dflt_clz.o(x$fpl$dfltu)
    _dfltu                                   0x080034fd   Thumb Code    38  dflt_clz.o(x$fpl$dfltu)
    __aeabi_cdcmple                          0x08003525   Thumb Code     0  dleqf.o(x$fpl$dleqf)
    _dcmple                                  0x08003525   Thumb Code   120  dleqf.o(x$fpl$dleqf)
    __fpl_dcmple_InfNaN                      0x08003587   Thumb Code     0  dleqf.o(x$fpl$dleqf)
    __aeabi_dmul                             0x0800359d   Thumb Code     0  dmul.o(x$fpl$dmul)
    _dmul                                    0x0800359d   Thumb Code   332  dmul.o(x$fpl$dmul)
    __fpl_dnaninf                            0x080036f1   Thumb Code   156  dnaninf.o(x$fpl$dnaninf)
    __fpl_dretinf                            0x0800378d   Thumb Code    12  dretinf.o(x$fpl$dretinf)
    __aeabi_cdrcmple                         0x08003799   Thumb Code     0  drleqf.o(x$fpl$drleqf)
    _drcmple                                 0x08003799   Thumb Code   108  drleqf.o(x$fpl$drleqf)
    __aeabi_dsub                             0x08003805   Thumb Code     0  daddsub_clz.o(x$fpl$dsub)
    _dsub                                    0x08003805   Thumb Code   464  daddsub_clz.o(x$fpl$dsub)
    __aeabi_f2d                              0x080039d9   Thumb Code     0  f2d.o(x$fpl$f2d)
    _f2d                                     0x080039d9   Thumb Code    86  f2d.o(x$fpl$f2d)
    __fpl_fcmp_Inf                           0x08003a2f   Thumb Code    24  fcmpi.o(x$fpl$fcmpinf)
    __aeabi_fdiv                             0x08003a49   Thumb Code     0  fdiv.o(x$fpl$fdiv)
    _fdiv                                    0x08003a49   Thumb Code   384  fdiv.o(x$fpl$fdiv)
    __aeabi_ui2f                             0x08003bcd   Thumb Code     0  fflt_clz.o(x$fpl$ffltu)
    _ffltu                                   0x08003bcd   Thumb Code    38  fflt_clz.o(x$fpl$ffltu)
    __aeabi_cfcmple                          0x08003bf5   Thumb Code     0  fleqf.o(x$fpl$fleqf)
    _fcmple                                  0x08003bf5   Thumb Code   104  fleqf.o(x$fpl$fleqf)
    __fpl_fcmple_InfNaN                      0x08003c47   Thumb Code     0  fleqf.o(x$fpl$fleqf)
    __aeabi_fmul                             0x08003c5d   Thumb Code     0  fmul.o(x$fpl$fmul)
    _fmul                                    0x08003c5d   Thumb Code   258  fmul.o(x$fpl$fmul)
    __fpl_fnaninf                            0x08003d5f   Thumb Code   140  fnaninf.o(x$fpl$fnaninf)
    __fpl_fretinf                            0x08003deb   Thumb Code    10  fretinf.o(x$fpl$fretinf)
    __aeabi_cfrcmple                         0x08003df5   Thumb Code     0  frleqf.o(x$fpl$frleqf)
    _frcmple                                 0x08003df5   Thumb Code    98  frleqf.o(x$fpl$frleqf)
    _printf_fp_dec                           0x08003e57   Thumb Code     4  printf1.o(x$fpl$printf1)
    F6x8                                     0x08003e5a   Data         552  bspoled.o(.constdata)
    __I$use$fp                               0x08003e5a   Number         0  usenofp.o(x$fpl$usenofp)
    F8X16                                    0x08004082   Data        1520  bspoled.o(.constdata)
    Region$$Table$$Base                      0x08004708   Number         0  anon$$obj.o(Region$$Table)
    Region$$Table$$Limit                     0x08004728   Number         0  anon$$obj.o(Region$$Table)
    SystemCoreClock                          0x20000000   Data           4  system_stm32f10x.o(.data)
    AHBPrescTable                            0x20000004   Data          16  system_stm32f10x.o(.data)
    Peacock                                  0x20000028   Data         512  main.o(.data)
    BMP1                                     0x20000228   Data         496  main.o(.data)
    SystemData                               0x20000420   Data           4  system.o(.data)
    TempCompany                              0x20000424   Data          32  system.o(.data)
    SofI2COLED                               0x20000444   Data          44  bspi2c.o(.data)
    i2c_1_dev1                               0x20000470   Data           8  bspi2c.o(.data)
    i2c_1_dev2                               0x20000478   Data           8  bspi2c.o(.data)
    SystemSta                                0x20000480   Data          32  system.o(.bss)
    ADC_ConvertedValue                       0x200004a0   Data          20  bspadc.o(.bss)
    __libspace_start                         0x200004b4   Data          96  libspace.o(.bss)
    __temporary_stack_top$libspace           0x20000514   Data           0  libspace.o(.bss)



==============================================================================

Memory Map of the image

  Image Entry point : 0x08000131

  Load Region LR_IROM1 (Base: 0x08000000, Size: 0x00004bc4, Max: 0x00010000, ABSOLUTE, COMPRESSED[0x000048a4])

    Execution Region ER_IROM1 (Exec base: 0x08000000, Load base: 0x08000000, Size: 0x00004744, Max: 0x00010000, ABSOLUTE)

    Exec Addr    Load Addr    Size         Type   Attr      Idx    E Section Name        Object

    0x08000000   0x08000000   0x00000130   Data   RO            3    RESET               startup_stm32f10x_hd.o
    0x08000130   0x08000130   0x00000008   Code   RO         2911  * !!!main             c_w.l(__main.o)
    0x08000138   0x08000138   0x00000034   Code   RO         3171    !!!scatter          c_w.l(__scatter.o)
    0x0800016c   0x0800016c   0x0000005a   Code   RO         3169    !!dczerorl2         c_w.l(__dczerorl2.o)
    0x080001c6   0x080001c6   0x00000002   PAD
    0x080001c8   0x080001c8   0x0000001c   Code   RO         3173    !!handler_zi        c_w.l(__scatter_zi.o)
    0x080001e4   0x080001e4   0x00000000   Code   RO         2906    .ARM.Collect$$_printf_percent$$00000000  c_w.l(_printf_percent.o)
    0x080001e4   0x080001e4   0x00000006   Code   RO         2905    .ARM.Collect$$_printf_percent$$00000003  c_w.l(_printf_f.o)
    0x080001ea   0x080001ea   0x00000004   Code   RO         2960    .ARM.Collect$$_printf_percent$$00000017  c_w.l(_printf_percent_end.o)
    0x080001ee   0x080001ee   0x00000002   Code   RO         3048    .ARM.Collect$$libinit$$00000000  c_w.l(libinit.o)
    0x080001f0   0x080001f0   0x00000000   Code   RO         3050    .ARM.Collect$$libinit$$00000002  c_w.l(libinit2.o)
    0x080001f0   0x080001f0   0x00000000   Code   RO         3052    .ARM.Collect$$libinit$$00000004  c_w.l(libinit2.o)
    0x080001f0   0x080001f0   0x00000000   Code   RO         3055    .ARM.Collect$$libinit$$0000000A  c_w.l(libinit2.o)
    0x080001f0   0x080001f0   0x00000000   Code   RO         3057    .ARM.Collect$$libinit$$0000000C  c_w.l(libinit2.o)
    0x080001f0   0x080001f0   0x00000000   Code   RO         3059    .ARM.Collect$$libinit$$0000000E  c_w.l(libinit2.o)
    0x080001f0   0x080001f0   0x00000006   Code   RO         3060    .ARM.Collect$$libinit$$0000000F  c_w.l(libinit2.o)
    0x080001f6   0x080001f6   0x00000000   Code   RO         3062    .ARM.Collect$$libinit$$00000011  c_w.l(libinit2.o)
    0x080001f6   0x080001f6   0x00000000   Code   RO         3064    .ARM.Collect$$libinit$$00000013  c_w.l(libinit2.o)
    0x080001f6   0x080001f6   0x00000000   Code   RO         3066    .ARM.Collect$$libinit$$00000015  c_w.l(libinit2.o)
    0x080001f6   0x080001f6   0x0000000a   Code   RO         3067    .ARM.Collect$$libinit$$00000016  c_w.l(libinit2.o)
    0x08000200   0x08000200   0x00000000   Code   RO         3068    .ARM.Collect$$libinit$$00000017  c_w.l(libinit2.o)
    0x08000200   0x08000200   0x00000000   Code   RO         3070    .ARM.Collect$$libinit$$00000019  c_w.l(libinit2.o)
    0x08000200   0x08000200   0x00000000   Code   RO         3072    .ARM.Collect$$libinit$$0000001B  c_w.l(libinit2.o)
    0x08000200   0x08000200   0x00000000   Code   RO         3074    .ARM.Collect$$libinit$$0000001D  c_w.l(libinit2.o)
    0x08000200   0x08000200   0x00000000   Code   RO         3076    .ARM.Collect$$libinit$$0000001F  c_w.l(libinit2.o)
    0x08000200   0x08000200   0x00000000   Code   RO         3078    .ARM.Collect$$libinit$$00000021  c_w.l(libinit2.o)
    0x08000200   0x08000200   0x00000000   Code   RO         3080    .ARM.Collect$$libinit$$00000023  c_w.l(libinit2.o)
    0x08000200   0x08000200   0x00000000   Code   RO         3082    .ARM.Collect$$libinit$$00000025  c_w.l(libinit2.o)
    0x08000200   0x08000200   0x00000000   Code   RO         3086    .ARM.Collect$$libinit$$0000002C  c_w.l(libinit2.o)
    0x08000200   0x08000200   0x00000000   Code   RO         3088    .ARM.Collect$$libinit$$0000002E  c_w.l(libinit2.o)
    0x08000200   0x08000200   0x00000000   Code   RO         3090    .ARM.Collect$$libinit$$00000030  c_w.l(libinit2.o)
    0x08000200   0x08000200   0x00000000   Code   RO         3092    .ARM.Collect$$libinit$$00000032  c_w.l(libinit2.o)
    0x08000200   0x08000200   0x00000002   Code   RO         3093    .ARM.Collect$$libinit$$00000033  c_w.l(libinit2.o)
    0x08000202   0x08000202   0x00000002   Code   RO         3121    .ARM.Collect$$libshutdown$$00000000  c_w.l(libshutdown.o)
    0x08000204   0x08000204   0x00000000   Code   RO         3130    .ARM.Collect$$libshutdown$$00000002  c_w.l(libshutdown2.o)
    0x08000204   0x08000204   0x00000000   Code   RO         3132    .ARM.Collect$$libshutdown$$00000004  c_w.l(libshutdown2.o)
    0x08000204   0x08000204   0x00000000   Code   RO         3135    .ARM.Collect$$libshutdown$$00000007  c_w.l(libshutdown2.o)
    0x08000204   0x08000204   0x00000000   Code   RO         3138    .ARM.Collect$$libshutdown$$0000000A  c_w.l(libshutdown2.o)
    0x08000204   0x08000204   0x00000000   Code   RO         3140    .ARM.Collect$$libshutdown$$0000000C  c_w.l(libshutdown2.o)
    0x08000204   0x08000204   0x00000000   Code   RO         3143    .ARM.Collect$$libshutdown$$0000000F  c_w.l(libshutdown2.o)
    0x08000204   0x08000204   0x00000002   Code   RO         3144    .ARM.Collect$$libshutdown$$00000010  c_w.l(libshutdown2.o)
    0x08000206   0x08000206   0x00000000   Code   RO         2953    .ARM.Collect$$rtentry$$00000000  c_w.l(__rtentry.o)
    0x08000206   0x08000206   0x00000000   Code   RO         2975    .ARM.Collect$$rtentry$$00000002  c_w.l(__rtentry2.o)
    0x08000206   0x08000206   0x00000006   Code   RO         2987    .ARM.Collect$$rtentry$$00000004  c_w.l(__rtentry4.o)
    0x0800020c   0x0800020c   0x00000000   Code   RO         2977    .ARM.Collect$$rtentry$$00000009  c_w.l(__rtentry2.o)
    0x0800020c   0x0800020c   0x00000004   Code   RO         2978    .ARM.Collect$$rtentry$$0000000A  c_w.l(__rtentry2.o)
    0x08000210   0x08000210   0x00000000   Code   RO         2980    .ARM.Collect$$rtentry$$0000000C  c_w.l(__rtentry2.o)
    0x08000210   0x08000210   0x00000008   Code   RO         2981    .ARM.Collect$$rtentry$$0000000D  c_w.l(__rtentry2.o)
    0x08000218   0x08000218   0x00000002   Code   RO         3094    .ARM.Collect$$rtexit$$00000000  c_w.l(rtexit.o)
    0x0800021a   0x0800021a   0x00000000   Code   RO         3101    .ARM.Collect$$rtexit$$00000002  c_w.l(rtexit2.o)
    0x0800021a   0x0800021a   0x00000004   Code   RO         3102    .ARM.Collect$$rtexit$$00000003  c_w.l(rtexit2.o)
    0x0800021e   0x0800021e   0x00000006   Code   RO         3103    .ARM.Collect$$rtexit$$00000004  c_w.l(rtexit2.o)
    0x08000224   0x08000224   0x00000040   Code   RO            4    .text               startup_stm32f10x_hd.o
    0x08000264   0x08000264   0x00000002   Code   RO         2877    .text               c_w.l(use_no_semi_2.o)
    0x08000266   0x08000266   0x00000002   PAD
    0x08000268   0x08000268   0x00000028   Code   RO         2881    .text               c_w.l(noretval__2sprintf.o)
    0x08000290   0x08000290   0x0000010e   Code   RO         2893    .text               c_w.l(__printf_wp.o)
    0x0800039e   0x0800039e   0x0000004e   Code   RO         2907    .text               c_w.l(rt_memclr_w.o)
    0x080003ec   0x080003ec   0x00000006   Code   RO         2909    .text               c_w.l(heapauxi.o)
    0x080003f2   0x080003f2   0x00000002   Code   RO         2951    .text               c_w.l(use_no_semi.o)
    0x080003f4   0x080003f4   0x0000041e   Code   RO         2954    .text               c_w.l(_printf_fp_dec.o)
    0x08000812   0x08000812   0x00000002   PAD
    0x08000814   0x08000814   0x00000030   Code   RO         2956    .text               c_w.l(_printf_char_common.o)
    0x08000844   0x08000844   0x0000000a   Code   RO         2958    .text               c_w.l(_sputc.o)
    0x0800084e   0x0800084e   0x00000002   PAD
    0x08000850   0x08000850   0x00000008   Code   RO         2992    .text               c_w.l(rt_locale_intlibspace.o)
    0x08000858   0x08000858   0x0000008a   Code   RO         2994    .text               c_w.l(lludiv10.o)
    0x080008e2   0x080008e2   0x00000002   PAD
    0x080008e4   0x080008e4   0x00000080   Code   RO         2996    .text               c_w.l(_printf_fp_infnan.o)
    0x08000964   0x08000964   0x000000e4   Code   RO         3000    .text               c_w.l(bigflt0.o)
    0x08000a48   0x08000a48   0x00000008   Code   RO         3034    .text               c_w.l(libspace.o)
    0x08000a50   0x08000a50   0x0000004a   Code   RO         3037    .text               c_w.l(sys_stackheap_outer.o)
    0x08000a9a   0x08000a9a   0x00000012   Code   RO         3039    .text               c_w.l(exit.o)
    0x08000aac   0x08000aac   0x00000080   Code   RO         3041    .text               c_w.l(strcmpv7m.o)
    0x08000b2c   0x08000b2c   0x0000003e   Code   RO         3003    CL$$btod_d2e        c_w.l(btod.o)
    0x08000b6a   0x08000b6a   0x00000046   Code   RO         3005    CL$$btod_d2e_denorm_low  c_w.l(btod.o)
    0x08000bb0   0x08000bb0   0x00000060   Code   RO         3004    CL$$btod_d2e_norm_op1  c_w.l(btod.o)
    0x08000c10   0x08000c10   0x00000338   Code   RO         3013    CL$$btod_div_common  c_w.l(btod.o)
    0x08000f48   0x08000f48   0x000000dc   Code   RO         3010    CL$$btod_e2e        c_w.l(btod.o)
    0x08001024   0x08001024   0x0000002a   Code   RO         3007    CL$$btod_ediv       c_w.l(btod.o)
    0x0800104e   0x0800104e   0x0000002a   Code   RO         3006    CL$$btod_emul       c_w.l(btod.o)
    0x08001078   0x08001078   0x00000244   Code   RO         3012    CL$$btod_mult_common  c_w.l(btod.o)
    0x080012bc   0x080012bc   0x0000000c   Code   RO         2618    i.ADCConfig         bspadc.o
    0x080012c8   0x080012c8   0x00000054   Code   RO         2619    i.ADCDMAConfig      bspadc.o
    0x0800131c   0x0800131c   0x00000016   Code   RO          183    i.ADC_Cmd           stm32f10x_adc.o
    0x08001332   0x08001332   0x00000002   PAD
    0x08001334   0x08001334   0x0000005c   Code   RO          185    i.ADC_DeInit        stm32f10x_adc.o
    0x08001390   0x08001390   0x00000014   Code   RO          191    i.ADC_GetCalibrationStatus  stm32f10x_adc.o
    0x080013a4   0x080013a4   0x00000008   Code   RO          192    i.ADC_GetConversionValue  stm32f10x_adc.o
    0x080013ac   0x080013ac   0x00000012   Code   RO          194    i.ADC_GetFlagStatus  stm32f10x_adc.o
    0x080013be   0x080013be   0x00000014   Code   RO          197    i.ADC_GetResetCalibrationStatus  stm32f10x_adc.o
    0x080013d2   0x080013d2   0x00000002   PAD
    0x080013d4   0x080013d4   0x00000050   Code   RO          201    i.ADC_Init          stm32f10x_adc.o
    0x08001424   0x08001424   0x000000b8   Code   RO          205    i.ADC_RegularChannelConfig  stm32f10x_adc.o
    0x080014dc   0x080014dc   0x0000000a   Code   RO          206    i.ADC_ResetCalibration  stm32f10x_adc.o
    0x080014e6   0x080014e6   0x00000016   Code   RO          208    i.ADC_SoftwareStartConvCmd  stm32f10x_adc.o
    0x080014fc   0x080014fc   0x0000000a   Code   RO          210    i.ADC_StartCalibration  stm32f10x_adc.o
    0x08001506   0x08001506   0x00000002   PAD
    0x08001508   0x08001508   0x0000002c   Code   RO         2620    i.ADCxGPIOConfig    bspadc.o
    0x08001534   0x08001534   0x00000074   Code   RO         2621    i.ADCxModeConfig    bspadc.o
    0x080015a8   0x080015a8   0x0000003a   Code   RO         2185    i.BspInit           main.o
    0x080015e2   0x080015e2   0x00000004   Code   RO         2106    i.BusFault_Handler  stm32f10x_it.o
    0x080015e6   0x080015e6   0x00000002   PAD
    0x080015e8   0x080015e8   0x00000410   Code   RO         2566    i.ButtonTask        system.o
    0x080019f8   0x080019f8   0x0000000c   Code   RO         2567    i.BuzzerVoiceRegulation  system.o
    0x08001a04   0x08001a04   0x00000018   Code   RO         1743    i.DMA_Cmd           stm32f10x_dma.o
    0x08001a1c   0x08001a1c   0x0000014c   Code   RO         1744    i.DMA_DeInit        stm32f10x_dma.o
    0x08001b68   0x08001b68   0x0000003c   Code   RO         1749    i.DMA_Init          stm32f10x_dma.o
    0x08001ba4   0x08001ba4   0x00000002   Code   RO         2107    i.DebugMon_Handler  stm32f10x_it.o
    0x08001ba6   0x08001ba6   0x00000002   PAD
    0x08001ba8   0x08001ba8   0x00000078   Code   RO         2048    i.GPIOConfigAll     gpio.o
    0x08001c20   0x08001c20   0x00000116   Code   RO          459    i.GPIO_Init         stm32f10x_gpio.o
    0x08001d36   0x08001d36   0x00000002   PAD
    0x08001d38   0x08001d38   0x00000090   Code   RO          461    i.GPIO_PinRemapConfig  stm32f10x_gpio.o
    0x08001dc8   0x08001dc8   0x00000012   Code   RO          463    i.GPIO_ReadInputDataBit  stm32f10x_gpio.o
    0x08001dda   0x08001dda   0x00000004   Code   RO          466    i.GPIO_ResetBits    stm32f10x_gpio.o
    0x08001dde   0x08001dde   0x00000004   Code   RO          467    i.GPIO_SetBits      stm32f10x_gpio.o
    0x08001de2   0x08001de2   0x0000000a   Code   RO          470    i.GPIO_WriteBit     stm32f10x_gpio.o
    0x08001dec   0x08001dec   0x00000034   Code   RO         2622    i.GetAdc            bspadc.o
    0x08001e20   0x08001e20   0x0000002e   Code   RO         2623    i.GetAdcAverage     bspadc.o
    0x08001e4e   0x08001e4e   0x00000002   PAD
    0x08001e50   0x08001e50   0x00000038   Code   RO         2624    i.GetVoltageValue   bspadc.o
    0x08001e88   0x08001e88   0x00000004   Code   RO         2108    i.HardFault_Handler  stm32f10x_it.o
    0x08001e8c   0x08001e8c   0x00000002   Code   RO         2734    i.I2CDelayUs        bspi2c.o
    0x08001e8e   0x08001e8e   0x00000062   Code   RO         2737    i.I2CGPIOConfig     bspi2c.o
    0x08001ef0   0x08001ef0   0x00000030   Code   RO         2302    i.IIC_Start         bspoled.o
    0x08001f20   0x08001f20   0x00000028   Code   RO         2303    i.IIC_Stop          bspoled.o
    0x08001f48   0x08001f48   0x0000001c   Code   RO         2304    i.IIC_Wait_Ack      bspoled.o
    0x08001f64   0x08001f64   0x00000024   Code   RO         2596    i.IWDGConfig        bspiwdg.o
    0x08001f88   0x08001f88   0x00000010   Code   RO         1699    i.IWDG_Enable       stm32f10x_iwdg.o
    0x08001f98   0x08001f98   0x00000008   Code   RO         2597    i.IWDG_Feed         bspiwdg.o
    0x08001fa0   0x08001fa0   0x00000010   Code   RO         1701    i.IWDG_ReloadCounter  stm32f10x_iwdg.o
    0x08001fb0   0x08001fb0   0x0000000c   Code   RO         1702    i.IWDG_SetPrescaler  stm32f10x_iwdg.o
    0x08001fbc   0x08001fbc   0x0000000c   Code   RO         1703    i.IWDG_SetReload    stm32f10x_iwdg.o
    0x08001fc8   0x08001fc8   0x0000000c   Code   RO         1704    i.IWDG_WriteAccessCmd  stm32f10x_iwdg.o
    0x08001fd4   0x08001fd4   0x000000d4   Code   RO         2220    i.IsAnyButtonPress  bspbutton.o
    0x080020a8   0x080020a8   0x00000070   Code   RO         2831    i.LEDCtrl           bspled.o
    0x08002118   0x08002118   0x00000004   Code   RO         2109    i.MemManage_Handler  stm32f10x_it.o
    0x0800211c   0x0800211c   0x00000002   Code   RO         2110    i.NMI_Handler       stm32f10x_it.o
    0x0800211e   0x0800211e   0x0000000c   Code   RO         2049    i.NVICConfigAll     gpio.o
    0x0800212a   0x0800212a   0x00000002   PAD
    0x0800212c   0x0800212c   0x00000070   Code   RO          137    i.NVIC_Init         misc.o
    0x0800219c   0x0800219c   0x00000014   Code   RO          138    i.NVIC_PriorityGroupConfig  misc.o
    0x080021b0   0x080021b0   0x0000002a   Code   RO         2051    i.NVIC_TIMER2       gpio.o
    0x080021da   0x080021da   0x00000026   Code   RO         2052    i.NVIC_USART1       gpio.o
    0x08002200   0x08002200   0x000000e0   Code   RO         2305    i.OLEDConfig        bspoled.o
    0x080022e0   0x080022e0   0x0000003e   Code   RO         2306    i.OLED_Clear        bspoled.o
    0x0800231e   0x0800231e   0x0000003e   Code   RO         2307    i.OLED_DataClear    bspoled.o
    0x0800235c   0x0800235c   0x00000076   Code   RO         2310    i.OLED_DrawBMP      bspoled.o
    0x080023d2   0x080023d2   0x00000028   Code   RO         2312    i.OLED_Set_Pos      bspoled.o
    0x080023fa   0x080023fa   0x00000056   Code   RO         2313    i.OLED_ShowCHinese16x16  bspoled.o
    0x08002450   0x08002450   0x000000a4   Code   RO         2314    i.OLED_ShowChar     bspoled.o
    0x080024f4   0x080024f4   0x0000003a   Code   RO         2316    i.OLED_ShowString   bspoled.o
    0x0800252e   0x0800252e   0x00000018   Code   RO         2317    i.OLED_WR_Byte      bspoled.o
    0x08002546   0x08002546   0x000000ba   Code   RO         2490    i.PEC_Calculation   bspmlx90614.o
    0x08002600   0x08002600   0x00000002   Code   RO         2111    i.PendSV_Handler    stm32f10x_it.o
    0x08002602   0x08002602   0x0000003c   Code   RO         2053    i.RCCConfigAll      gpio.o
    0x0800263e   0x0800263e   0x00000002   PAD
    0x08002640   0x08002640   0x00000018   Code   RO          771    i.RCC_ADCCLKConfig  stm32f10x_rcc.o
    0x08002658   0x08002658   0x00000020   Code   RO          772    i.RCC_AHBPeriphClockCmd  stm32f10x_rcc.o
    0x08002678   0x08002678   0x00000020   Code   RO          773    i.RCC_APB1PeriphClockCmd  stm32f10x_rcc.o
    0x08002698   0x08002698   0x00000020   Code   RO          775    i.RCC_APB2PeriphClockCmd  stm32f10x_rcc.o
    0x080026b8   0x080026b8   0x00000020   Code   RO          776    i.RCC_APB2PeriphResetCmd  stm32f10x_rcc.o
    0x080026d8   0x080026d8   0x000000d4   Code   RO          783    i.RCC_GetClocksFreq  stm32f10x_rcc.o
    0x080027ac   0x080027ac   0x0000001a   Code   RO         2491    i.SMBus_Delay       bspmlx90614.o
    0x080027c6   0x080027c6   0x00000002   PAD
    0x080027c8   0x080027c8   0x00000038   Code   RO         2492    i.SMBus_Init        bspmlx90614.o
    0x08002800   0x08002800   0x000000a4   Code   RO         2493    i.SMBus_ReadMemory  bspmlx90614.o
    0x080028a4   0x080028a4   0x00000044   Code   RO         2494    i.SMBus_ReadTemp    bspmlx90614.o
    0x080028e8   0x080028e8   0x00000048   Code   RO         2495    i.SMBus_ReceiveBit  bspmlx90614.o
    0x08002930   0x08002930   0x00000032   Code   RO         2496    i.SMBus_ReceiveByte  bspmlx90614.o
    0x08002962   0x08002962   0x00000002   PAD
    0x08002964   0x08002964   0x0000004c   Code   RO         2497    i.SMBus_SendBit     bspmlx90614.o
    0x080029b0   0x080029b0   0x00000038   Code   RO         2498    i.SMBus_SendByte    bspmlx90614.o
    0x080029e8   0x080029e8   0x0000004c   Code   RO         2499    i.SMBus_StartBit    bspmlx90614.o
    0x08002a34   0x08002a34   0x00000048   Code   RO         2500    i.SMBus_StopBit     bspmlx90614.o
    0x08002a7c   0x08002a7c   0x00000002   Code   RO         2112    i.SVC_Handler       stm32f10x_it.o
    0x08002a7e   0x08002a7e   0x00000008   Code   RO           24    i.SetSysClock       system_stm32f10x.o
    0x08002a86   0x08002a86   0x00000002   PAD
    0x08002a88   0x08002a88   0x000000e0   Code   RO           25    i.SetSysClockTo72   system_stm32f10x.o
    0x08002b68   0x08002b68   0x00000010   Code   RO         2746    i.SofI2CInit        bspi2c.o
    0x08002b78   0x08002b78   0x00000028   Code   RO          141    i.SysTick_CLKSourceConfig  misc.o
    0x08002ba0   0x08002ba0   0x00000008   Code   RO         2113    i.SysTick_Handler   stm32f10x_it.o
    0x08002ba8   0x08002ba8   0x00000044   Code   RO         2454    i.SysTick_Init      bspsystick.o
    0x08002bec   0x08002bec   0x00000060   Code   RO           27    i.SystemInit        system_stm32f10x.o
    0x08002c4c   0x08002c4c   0x00000044   Code   RO         2278    i.TIM2Config        bsptimer.o
    0x08002c90   0x08002c90   0x00000074   Code   RO         2114    i.TIM2_IRQHandler   stm32f10x_it.o
    0x08002d04   0x08002d04   0x00000078   Code   RO         2279    i.TIM3PWMConfig     bsptimer.o
    0x08002d7c   0x08002d7c   0x00000006   Code   RO          981    i.TIM_ClearFlag     stm32f10x_tim.o
    0x08002d82   0x08002d82   0x00000018   Code   RO          987    i.TIM_Cmd           stm32f10x_tim.o
    0x08002d9a   0x08002d9a   0x00000012   Code   RO         1012    i.TIM_ITConfig      stm32f10x_tim.o
    0x08002dac   0x08002dac   0x0000007c   Code   RO         1031    i.TIM_OC4Init       stm32f10x_tim.o
    0x08002e28   0x08002e28   0x0000001a   Code   RO         1033    i.TIM_OC4PreloadConfig  stm32f10x_tim.o
    0x08002e42   0x08002e42   0x00000002   PAD
    0x08002e44   0x08002e44   0x000000a4   Code   RO         1058    i.TIM_TimeBaseInit  stm32f10x_tim.o
    0x08002ee8   0x08002ee8   0x00000018   Code   RO         2455    i.TimingDelay_Decrement  bspsystick.o
    0x08002f00   0x08002f00   0x00000084   Code   RO         2236    i.USART1Config      bspusart.o
    0x08002f84   0x08002f84   0x00000024   Code   RO         2115    i.USART1_IRQHandler  stm32f10x_it.o
    0x08002fa8   0x08002fa8   0x00000018   Code   RO         1523    i.USART_Cmd         stm32f10x_usart.o
    0x08002fc0   0x08002fc0   0x00000054   Code   RO         1527    i.USART_GetITStatus  stm32f10x_usart.o
    0x08003014   0x08003014   0x0000004a   Code   RO         1529    i.USART_ITConfig    stm32f10x_usart.o
    0x0800305e   0x0800305e   0x00000002   PAD
    0x08003060   0x08003060   0x000000d8   Code   RO         1530    i.USART_Init        stm32f10x_usart.o
    0x08003138   0x08003138   0x0000000a   Code   RO         1537    i.USART_ReceiveData  stm32f10x_usart.o
    0x08003142   0x08003142   0x00000008   Code   RO         1540    i.USART_SendData    stm32f10x_usart.o
    0x0800314a   0x0800314a   0x00000004   Code   RO         2116    i.UsageFault_Handler  stm32f10x_it.o
    0x0800314e   0x0800314e   0x00000002   PAD
    0x08003150   0x08003150   0x00000060   Code   RO         2318    i.Write_IIC_Byte    bspoled.o
    0x080031b0   0x080031b0   0x0000002c   Code   RO         2319    i.Write_IIC_Command  bspoled.o
    0x080031dc   0x080031dc   0x0000002c   Code   RO         2320    i.Write_IIC_Data    bspoled.o
    0x08003208   0x08003208   0x00000028   Code   RO         3032    i.__ARM_fpclassify  m_ws.l(fpclassify.o)
    0x08003230   0x08003230   0x0000000e   Code   RO         2895    i._is_digit         c_w.l(__printf_wp.o)
    0x0800323e   0x0800323e   0x00000004   Code   RO         2237    i._sys_exit         bspusart.o
    0x08003242   0x08003242   0x00000002   PAD
    0x08003244   0x08003244   0x0000004c   Code   RO         2456    i.delay_ms          bspsystick.o
    0x08003290   0x08003290   0x0000004c   Code   RO         2457    i.delay_us          bspsystick.o
    0x080032dc   0x080032dc   0x00000028   Code   RO         2186    i.main              main.o
    0x08003304   0x08003304   0x0000002c   Code   RO         3026    locale$$code        c_w.l(lc_numeric_c.o)
    0x08003330   0x08003330   0x00000062   Code   RO         2913    x$fpl$d2f           fz_ws.l(d2f.o)
    0x08003392   0x08003392   0x00000002   PAD
    0x08003394   0x08003394   0x00000150   Code   RO         2915    x$fpl$dadd          fz_ws.l(daddsub_clz.o)
    0x080034e4   0x080034e4   0x00000018   Code   RO         2961    x$fpl$dcmpinf       fz_ws.l(dcmpi.o)
    0x080034fc   0x080034fc   0x00000026   Code   RO         2921    x$fpl$dfltu         fz_ws.l(dflt_clz.o)
    0x08003522   0x08003522   0x00000002   PAD
    0x08003524   0x08003524   0x00000078   Code   RO         2927    x$fpl$dleqf         fz_ws.l(dleqf.o)
    0x0800359c   0x0800359c   0x00000154   Code   RO         2929    x$fpl$dmul          fz_ws.l(dmul.o)
    0x080036f0   0x080036f0   0x0000009c   Code   RO         2963    x$fpl$dnaninf       fz_ws.l(dnaninf.o)
    0x0800378c   0x0800378c   0x0000000c   Code   RO         2965    x$fpl$dretinf       fz_ws.l(dretinf.o)
    0x08003798   0x08003798   0x0000006c   Code   RO         2931    x$fpl$drleqf        fz_ws.l(drleqf.o)
    0x08003804   0x08003804   0x000001d4   Code   RO         2917    x$fpl$dsub          fz_ws.l(daddsub_clz.o)
    0x080039d8   0x080039d8   0x00000056   Code   RO         2933    x$fpl$f2d           fz_ws.l(f2d.o)
    0x08003a2e   0x08003a2e   0x00000018   Code   RO         3028    x$fpl$fcmpinf       fz_ws.l(fcmpi.o)
    0x08003a46   0x08003a46   0x00000002   PAD
    0x08003a48   0x08003a48   0x00000184   Code   RO         2936    x$fpl$fdiv          fz_ws.l(fdiv.o)
    0x08003bcc   0x08003bcc   0x00000026   Code   RO         2939    x$fpl$ffltu         fz_ws.l(fflt_clz.o)
    0x08003bf2   0x08003bf2   0x00000002   PAD
    0x08003bf4   0x08003bf4   0x00000068   Code   RO         2967    x$fpl$fleqf         fz_ws.l(fleqf.o)
    0x08003c5c   0x08003c5c   0x00000102   Code   RO         2945    x$fpl$fmul          fz_ws.l(fmul.o)
    0x08003d5e   0x08003d5e   0x0000008c   Code   RO         2969    x$fpl$fnaninf       fz_ws.l(fnaninf.o)
    0x08003dea   0x08003dea   0x0000000a   Code   RO         2971    x$fpl$fretinf       fz_ws.l(fretinf.o)
    0x08003df4   0x08003df4   0x00000062   Code   RO         2947    x$fpl$frleqf        fz_ws.l(frleqf.o)
    0x08003e56   0x08003e56   0x00000004   Code   RO         2949    x$fpl$printf1       fz_ws.l(printf1.o)
    0x08003e5a   0x08003e5a   0x00000000   Code   RO         2973    x$fpl$usenofp       fz_ws.l(usenofp.o)
    0x08003e5a   0x08003e5a   0x00000818   Data   RO         2323    .constdata          bspoled.o
    0x08004672   0x08004672   0x00000002   PAD
    0x08004674   0x08004674   0x00000094   Data   RO         3001    .constdata          c_w.l(bigflt0.o)
    0x08004708   0x08004708   0x00000020   Data   RO         3167    Region$$Table       anon$$obj.o
    0x08004728   0x08004728   0x0000001c   Data   RO         3025    locale$$data        c_w.l(lc_numeric_c.o)


    Execution Region RW_IRAM1 (Exec base: 0x20000000, Load base: 0x08004744, Size: 0x00000b18, Max: 0x00005000, ABSOLUTE, COMPRESSED[0x00000160])

    Exec Addr    Load Addr    Size         Type   Attr      Idx    E Section Name        Object

    0x20000000   COMPRESSED   0x00000014   Data   RW           28    .data               system_stm32f10x.o
    0x20000014   COMPRESSED   0x00000014   Data   RW          803    .data               stm32f10x_rcc.o
    0x20000028   COMPRESSED   0x000003f0   Data   RW         2187    .data               main.o
    0x20000418   COMPRESSED   0x00000008   Data   RW         2458    .data               bspsystick.o
    0x20000420   COMPRESSED   0x00000024   Data   RW         2569    .data               system.o
    0x20000444   COMPRESSED   0x0000003c   Data   RW         2747    .data               bspi2c.o
    0x20000480        -       0x00000020   Zero   RW         2568    .bss                system.o
    0x200004a0        -       0x00000014   Zero   RW         2625    .bss                bspadc.o
    0x200004b4        -       0x00000060   Zero   RW         3035    .bss                c_w.l(libspace.o)
    0x20000514   COMPRESSED   0x00000004   PAD
    0x20000518        -       0x00000200   Zero   RW            2    HEAP                startup_stm32f10x_hd.o
    0x20000718        -       0x00000400   Zero   RW            1    STACK               startup_stm32f10x_hd.o


==============================================================================

Image component sizes


      Code (inc. data)   RO Data    RW Data    ZI Data      Debug   Object Name

       410         36          0          0         20       4785   bspadc.o
       212          4          0          0          0        743   bspbutton.o
       116          6          0         60          0       2737   bspi2c.o
        44          0          0          0          0       1077   bspiwdg.o
       112          6          0          0          0        626   bspled.o
       902         36          0          0          0       7482   bspmlx90614.o
      1138         36       2072          0          0      10719   bspoled.o
       244         32          0          8          0       2865   bspsystick.o
       188          8          0          0          0       1237   bsptimer.o
       136         10          0          0          0       1135   bspusart.o
         0          0          0          0          0       4508   core_cm3.o
       272         14          0          0          0       6981   gpio.o
        98          6          0       1008          0       1606   main.o
       172         22          0          0          0       2217   misc.o
        64         26        304          0       1536        888   startup_stm32f10x_hd.o
       486         24          0          0          0       8858   stm32f10x_adc.o
       416          8          0          0          0       3582   stm32f10x_dma.o
       458          6          0          0          0       5266   stm32f10x_gpio.o
       184         12          0          0          0       5428   stm32f10x_it.o
        68         30          0          0          0       2530   stm32f10x_iwdg.o
       364         50          0         20          0       6330   stm32f10x_rcc.o
       362         52          0          0          0       4329   stm32f10x_tim.o
       416          6          0          0          0       5727   stm32f10x_usart.o
      1052        112          0         36         32       7053   system.o
       328         28          0         20          0     268485   system_stm32f10x.o

    ----------------------------------------------------------------------
      8274        570       2410       1152       1588     367194   Object Totals
         0          0         32          0          0          0   (incl. Generated)
        32          0          2          0          0          0   (incl. Padding)

    ----------------------------------------------------------------------

      Code (inc. data)   RO Data    RW Data    ZI Data      Debug   Library Member Name

        90          0          0          0          0          0   __dczerorl2.o
         8          0          0          0          0         68   __main.o
       284          0          0          0          0        156   __printf_wp.o
         0          0          0          0          0          0   __rtentry.o
        12          0          0          0          0          0   __rtentry2.o
         6          0          0          0          0          0   __rtentry4.o
        52          8          0          0          0          0   __scatter.o
        28          0          0          0          0          0   __scatter_zi.o
        48          6          0          0          0         96   _printf_char_common.o
         6          0          0          0          0          0   _printf_f.o
      1054          0          0          0          0        216   _printf_fp_dec.o
       128         16          0          0          0         84   _printf_fp_infnan.o
         0          0          0          0          0          0   _printf_percent.o
         4          0          0          0          0          0   _printf_percent_end.o
        10          0          0          0          0         68   _sputc.o
       228          4        148          0          0         96   bigflt0.o
      1936        128          0          0          0        672   btod.o
        18          0          0          0          0         80   exit.o
         6          0          0          0          0        152   heapauxi.o
        44         10         28          0          0         76   lc_numeric_c.o
         2          0          0          0          0          0   libinit.o
        18          0          0          0          0          0   libinit2.o
         2          0          0          0          0          0   libshutdown.o
         2          0          0          0          0          0   libshutdown2.o
         8          4          0          0         96         68   libspace.o
       138          0          0          0          0         80   lludiv10.o
        40          6          0          0          0         84   noretval__2sprintf.o
         8          4          0          0          0         68   rt_locale_intlibspace.o
        78          0          0          0          0         80   rt_memclr_w.o
         2          0          0          0          0          0   rtexit.o
        10          0          0          0          0          0   rtexit2.o
       128          0          0          0          0         68   strcmpv7m.o
        74          0          0          0          0         80   sys_stackheap_outer.o
         2          0          0          0          0         68   use_no_semi.o
         2          0          0          0          0         68   use_no_semi_2.o
        98          4          0          0          0         92   d2f.o
       804         16          0          0          0        272   daddsub_clz.o
        24          0          0          0          0         68   dcmpi.o
        38          0          0          0          0         68   dflt_clz.o
       120          4          0          0          0         92   dleqf.o
       340         12          0          0          0        104   dmul.o
       156          4          0          0          0         92   dnaninf.o
        12          0          0          0          0         68   dretinf.o
       108          0          0          0          0         80   drleqf.o
        86          4          0          0          0         84   f2d.o
        24          0          0          0          0         68   fcmpi.o
       388         76          0          0          0         96   fdiv.o
        38          0          0          0          0         68   fflt_clz.o
       104          4          0          0          0         84   fleqf.o
       258          4          0          0          0         84   fmul.o
       140          4          0          0          0         84   fnaninf.o
        10          0          0          0          0         68   fretinf.o
        98          0          0          0          0         68   frleqf.o
         4          0          0          0          0         68   printf1.o
         0          0          0          0          0          0   usenofp.o
        40          0          0          0          0         68   fpclassify.o

    ----------------------------------------------------------------------
      7384        318        176          0        100       4204   Library Totals
        18          0          0          0          4          0   (incl. Padding)

    ----------------------------------------------------------------------

      Code (inc. data)   RO Data    RW Data    ZI Data      Debug   Library Name

      4476        186        176          0         96       2428   c_w.l
      2850        132          0          0          0       1708   fz_ws.l
        40          0          0          0          0         68   m_ws.l

    ----------------------------------------------------------------------
      7384        318        176          0        100       4204   Library Totals

    ----------------------------------------------------------------------

==============================================================================


      Code (inc. data)   RO Data    RW Data    ZI Data      Debug   

     15658        888       2586       1152       1688     363178   Grand Totals
     15658        888       2586        352       1688     363178   ELF Image Totals (compressed)
     15658        888       2586        352          0          0   ROM Totals

==============================================================================

    Total RO  Size (Code + RO Data)                18244 (  17.82kB)
    Total RW  Size (RW Data + ZI Data)              2840 (   2.77kB)
    Total ROM Size (Code + RO Data + RW Data)      18596 (  18.16kB)

==============================================================================

